JobOptionsSvc        INFO 


// --> Including file $CALRECONROOT/src/test/common.txt



// event loop
ApplicationMgr.DLLs += { "GlastSvc" } ;
ApplicationMgr.ExtSvc = { "GlastEventSelector/EventSelector" } ;
EventSelector.Input = "NONE" ;
ApplicationMgr.ExtSvc += { "EventCnvSvc" } ;
EventPersistencySvc.CnvServices = { "EventCnvSvc" } ;
ApplicationMgr.EvtMax = 20 ;

// geometry
ApplicationMgr.DLLs += { "G4Generator","G4Propagator", "TkrUtil", "CalUtil" } ;
ApplicationMgr.ExtSvc += { "GlastDetSvc", "G4GeometrySvc" } ;
GlastDetSvc.topVolume = "LAT" ; 
GlastDetSvc.xmlfile = "$(XMLGEODBSROOT)/xml/flight/flightSegVols.xml" ;
GlastDetSvc.visitorMode = "recon" ;

// calibration services
ApplicationMgr.DLLs +={ "CalibSvc" } ;
ApplicationMgr.ExtSvc += {"CalibDataSvc"} ;
ApplicationMgr.ExtSvc += {"CalibMySQLCnvSvc", "CalibXmlCnvSvc" } ;
DetectorPersistencySvc.CnvServices += { "CalibMySQLCnvSvc" } ;
DetectorPersistencySvc.CnvServices += { "CalibXmlCnvSvc" } ;
CalibDataSvc.CalibInstrumentName = "LAT" ;
CalibDataSvc.CalibStorageType = 14 ; // Mysql
CalibDataSvc.CalibRootName = "Calib" ;
CalibDataSvc.CalibFlavorList = {"ideal"} ;
ApplicationMgr.Dlls += {"CalXtalResponse"} ;
ApplicationMgr.ExtSvc += {"CalCalibSvc"} ;
CalCalibSvc.DefaultFlavor  = "ideal" ;

// algorithms skeleton
ApplicationMgr.DLLs += { "GaudiAlg", "RootIo", "CalRecon" } ;
ApplicationMgr.TopAlg = { "PropertiesCheckAlg" } ;  
ApplicationMgr.TopAlg += { "TkrCalibAlg" } ;
ApplicationMgr.TopAlg += { "Sequencer/Simulation" } ;
ApplicationMgr.TopAlg += { "Sequencer/Reconstruction" } ;
ApplicationMgr.TopAlg += { "test_CalRecon" } ;
MessageSvc.OutputLevel = 3 ;


// <-- End of including file $CALRECONROOT/src/test/common.txt

// --> Including file $CALRECONROOT/src/test/simulation.txt



// flux svc
ApplicationMgr.DLLs   += { "FluxSvc" } ; 
ApplicationMgr.ExtSvc += { "FluxSvc" } ;
ApplicationMgr.ExtSvc += { "ParticlePropertySvc" } ;
FluxSvc.source_lib = { "$(FLUXROOT)/xml/source_library.xml" } ;
FluxSvc.source_lib += { "$(G4GENERATORROOT)/src/test/test_sources.xml"};
FluxSvc.source_lib += { "$CALRECONROOT/xml/source_library.xml" } ;
ApplicationMgr.Runable = "FluxSvc" ;

// generation
ApplicationMgr.ExtSvc += { "GlastRandomSvc" } ;
Simulation.Members += { "FluxAlg", "G4Generator", "ExposureAlg" } ;
PropertiesCheckAlg.targets += { "FluxAlg", "G4Generator", "ExposureAlg" } ;
FluxAlg.source_name = "gamma_5_gev_normal" ;
G4Generator.defaultCutValue = 0.7 ; 
G4Generator.defaultTkrCutValue = 0.1 ;
G4Generator.defaultCalCutValue = 0.7 ;

// digitization
ApplicationMgr.Dlls += {"CalXtalResponse"} ;
ApplicationMgr.ExtSvc += {"CalCalibSvc"} ;
CalCalibSvc.DefaultFlavor  = "ideal" ;
ApplicationMgr.DLLs += { "TkrDigi", "CalDigi", "AcdDigi" } ;
Simulation.Members += { "TkrDigiAlg", "CalDigiAlg", "AcdDigiAlg" } ;
PropertiesCheckAlg.targets += { "TkrDigiAlg", "CalDigiAlg", "AcdDigiAlg" } ;


// <-- End of including file $CALRECONROOT/src/test/simulation.txt

// --> Including file $CALRECONROOT/src/test/reconstruction.txt



// Reconstruction
ApplicationMgr.DLLs += { "CalRecon", "TkrRecon" } ;
ApplicationMgr.ExtSvc += { "GlastPropagatorSvc" };
Reconstruction.Members += { "CalXtalRecAlg", "CalClustersAlg/first" } ;
Reconstruction.Members += { "TkrReconAlg/FirstPass" } ;
Reconstruction.Members += { "CalClustersAlg/second" } ;
Reconstruction.Members += { "TkrReconAlg/Iteration" } ;
PropertiesCheckAlg.targets += { "CalXtalRecAlg" } ;
PropertiesCheckAlg.targets += { "first", "FirstPass", "second", "Iteration" } ;




// <-- End of including file $CALRECONROOT/src/test/reconstruction.txt


FluxAlg.source_name = "gamma_5_gev_normal" ;


Job options successfully read in from /home/chamont/Glast/CalReconDev/CalRecon/src/test/gleamOptions.txt
ObjectManager     WARNING Factory for class:XtalPosTool already exists.
ObjectManager     WARNING Factory for class:XtalEneTool already exists.
ObjectManager     WARNING Factory for class:XtalADCTool already exists.
ObjectManager     WARNING Factory for class:CalXtalRespRandom already exists.
ServiceManager    WARNING Service factory for type CalCalibSvc already declared
WARNING Algorithm factory for type PropertiesCheckAlg already declared. Overwriting it.
ObjectManager     WARNING Factory for class:ProfileTool already exists.
ObjectManager     WARNING Factory for class:LastLayerCorrTool already exists.
WARNING Algorithm factory for type CalXtalRecAlg already declared. Overwriting it.
ObjectManager     WARNING Factory for class:CalValsCorrTool already exists.
ObjectManager     WARNING Factory for class:CalSingleClusteringTool already exists.
ObjectManager     WARNING Factory for class:CalSimpleClusteringTool already exists.
WARNING Algorithm factory for type CalDisplay already declared. Overwriting it.
WARNING Algorithm factory for type CalClustersAlg already declared. Overwriting it.
ApplicationMgr       INFO Successfully loaded modules: GlastSvc, G4Generator, G4Propagator, TkrUtil, CalUtil, CalibSvc, CalXtalResponse, GaudiAlg, RootIo, CalRecon, FluxSvc, CalXtalResponse, TkrDigi, CalDigi, AcdDigi, CalRecon, TkrRecon
ApplicationMgr       INFO Application Manager Configured successfully
EventSelector        INFO GlastEventSelector input has been set to NONE
EventPersistenc...   INFO "CnvServices": ["EventCnvSvc"]
detModel Doc Client: registered the constants!
detModel Doc Client: registered the materials!
detModel Doc Client: registered the id dictionary!
detModel Doc Client: registered the sections!
GlastDetSvc          INFO  geometry setup: 
    document = /home/chamont/Glast/GlastRelease/v6r3p2/xmlGeoDbs/v1r22p1/xml/flight/flightSegVols.xml
        mode = recon
      topvol = LAT
Summary of IDmap contents:
       Detector name     count
       -------------     -----
              CsISeg     18432
       SiWaferActive      9216
              diodeL      3072
              diodeS      3072
          sideRibbon        16
sideTileR0EdgeGreater         4
sideTileR0EdgeLesser         4
       sideTileR0Mid        12
sideTileR1EdgeGreater         4
sideTileR1EdgeLesser         4
       sideTileR1Mid        12
sideTileR2EdgeGreater         4
sideTileR2EdgeLesser         4
       sideTileR2Mid        12
          sideTileR3         4
   topTileRcentCcent         3
   topTileRcentCedge         6
    topTileRcentCmid         6
   topTileRedgeCcent         2
   topTileRedgeCedge         4
    topTileRedgeCmid         4
          xRibbonTop         4
      yRibbonTopCent         4
      yRibbonTopEdge         8
       yRibbonTopMid         8
              total:     33921

G4GeometrySvc        INFO G4GeometrySvc Initialization started
	DetectorConstruction created 407, 137 physical, logical volumes, using  mode from G4Generator job options: recon
G4GeometrySvc        INFO G4GeometrySvc Initialization completed successfully
DetectorPersist...   INFO "CnvServices": ["CalibMySQLCnvSvc", "CalibXmlCnvSvc"]
DetectorPersist...   INFO Added successfully Conversion service:CalibMySQLCnvSvc
CalibMySQLCnvSvc     INFO Specific initialization starting
CalibMySQLCnvSvc     INFO Specific initialization completed
ParticlePropert...   INFO Opened particle properties file : /home/chamont/Glast/GlastRelease/v6r3p2/FluxSvc/v6r17p1/cdf/particle.cdf
GlastRandomSvc       INFO Setting CLHEP Engine TripleRand for G4GeneratorRandom at 0x92c2648
GlastRandomSvc       INFO Setting CLHEP Engine TripleRand for RootIoRandom at 0x92c2bd0
GlastRandomSvc    WARNING  Previous engine (0x92c2648) for RootIoRandom was also set for G4GeneratorRandom
GlastRandomSvc       INFO Setting CLHEP Engine TripleRand for FluxSvcRandom at 0x92c2cf8
GlastRandomSvc    WARNING  Previous engine (0x92c2bd0) for FluxSvcRandom was also set for RootIoRandom
GlastRandomSvc       INFO Setting CLHEP Engine TripleRand for CalXtalRespRandom at 0x92c2e40
GlastRandomSvc    WARNING  Previous engine (0x92c2cf8) for CalXtalRespRandom was also set for FluxSvcRandom
GlastRandomSvc       INFO Setting CLHEP Engine TripleRand for TkrDigiRandom at 0x92c2f18
GlastRandomSvc    WARNING  Previous engine (0x92c2e40) for TkrDigiRandom was also set for CalXtalRespRandom
GlastRandomSvc       INFO Setting CLHEP Engine TripleRand for AcdDigiRandom at 0x92c3d70
GlastRandomSvc    WARNING  Previous engine (0x92c2f18) for AcdDigiRandom was also set for TkrDigiRandom
CalCalibSvc          INFO initialize
ToolSvc.G4Propa...   INFO G4 Propagator Tool initializing now
ToolSvc.G4Propa...   INFO G4 Propagation Tool initializing now
ToolSvc.G4Propa...   INFO G4 Propagation Tool ready
ToolSvc.G4Propa...   INFO G4 Propagator Tool ready
GlastPropagatorSvc   INFO Using Geant4 Particle Propagator
FluxSvc              INFO Registering factories external to flux
TkrCalibAlg          INFO Initialize()
TkrGeometrySvc       INFO Retrieved G4PropagationTool
TkrGeometrySvc       INFO Propagator goes from 682.315 to -57.685

TkrGeometrySvc       INFO Type 0 numLayers 2 aveConv 0 aveRest 0.0184657
TkrGeometrySvc       INFO Type 1 numLayers 12 aveConv 0.0299628 aveRest 0.0161194
TkrGeometrySvc       INFO Type 2 numLayers 4 aveConv 0.181349 aveRest 0.0189678
TkrGeometrySvc       INFO Type 3 numLayers 18 aveConv 0.060275 aveRest 0.0170131
TkrGeometrySvc       INFO 
TkrAlignmentSvc      INFO No alignment was requested.
TkrAlignmentSvc      INFO   No alignment will be done.
TkrSplitsSvc      WARNING Service already initialized
TkrToTSvc            INFO TkrToTSvc initialized with mode: ideal
TkrGeometrySvc       INFO TkrGeometrySvc successfully initialized
TkrBadStripsSvc      INFO No bad strips file was requested.
Simulation           INFO Member list: FluxAlg, G4Generator, ExposureAlg, TkrDigiAlg, CalDigiAlg, AcdDigiAlg
FluxAlg              INFO initialize
FluxAlg              INFO no rocking mode called, rocking disabled for this run.
FluxAlg              INFO loading source gamma_5_gev_normal
FluxAlg              INFO Source title: gamma(5 GeV,2.24208e-44,2.37536e-33), radius(1381.98), range(0.99,1) 
FluxAlg              INFO         area: 6
FluxAlg              INFO         rate: 0.376991
G4Generator          INFO initialize
G4Generator          INFO DefaultCutValue=0.7 mm
G4Generator          INFO DefaultTkrCutValue=0.1 mm
G4Generator          INFO DefaultCalCutValue=0.7 mm
G4Generator          INFO Physics List = full
G4Generator          INFO Cut Table build
G4Generator          INFO Cut Table DirG4cuts/100micron/
G4Generator          INFO Using the Old 3.2 version of Multiple scattering
G4Generator          INFO Using the current G4 version of Energy Loss

*************************************************************
 Geant4 version $Name$   (26-October-2004)
                      Copyright : Geant4 Collaboration
                      Reference : NIM A 506 (2003), 250-303
                            WWW : http://cern.ch/geant4
*************************************************************

G4Generator          INFO Initializing run manager...

 done.
G4Generator          INFO 
ExposureAlg          INFO initialize
TkrDigiAlg           INFO initialize
TkrDigiMcToHitAlg    INFO initialize
ToolSvc.SimpleM...   INFO initialize 
ToolSvc.SimpleM...   INFO ssdgap 0.025 laddergap 0.2 strips/wafer 384 #ladders 4 waferside 89.5 deadgap 0.974
TkrDigiNoiseAlg      INFO initialize
ToolSvc.General...   INFO initialize 
ToolSvc.General...   INFO will add noise to 576 Si layers, ids from /0/0/0/1/0/1/1 to /0/3/3/1/18/1/0
TkrDigiHitToDig...   INFO initialize
ToolSvc.General...   INFO initialize 
ToolSvc.General...   INFO ssdgap 0.025 laddergap 0.2 strips/wafer 384 #ladders 4 waferside 89.5 deadgap 0.974
CalDigiAlg           INFO initialize
ToolSvc.XtalADC...   INFO initialize
CalDigiAlg          ERROR service_i: can not locate service CalFailureModeSvc
CalDigiAlg           INFO   Did not find CalFailureMode service
AcdDigiAlg           INFO will add noise to 105 ACD tiles, ids from /1/0/40/0/0 to /1/3/41/1/3/0
Reconstruction       INFO Member list: CalXtalRecAlg, CalClustersAlg/first, TkrReconAlg/FirstPass, CalClustersAlg/second, TkrReconAlg/Iteration
ToolSvc.XtalEne...   INFO initialize
ToolSvc.XtalPos...   INFO initialize
first                INFO CalClustersAlg: callNumber = 0
ToolSvc.CalSing...   INFO BEGIN initialize()
ToolSvc.CalSing...   INFO END initialize()
ToolSvc.LastLay...   INFO Initializing LastLayerCorrTool
ToolSvc.LastLay...   INFO  value for c0 -35.3747
ToolSvc.LastLay...   INFO  value for c1 68.1653
ToolSvc.LastLay...   INFO  value for c0 -32.4386
ToolSvc.LastLay...   INFO  value for c3 0.9933
ToolSvc.LastLay...   INFO  value for b0 0.793
ToolSvc.LastLay...   INFO  value for b1 0.045
ToolSvc.LastLay...   INFO  value for k0 -2778
ToolSvc.LastLay...   INFO  value for k1 6576
ToolSvc.LastLay...   INFO  value for k2 -3797
ToolSvc.Profile...   INFO Initializing ProfileTool
ToolSvc.Profile...   INFO  value for CosThetaLimit 0.3
ToolSvc.Profile...   INFO  value for BiasParNb9
ToolSvc.Profile...   INFO  value for CosThetaParNb 3
ToolSvc.Profile...   INFO  value for bias0 0.0187272
ToolSvc.Profile...   INFO  value for bias1 -0.0271244
ToolSvc.Profile...   INFO  value for bias2 0.0145653
ToolSvc.Profile...   INFO  value for bias3 -0.0709624
ToolSvc.Profile...   INFO  value for bias4 0.118555
ToolSvc.Profile...   INFO  value for bias5 -0.0962898
ToolSvc.Profile...   INFO  value for bias6 0.273117
ToolSvc.Profile...   INFO  value for bias7 -0.604589
ToolSvc.Profile...   INFO  value for bias8 0.452359
ToolSvc.CalVals...   INFO Initializing CalValsCorrTool
FirstPass            INFO TkrReconAlg Initialization
ToolSvc.TkrMake...   INFO TkrMakeClustersTool successfully initialized
ToolSvc.TkrQuer...   INFO TkrQueryClustersTool successfully initialized
ToolSvc.ComboFi...   INFO PatRecBaseTool successfully initialized
TkrFitFirst          INFO TkrTrackFitAlg Initialization
TkrDisplayAlg       ERROR service_i: can not locate service GuiSvc
TkrDisplayAlg     WARNING No GuiSvc: so, no event display 
second               INFO CalClustersAlg: callNumber = 0
Iteration            INFO TkrReconAlg Initialization
TkrFitIter           INFO TkrTrackFitAlg Initialization
test_CalRecon        INFO initialize
EventSelector        INFO No input file selected for GlastEventSelector
HistogramPersis...   INFO "CnvServices": ["HbookHistSvc", "RootHistSvc"]
HistogramPersis...WARNING Histograms saving not required.
ApplicationMgr       INFO Application Manager Initialized successfully
FluxSvc           WARNING Could not find algorithm 'Top'; will not monitor errors
FluxSvc              INFO Runable interface starting event loop as : MaxEvt = 20
EventPersistenc...   INFO Added successfully Conversion service:EventCnvSvc

compt:  Total cross sections from a parametrisation. Good description from 10 KeV to (100/Z) GeV. 
       Scattered gamma energy according Klein-Nishina.
        PhysicsTables from 1 keV to 100 GeV in 80 bins. 

conv:  Total cross sections from a parametrisation. Good description from 1.5 MeV to 100 GeV for all Z. 
        e+e- energies according Bethe-Heitler
        PhysicsTables from 1.022 MeV to 100 GeV in 100 bins. 

msc:   Tables of transport mean free paths.
          New model of MSC , computes the lateral 
          displacement of the particle , too.
        PhysicsTables from 100 eV  to 100 TeV in 100 bins. 

eIoni:   tables are built for  e-
      dE/dx and range tables from 100 eV  to 100 TeV in 120 bins.
      Lambda tables from threshold to 100 TeV in 120 bins.
      Step function: finalRange(mm)= 1, dRoverRange= 1, integral: 1
      Delta cross sections from Moller+Bhabha, good description from 1 KeV to 100 GeV.

eBrem:   tables are built for  e-
      dE/dx and range tables from 100 eV  to 100 TeV in 120 bins.
      Lambda tables from threshold to 100 TeV in 120 bins.
      Total cross sections from a parametrisation based on the EEDL data library. 
      Good description from 1 KeV to 100 GeV, log scale extrapolation above 100 GeV.

eIoni:   tables are built for  e+
      dE/dx and range tables from 100 eV  to 100 TeV in 120 bins.
      Lambda tables from threshold to 100 TeV in 120 bins.
      Step function: finalRange(mm)= 1, dRoverRange= 1, integral: 1
      Delta cross sections from Moller+Bhabha, good description from 1 KeV to 100 GeV.

eBrem:   tables are built for  e+
      dE/dx and range tables from 100 eV  to 100 TeV in 120 bins.
      Lambda tables from threshold to 100 TeV in 120 bins.
      Total cross sections from a parametrisation based on the EEDL data library. 
      Good description from 1 KeV to 100 GeV, log scale extrapolation above 100 GeV.

annihil:  Total cross section from Heilter formula(annihilation into 2 photons).
        gamma energies sampled according Heitler
        PhysicsTables from 10 keV to 10 TeV in 100 bins. 

hIoni:   tables are built for  proton
      dE/dx and range tables from 100 eV  to 100 TeV in 120 bins.
      Lambda tables from threshold to 100 TeV in 120 bins.
      Step function: finalRange(mm)= 1, dRoverRange= 0.2, integral: 1
      Bether-Bloch model for Escaled > 2 MeV, parametrisation of Bragg peak below, Integral mode 1

msc:   Tables of transport mean free paths.
          New model of MSC , computes the lateral 
          displacement of the particle , too.
        PhysicsTables from 100 eV  to 100 TeV in 100 bins. 

msc:   Tables of transport mean free paths.
          New model of MSC , computes the lateral 
          displacement of the particle , too.
        PhysicsTables from 100 eV  to 100 TeV in 100 bins. 

MuPairProd:   tables are built for  mu+
      dE/dx and range tables from 100 eV  to 100 TeV in 120 bins.
      Lambda tables from threshold to 100 TeV in 120 bins.
      Parametrised model 

MuNucl:  cross sections from R. Kokoulin 
          Good description up to 1000 PeV.
    PhysicsTables from 1 GeV to 1000 PeV in 100 bins. 


MuIoni:   tables are built for  mu+
      dE/dx and range tables from 100 eV  to 100 TeV in 120 bins.
      Lambda tables from threshold to 100 TeV in 120 bins.
      Step function: finalRange(mm)= 1, dRoverRange= 0.2, integral: 1
      Bether-Bloch model for E > 0.2 MeV, parametrisation of Bragg peak below, 
      radiative corrections for E > 1 GeV

MuBrems:   tables are built for  mu+
      dE/dx and range tables from 100 eV  to 100 TeV in 120 bins.
      Lambda tables from threshold to 100 TeV in 120 bins.
      Parametrised model 
### All dEdx and Range tables are built #####

MuPairProd:   tables are built for  mu-
      dE/dx and range tables from 100 eV  to 100 TeV in 120 bins.
      Lambda tables from threshold to 100 TeV in 120 bins.
      Parametrised model 
test_CalRecon        INFO executing 1 time
test_CalRecon        INFO Energy 0 Corrected 0 -1000 -1000 -1000 -1000 -1000 -1000
test_CalRecon        INFO Profile Corr Energy 0
test_CalRecon        INFO Last Layer Corr Energy -1
FluxSvc              INFO 5% complete:  event 1,  time 0.556712
test_CalRecon        INFO executing 2 time
test_CalRecon        INFO Energy 2766.26 Corrected 4362.07 -682.862 -408.66 -137.836 -0.0381646 0.000826337 0.999271
test_CalRecon        INFO Profile Corr Energy 4013.71
test_CalRecon        INFO Last Layer Corr Energy -4
FluxSvc              INFO 10% complete:  event 2,  time 2.73426
test_CalRecon        INFO executing 3 time
test_CalRecon        INFO Energy 3238.96 Corrected 4549.6 -709.48 -447.858 -133.605 -0.0138347 0.16228 0.986648
test_CalRecon        INFO Profile Corr Energy 4555.62
test_CalRecon        INFO Last Layer Corr Energy -4
test_CalRecon        INFO executing 4 time
test_CalRecon        INFO Energy 0 Corrected 0 -1000 -1000 -1000 -1000 -1000 -1000
test_CalRecon        INFO Profile Corr Energy 0
test_CalRecon        INFO Last Layer Corr Energy -1
FluxSvc              INFO 20% complete:  event 4,  time 6.12389
test_CalRecon        INFO executing 5 time
test_CalRecon        INFO Energy 0 Corrected 0 -1000 -1000 -1000 -1000 -1000 -1000
test_CalRecon        INFO Profile Corr Energy 0
test_CalRecon        INFO Last Layer Corr Energy -1
test_CalRecon        INFO executing 6 time
test_CalRecon        INFO Energy 0 Corrected 0 -1000 -1000 -1000 -1000 -1000 -1000
test_CalRecon        INFO Profile Corr Energy 0
test_CalRecon        INFO Last Layer Corr Energy -1
FluxSvc              INFO 30% complete:  event 6,  time 9.51567
test_CalRecon        INFO executing 7 time
test_CalRecon        INFO Energy 0 Corrected 0 -1000 -1000 -1000 -1000 -1000 -1000
test_CalRecon        INFO Profile Corr Energy 0
test_CalRecon        INFO Last Layer Corr Energy -1
test_CalRecon        INFO executing 8 time
test_CalRecon        INFO Energy 0 Corrected 0 -1000 -1000 -1000 -1000 -1000 -1000
test_CalRecon        INFO Profile Corr Energy 0
test_CalRecon        INFO Last Layer Corr Energy -1
FluxSvc              INFO 40% complete:  event 8,  time 13.6741
test_CalRecon        INFO executing 9 time
test_CalRecon        INFO Energy 0 Corrected 0 -1000 -1000 -1000 -1000 -1000 -1000
test_CalRecon        INFO Profile Corr Energy 0
test_CalRecon        INFO Last Layer Corr Energy -1
test_CalRecon        INFO executing 10 time
test_CalRecon        INFO Energy 0 Corrected 0 -1000 -1000 -1000 -1000 -1000 -1000
test_CalRecon        INFO Profile Corr Energy 0
test_CalRecon        INFO Last Layer Corr Energy -1
FluxSvc              INFO 50% complete:  event 10,  time 15.1408
test_CalRecon        INFO executing 11 time
test_CalRecon        INFO Energy 701.478 Corrected 1351.99 124.462 -29.4396 -139.924 -0.0133519 0.00977952 0.999863
test_CalRecon        INFO Profile Corr Energy 0
test_CalRecon        INFO Last Layer Corr Energy -4
test_CalRecon        INFO executing 12 time
test_CalRecon        INFO Energy 2336.88 Corrected 3416.86 -671.013 412.94 -120.3 -0.0175014 -0.0135544 0.999755
test_CalRecon        INFO Profile Corr Energy 2843.45
test_CalRecon        INFO Last Layer Corr Energy -4
FluxSvc              INFO 60% complete:  event 12,  time 23.5265
test_CalRecon        INFO executing 13 time
test_CalRecon        INFO Energy 0 Corrected 0 -1000 -1000 -1000 -1000 -1000 -1000
test_CalRecon        INFO Profile Corr Energy 0
test_CalRecon        INFO Last Layer Corr Energy -1
test_CalRecon        INFO executing 14 time
test_CalRecon        INFO Energy 0 Corrected 0 -1000 -1000 -1000 -1000 -1000 -1000
test_CalRecon        INFO Profile Corr Energy 0
test_CalRecon        INFO Last Layer Corr Energy -1
FluxSvc              INFO 70% complete:  event 14,  time 24.5521
test_CalRecon        INFO executing 15 time
test_CalRecon        INFO Energy 0 Corrected 0 -1000 -1000 -1000 -1000 -1000 -1000
test_CalRecon        INFO Profile Corr Energy 0
test_CalRecon        INFO Last Layer Corr Energy -1
test_CalRecon        INFO executing 16 time
test_CalRecon        INFO Energy 3688.1 Corrected 3688.1 -150.009 -501.913 -147.035 0.0176847 0.065966 0.997665
test_CalRecon        INFO Profile Corr Energy 5864.73
test_CalRecon        INFO Last Layer Corr Energy -4
FluxSvc              INFO 80% complete:  event 16,  time 26.654
test_CalRecon        INFO executing 17 time
test_CalRecon        INFO Energy 0 Corrected 0 -1000 -1000 -1000 -1000 -1000 -1000
test_CalRecon        INFO Profile Corr Energy 0
test_CalRecon        INFO Last Layer Corr Energy -1
test_CalRecon        INFO executing 18 time
test_CalRecon        INFO Energy 0 Corrected 0 -1000 -1000 -1000 -1000 -1000 -1000
test_CalRecon        INFO Profile Corr Energy 0
test_CalRecon        INFO Last Layer Corr Energy -1
FluxSvc              INFO 90% complete:  event 18,  time 32.9038
test_CalRecon        INFO executing 19 time
test_CalRecon        INFO Energy 3002.11 Corrected 3915.08 667.186 -292.942 -169.659 -0.106518 -0.182662 0.977389
test_CalRecon        INFO Profile Corr Energy 7167.94
test_CalRecon        INFO Last Layer Corr Energy 5041.29
test_CalRecon        INFO executing 20 time
test_CalRecon        INFO Energy 0 Corrected 0 -1000 -1000 -1000 -1000 -1000 -1000
test_CalRecon        INFO Profile Corr Energy 0
test_CalRecon        INFO Last Layer Corr Energy -1
FluxSvc              INFO Processing loop terminated by event count
FluxSvc              INFO End after 20 events, time = 37.7586
TkrCalibAlg          INFO           Finalize TkrCalibAlg 
FluxAlg              INFO Computed Rate: 0.537607 Hz
			  Source ID    counts
				-1	20
G4Generator          INFO finalize: 
ExposureAlg          INFO Processed 0 ticks
TkrDigiAlg           INFO finalize
TkrDigiMcToHitAlg    INFO finalize
TkrDigiNoiseAlg      INFO finalize
TkrDigiHitToDig...   INFO finalize
CalDigiAlg           INFO finalize
FirstPass            INFO 
FirstPass            INFO ====>> 0 events failed in this run
FirstPass            INFO 
Iteration            INFO 
Iteration            INFO ====>> 0 events failed in this run
Iteration            INFO 
test_CalRecon        INFO finalize after 20 calls.
EventLoopMgr         INFO Histograms converted successfully according to request.
TkrGeometrySvc       INFO TkrGeometrySvc finalize called
ToolSvc              INFO Removing all tools created by ToolSvc
ParticlePropert...   INFO Service finalised successfully
ApplicationMgr       INFO Application Manager Finalized successfully
