JobOptionsSvc        INFO 

//##############################################################
//
// Job options file gleamOptions.txt
//
//==============================================================

// --> Including file $GLEAMROOT/src/default.txt


//##############################################################
//
// Job options file for Gleam job to run detault source for 10K events

//$Header$

// start with the basic program defined in Gleam
// --> Including file $GLEAMROOT/src/basicOptions.txt


//##############################################################
//
// basic Job options file for a Gleam execution
// $Header$

// primary DLLs, including auditor 

ApplicationMgr.DLLs+= { "GaudiAlg", "GaudiAud"};
ApplicationMgr.ExtSvc += {"ChronoStatSvc"};
AuditorSvc.Auditors = {"ChronoAuditor"};

// ----------------------------
// setup basic event loop stuff
//
ApplicationMgr.ExtSvc = { 
    "GlastEventSelector/EventSelector" , 
    "EventCnvSvc"
    };

EventPersistencySvc.CnvServices = {"EventCnvSvc"};
EventSelector.Input = "NONE";


// ----------------------------
//  a structure for the topalg, using sequencer steps

ApplicationMgr.TopAlg = {
      "Sequencer/Top" };

//the top sequence loop
Top.Members={
    "Sequencer/Generator",
    "Sequencer/CalibrationUpdate",
    "Sequencer/Digitization",
    "Sequencer/EventDisplay",
    "Sequencer/Triggered" };

// the sequence that is triggered
Triggered.Members={
    "Sequencer/Trigger",
    "Sequencer/Reconstruction",
    "Sequencer/RecoDisplay",
    "Sequencer/Output" };

// ----------------------------
//  Geometry definition
//
ApplicationMgr.DLLs += {"GlastSvc"};
ApplicationMgr.ExtSvc += { "GlastDetSvc"};
GlastDetSvc.topVolume="LAT"; 
GlastDetSvc.xmlfile="$(XMLGEODBSROOT)/xml/flight/flightSegVols.xml";
GlastDetSvc.visitorMode="recon";

// ----------------------------
//  Randoms definition
//
ApplicationMgr.ExtSvc += { "GlastRandomSvc"};

// ----------------------------
//  Generation or input
//
ApplicationMgr.DLLs +={ "G4Generator","G4Propagator"};
ApplicationMgr.ExtSvc += {"G4GeometrySvc"};
Generator.Members = {"FluxAlg", "G4Generator", "ExposureAlg"};
G4Generator.defaultCutValue=0.7; 
G4Generator.defaultTkrCutValue=0.1;
G4Generator.defaultCalCutValue=0.7;

// --> Including file $FLUXSVCROOT/src/defaultOptions.txt


// Standard options for FluxSvc clients
//-------------------------------------
ApplicationMgr.ExtSvc += { "FluxSvc" };
ApplicationMgr.DLLs   += { "FluxSvc" }; 
FluxSvc.source_lib  = {"$(FLUXROOT)/xml/source_library.xml"};
ApplicationMgr.ExtSvc += { "ParticlePropertySvc" };
// controls the event loop
ApplicationMgr.Runable= "FluxSvc";
//---------------------------------------------------

// <-- End of including file $FLUXSVCROOT/src/defaultOptions.txt


// Append (or replace) the list of source library documents
FluxSvc.source_lib += {"$(G4GENERATORROOT)/src/test/test_sources.xml"};
FluxAlg.source_name="muon_pencil_angle";

// add in CRflux option
ApplicationMgr.DLLs +={ "CRflux" };
FluxSvc.source_lib += {
    "$(CRFLUXROOT)/xml/source_library.xml"};

//-----------------------------
// These algorithms run before digitization or reconstruction
//
CalibrationUpdate.Members={
    "TkrCalibAlg"     // found in TkrUtil
    };


// ----------------------------
//  Digitization
//
ApplicationMgr.DLLs +={ "TkrDigi", "CalDigi", "AcdDigi"  };
Digitization.Members = { 
    "TkrDigiAlg", 
    "CalDigiAlg", 
    "AcdDigiAlg"
    };


// ----------------------------
//  Trigger calculation
//
ApplicationMgr.DLLs +={ "Trigger"};
Trigger.Members = {"TriggerAlg"};
TriggerAlg.mask = -1; // all bits on by default: reject if none set (e.g., missed)

// ----------------------------
//  onboard filter 
//
ApplicationMgr.DLLs += {"EbfWriter", "OnboardFilter"};
Trigger.Members += {"EbfWriter", "OnboardFilter"};
Triggered.Members += {"FilterTracks","FilterAlg"};
OnboardFilter.mask=0; // all bits off by default: no rejection

// ----------------------------
//   Reconstruction
//
ApplicationMgr.ExtSvc += { "GlastPropagatorSvc" };

ApplicationMgr.DLLs +={ 
    "CalibSvc",
    "CalRecon", "CalUtil", 
    "TkrRecon", "TkrUtil"
    };
Reconstruction.Members={ 
    "Sequencer/Cal1", 
    "Sequencer/Tkr",
    "Sequencer/Cal2",
    "Sequencer/TkrIter",
    "Sequencer/Acd"
    };
Cal1.Members = { 
    "CalXtalRecAlg", 
    "CalClustersAlg/first"
    };
Tkr.Members = {
    "TkrReconAlg/FirstPass"
    };
Cal2.Members = {
    "CalClustersAlg/second"
    };
TkrIter.Members = {
    "TkrReconAlg/Iteration"
    };

// -------------------------------------------
//          tracker services
ApplicationMgr.ExtSvc   += { "TkrGeometrySvc"};
ApplicationMgr.ExtSvc   += { "TkrInitSvc"};


// -------------------------------------------
// Calorimeter services
//
ApplicationMgr.Dlls += {"CalXtalResponse"};
// --> Including file $CALXTALRESPONSEROOT/src/defaultOptions.txt


// Standard options for CalXtalResponse clients
//-------------------------------------
// make sure you add desired flavor(s) to this list!


//CalibDataSvc.CalibFlavorList += {"cal_gleam_default"};
ApplicationMgr.ExtSvc += {"CalCalibSvc"};
CalCalibSvc.DefaultFlavor     = "ideal";
//-------------------------------------

// <-- End of including file $CALXTALRESPONSEROOT/src/defaultOptions.txt



// -------------------------------------------
//  Calibration sevices
//
ApplicationMgr.ExtSvc += {"CalibDataSvc"};

ApplicationMgr.ExtSvc += {"CalibMySQLCnvSvc", "CalibXmlCnvSvc" };

DetectorPersistencySvc.CnvServices += {"CalibMySQLCnvSvc"};
DetectorPersistencySvc.CnvServices += {"CalibXmlCnvSvc"};

// CalibDataSvc properties 
// Storage type of 14 corresponds to MYSQL
CalibDataSvc.CalibInstrumentName = "LAT";
CalibDataSvc.CalibStorageType = 14;
CalibDataSvc.CalibRootName = "Calib";
CalibDataSvc.CalibFlavorList = {"ideal"};




// ----------------------------
//   ACD recon
//
ApplicationMgr.DLLs += {"AcdRecon"};
Acd.Members = {"AcdReconAlg"};

// ----------------------------
//   Atwood's tuple and merit
//
ApplicationMgr.DLLs += {"AnalysisNtuple", "ntupleWriterSvc", "merit"};
ApplicationMgr.ExtSvc += {"RootTupleSvc"};
Triggered.Members += { "meritAlg" };
//-------------------------------------
// Merit configuration
MeritAlg.IM_filename=""; // disable IM variable
MeritAlg.cuts="LnA";     // no test for tail suppression


// ---------------------------- 
//   Output
//
ApplicationMgr.DLLs +={   "RootIo"}; 
Output.Members = {"mcRootWriterAlg", "digiRootWriterAlg", "reconRootWriterAlg"};

 // output levels, including suppression to allow debug, info
mcRootWriterAlg.OutputLevel=3;
digiRootWriterAlg.OutputLevel=3;
reconRootWriterAlg.OutputLevel=3;
ToolSvc.OutputLevel=3;    // too verbose in debug
CalClustersAlg.OutputLevel=4; // too much info
TkrClusFirst.OutputLevel=4;
CalDigiAlg.OutputLevel=4;
TkrAlignmentSvc.OutputLevel=4;
TkrGeometrySvc.OutputLevel=4;
EbfWriter.OutputLevel=4;
ToolSvc.LastLayerCorrTool.OutputLevel=4; 
ToolSvc.OutputLevel=4;
CalXtalRecAlg.OutputLevel=4;
    
// Set output level threshold (2=DEBUG, 3=INFO, 4=WARNING, 5=ERROR, 6=FATAL )
MessageSvc.OutputLevel = 3;

//==============================================================
//
// End of job options file
//
//##############################################################


// <-- End of including file $GLEAMROOT/src/basicOptions.txt


// following, if uncommented, will run the GUI
//#include "$GLEAMROOT/src/guiOptions.txt"

FluxAlg.source_name="default";

// set root output from merit with following
MeritAlg.EventTreeName="MeritTuple";
MeritAlg.PointingTreeName="Exposure";

RootTupleSvc.filename="merit.root";

// Set output level threshold (2=DEBUG, 3=INFO, 4=WARNING, 5=ERROR, 6=FATAL )
CalClustersAlg.OutputLevel=4; // too much info

// Number of events to process
MeritAlg.generated = 1000; // for estimation of Aeff
ApplicationMgr.EvtMax = 1000;

MessageSvc.OutputLevel      =3;

//==============================================================
//
// End of job options file
//
//##############################################################

// <-- End of including file $GLEAMROOT/src/default.txt


CalClustersAlg.OutputLevel = 2;
first.OutputLevel = 2;
second.OutputLevel = 2;
ApplicationMgr.EvtMax = 10 ;
Output.Members={} ; // turn off any root ouptut

//ApplicationMgr.DLLs+= { "CalXtalResponse" } ;
//CalibMySQLCnvSvc.DbName = "calib_user";
//CalibDataSvc.CalibFlavorList = {"ideal", "zachtest"};
//CalibDataSvc.CalibTimeSource = "clock";
//CalibDataSvc.startTime = "2003-2-28 23:59:59";
//CalibDataSvc.delayTime = 10000;
//ApplicationMgr.ExtSvc += {"CalCalibSvc"};
//CalCalibSvc.DefaultFlavor = "zachtest";

//==============================================================
//
// End of gleamOptions.txt
//
//##############################################################


Job options successfully read in from /home/chamont/Glast/CalReconDev/CalRecon/src/test/gleamOptions.txt
ApplicationMgr       INFO Successfully loaded modules: GaudiAlg, GaudiAud, GlastSvc, G4Generator, G4Propagator, FluxSvc, CRflux, TkrDigi, CalDigi, AcdDigi, Trigger, EbfWriter, OnboardFilter, CalibSvc, CalRecon, CalUtil, TkrRecon, TkrUtil, CalXtalResponse, AcdRecon, AnalysisNtuple, ntupleWriterSvc, merit, RootIo
ApplicationMgr       INFO Application Manager Configured successfully
EventSelector        INFO GlastEventSelector input has been set to NONE
EventPersistenc...   INFO "CnvServices": ["EventCnvSvc"]
detModel Doc Client: registered the constants!
detModel Doc Client: registered the materials!
detModel Doc Client: registered the id dictionary!
detModel Doc Client: registered the sections!
GlastDetSvc          INFO  geometry setup: 
    document = /home/chamont/Glast/GlastRelease/v6r3p1/xmlGeoDbs/v1r22p1/xml/flight/flightSegVols.xml
        mode = recon
      topvol = LAT
Summary of IDmap contents:
       Detector name     count
       -------------     -----
              CsISeg     18432
       SiWaferActive      9216
              diodeL      3072
              diodeS      3072
          sideRibbon        16
sideTileR0EdgeGreater         4
sideTileR0EdgeLesser         4
       sideTileR0Mid        12
sideTileR1EdgeGreater         4
sideTileR1EdgeLesser         4
       sideTileR1Mid        12
sideTileR2EdgeGreater         4
sideTileR2EdgeLesser         4
       sideTileR2Mid        12
          sideTileR3         4
   topTileRcentCcent         3
   topTileRcentCedge         6
    topTileRcentCmid         6
   topTileRedgeCcent         2
   topTileRedgeCedge         4
    topTileRedgeCmid         4
          xRibbonTop         4
      yRibbonTopCent         4
      yRibbonTopEdge         8
       yRibbonTopMid         8
              total:     33921

GlastRandomSvc       INFO Setting CLHEP Engine TripleRand for G4GeneratorRandom at 0x8e2d730
GlastRandomSvc       INFO Setting CLHEP Engine TripleRand for FluxSvcRandom at 0x8e2d840
GlastRandomSvc    WARNING  Previous engine (0x8e2d730) for FluxSvcRandom was also set for G4GeneratorRandom
GlastRandomSvc       INFO Setting CLHEP Engine TripleRand for TkrDigiRandom at 0x929f9f8
GlastRandomSvc    WARNING  Previous engine (0x8e2d840) for TkrDigiRandom was also set for FluxSvcRandom
GlastRandomSvc       INFO Setting CLHEP Engine TripleRand for AcdDigiRandom at 0x929fa70
GlastRandomSvc    WARNING  Previous engine (0x929f9f8) for AcdDigiRandom was also set for TkrDigiRandom
GlastRandomSvc       INFO Setting CLHEP Engine TripleRand for CalXtalRespRandom at 0x929fe08
GlastRandomSvc    WARNING  Previous engine (0x929fa70) for CalXtalRespRandom was also set for AcdDigiRandom
GlastRandomSvc       INFO Setting CLHEP Engine TripleRand for RootIoRandom at 0x929fef8
GlastRandomSvc    WARNING  Previous engine (0x929fe08) for RootIoRandom was also set for CalXtalRespRandom
G4GeometrySvc        INFO G4GeometrySvc Initialization started
	DetectorConstruction created 407, 137 physical, logical volumes, using  mode from G4Generator job options: recon
G4GeometrySvc        INFO G4GeometrySvc Initialization completed successfully
ParticlePropert...   INFO Opened particle properties file : /home/chamont/Glast/GlastRelease/v6r3p1/FluxSvc/v6r17p1/cdf/particle.cdf
GlastPropagatorSvc   INFO Using Geant4 Particle Propagator
TkrAlignmentSvc      INFO No alignment was requested.
TkrAlignmentSvc      INFO   No alignment will be done.
TkrBadStripsSvc      INFO No bad strips file was requested.
TkrSplitsSvc      WARNING Service already initialized
TkrToTSvc            INFO TkrToTSvc initialized with mode: ideal
CalCalibSvc          INFO initialize
DetectorPersist...   INFO "CnvServices": ["CalibMySQLCnvSvc", "CalibXmlCnvSvc"]
DetectorPersist...   INFO Added successfully Conversion service:CalibMySQLCnvSvc
CalibMySQLCnvSvc     INFO Specific initialization starting
CalibMySQLCnvSvc     INFO Specific initialization completed
FluxSvc              INFO Registering factories external to flux
FluxSvc              INFO Registering sources in RegisterCRflux
FluxSvc.Registe...   INFO Register CRflux Spectrum(s)...
Top                  INFO Member list: Sequencer/Generator, Sequencer/CalibrationUpdate, Sequencer/Digitization, Sequencer/EventDisplay, Sequencer/Triggered
Generator            INFO Member list: FluxAlg, G4Generator, ExposureAlg
FluxAlg              INFO initialize
FluxAlg              INFO no rocking mode called, rocking disabled for this run.
FluxAlg              INFO loading source default
FluxAlg              INFO Source title: gamma(0.1 GeV,5.02365e-42,2.37741e-33), radius(1381.98),  dir(-0,-0,-1)
FluxAlg              INFO         area: 6
FluxAlg              INFO         rate: 2.4
G4Generator          INFO initialize
G4Generator          INFO DefaultCutValue=0.7 mm
G4Generator          INFO DefaultTkrCutValue=0.1 mm
G4Generator          INFO DefaultCalCutValue=0.7 mm
G4Generator          INFO Physics List = full
G4Generator          INFO Cut Table build
G4Generator          INFO Cut Table DirG4cuts/100micron/
G4Generator          INFO Using the Old 3.2 version of Multiple scattering
G4Generator          INFO Using the current G4 version of Energy Loss

*************************************************************
 Geant4 version $Name$   (26-October-2004)
                      Copyright : Geant4 Collaboration
                      Reference : NIM A 506 (2003), 250-303
                            WWW : http://cern.ch/geant4
*************************************************************

G4Generator          INFO Initializing run manager...

 done.
G4Generator          INFO 
ExposureAlg          INFO initialize
CalibrationUpdate    INFO Member list: TkrCalibAlg
TkrCalibAlg          INFO Initialize()
Digitization         INFO Member list: TkrDigiAlg, CalDigiAlg, AcdDigiAlg
TkrDigiAlg           INFO initialize
TkrDigiMcToHitAlg    INFO initialize
TkrDigiNoiseAlg      INFO initialize
TkrDigiHitToDig...   INFO initialize
CalDigiAlg          ERROR service_i: can not locate service CalFailureModeSvc
AcdDigiAlg           INFO will add noise to 105 ACD tiles, ids from /1/0/40/0/0 to /1/3/41/1/3/0
Triggered            INFO Member list: Sequencer/Trigger, Sequencer/Reconstruction, Sequencer/RecoDisplay, Sequencer/Output, FilterTracks, FilterAlg, meritAlg
Trigger              INFO Member list: TriggerAlg, EbfWriter, OnboardFilter
TriggerAlg           INFO No trigger requirement
OnboardFilter        INFO Initializing Filter Settings
Reconstruction       INFO Member list: Sequencer/Cal1, Sequencer/Tkr, Sequencer/Cal2, Sequencer/TkrIter, Sequencer/Acd
Cal1                 INFO Member list: CalXtalRecAlg, CalClustersAlg/first
first                INFO CalClustersAlg: callNumber = 0
Tkr                  INFO Member list: TkrReconAlg/FirstPass
FirstPass            INFO TkrReconAlg Initialization
TkrFitFirst          INFO TkrTrackFitAlg Initialization
TkrDisplayAlg       ERROR service_i: can not locate service GuiSvc
TkrDisplayAlg     WARNING No GuiSvc: so, no event display 
Cal2                 INFO Member list: CalClustersAlg/second
second               INFO CalClustersAlg: callNumber = 0
TkrIter              INFO Member list: TkrReconAlg/Iteration
Iteration            INFO TkrReconAlg Initialization
TkrFitIter           INFO TkrTrackFitAlg Initialization
Acd                  INFO Member list: AcdReconAlg
AcdReconAlg          INFO initialize
meritAlg             INFO No classification trees loaded
RootTupleSvc         INFO Creating new tree "MeritTuple"
RootTupleSvc         INFO Creating new tree "Exposure"
meritAlg            ERROR service_i: can not locate service GuiSvc
EventSelector        INFO No input file selected for GlastEventSelector
HistogramPersis...   INFO "CnvServices": ["HbookHistSvc", "RootHistSvc"]
HistogramPersis...WARNING Histograms saving not required.
ApplicationMgr       INFO Application Manager Initialized successfully
FluxSvc              INFO Runable interface starting event loop as : MaxEvt = 10
EventPersistenc...   INFO Added successfully Conversion service:EventCnvSvc

compt:  Total cross sections from a parametrisation. Good description from 10 KeV to (100/Z) GeV. 
       Scattered gamma energy according Klein-Nishina.
        PhysicsTables from 1 keV to 100 GeV in 80 bins. 

conv:  Total cross sections from a parametrisation. Good description from 1.5 MeV to 100 GeV for all Z. 
        e+e- energies according Bethe-Heitler
        PhysicsTables from 1.022 MeV to 100 GeV in 100 bins. 

msc:   Tables of transport mean free paths.
          New model of MSC , computes the lateral 
          displacement of the particle , too.
        PhysicsTables from 100 eV  to 100 TeV in 100 bins. 

eIoni:   tables are built for  e-
      dE/dx and range tables from 100 eV  to 100 TeV in 120 bins.
      Lambda tables from threshold to 100 TeV in 120 bins.
      Step function: finalRange(mm)= 1, dRoverRange= 1, integral: 1
      Delta cross sections from Moller+Bhabha, good description from 1 KeV to 100 GeV.

eBrem:   tables are built for  e-
      dE/dx and range tables from 100 eV  to 100 TeV in 120 bins.
      Lambda tables from threshold to 100 TeV in 120 bins.
      Total cross sections from a parametrisation based on the EEDL data library. 
      Good description from 1 KeV to 100 GeV, log scale extrapolation above 100 GeV.

eIoni:   tables are built for  e+
      dE/dx and range tables from 100 eV  to 100 TeV in 120 bins.
      Lambda tables from threshold to 100 TeV in 120 bins.
      Step function: finalRange(mm)= 1, dRoverRange= 1, integral: 1
      Delta cross sections from Moller+Bhabha, good description from 1 KeV to 100 GeV.

eBrem:   tables are built for  e+
      dE/dx and range tables from 100 eV  to 100 TeV in 120 bins.
      Lambda tables from threshold to 100 TeV in 120 bins.
      Total cross sections from a parametrisation based on the EEDL data library. 
      Good description from 1 KeV to 100 GeV, log scale extrapolation above 100 GeV.

annihil:  Total cross section from Heilter formula(annihilation into 2 photons).
        gamma energies sampled according Heitler
        PhysicsTables from 10 keV to 10 TeV in 100 bins. 

hIoni:   tables are built for  proton
      dE/dx and range tables from 100 eV  to 100 TeV in 120 bins.
      Lambda tables from threshold to 100 TeV in 120 bins.
      Step function: finalRange(mm)= 1, dRoverRange= 0.2, integral: 1
      Bether-Bloch model for Escaled > 2 MeV, parametrisation of Bragg peak below, Integral mode 1

msc:   Tables of transport mean free paths.
          New model of MSC , computes the lateral 
          displacement of the particle , too.
        PhysicsTables from 100 eV  to 100 TeV in 100 bins. 

msc:   Tables of transport mean free paths.
          New model of MSC , computes the lateral 
          displacement of the particle , too.
        PhysicsTables from 100 eV  to 100 TeV in 100 bins. 

MuPairProd:   tables are built for  mu+
      dE/dx and range tables from 100 eV  to 100 TeV in 120 bins.
      Lambda tables from threshold to 100 TeV in 120 bins.
      Parametrised model 

MuNucl:  cross sections from R. Kokoulin 
          Good description up to 1000 PeV.
    PhysicsTables from 1 GeV to 1000 PeV in 100 bins. 


MuIoni:   tables are built for  mu+
      dE/dx and range tables from 100 eV  to 100 TeV in 120 bins.
      Lambda tables from threshold to 100 TeV in 120 bins.
      Step function: finalRange(mm)= 1, dRoverRange= 0.2, integral: 1
      Bether-Bloch model for E > 0.2 MeV, parametrisation of Bragg peak below, 
      radiative corrections for E > 1 GeV

MuBrems:   tables are built for  mu+
      dE/dx and range tables from 100 eV  to 100 TeV in 120 bins.
      Lambda tables from threshold to 100 TeV in 120 bins.
      Parametrised model 
### All dEdx and Range tables are built #####

MuPairProd:   tables are built for  mu-
      dE/dx and range tables from 100 eV  to 100 TeV in 120 bins.
      Lambda tables from threshold to 100 TeV in 120 bins.
      Parametrised model 
FluxSvc              INFO 10% complete:  event 1,  time 0.0563373
FluxSvc              INFO 20% complete:  event 2,  time 0.206836
FluxSvc              INFO 30% complete:  event 3,  time 0.567658
first               DEBUG No TKR Reconstruction available 
first               DEBUG  --- CalClusterCol  --- 1
first               DEBUG Energy 59.1326 Corrected 59.1326 502.712 -306.32 -76.4876 0.531618 -0.229225 0.815376
second              DEBUG number of tracks = 1
second              DEBUG track direction = 0.996475
second              DEBUG  --- CalClusterCol  --- 1
second              DEBUG Energy 59.1326 Corrected 72.3757 502.712 -306.32 -76.4876 0.531618 -0.229225 0.815376
FluxSvc              INFO 40% complete:  event 4,  time 1.06878
FluxSvc              INFO 50% complete:  event 5,  time 1.20325
FluxSvc              INFO 60% complete:  event 6,  time 1.392
FluxSvc              INFO 70% complete:  event 7,  time 1.73256
FluxSvc              INFO 80% complete:  event 8,  time 2.19103
FluxSvc              INFO 90% complete:  event 9,  time 3.09911
FluxSvc              INFO Processing loop terminated by event count
FluxSvc              INFO End after 10 events, time = 3.77345
FluxAlg              INFO Computed Rate: 2.69026 Hz
			  Source ID    counts
				-1	10
G4Generator          INFO finalize: 
ExposureAlg          INFO Processed 0 ticks
TkrCalibAlg          INFO           Finalize TkrCalibAlg 
TkrDigiAlg           INFO finalize
TkrDigiMcToHitAlg    INFO finalize
TkrDigiNoiseAlg      INFO finalize
TkrDigiHitToDig...   INFO finalize
TriggerAlg           INFO Totals triggered/ processed: 1/10
             bit frequency table
           value count     1     2     4     8    16    32
                ------ ----- ----- ----- ----- ----- -----
               0     9     0     0     0     0     0     0
               2     1     0     1     0     0     0     0
                ------ ----- ----- ----- ----- ----- -----
            tot:    10     0     1     0     0     0     0
TriggerAlg           INFO Tower trigger summary
               Tower    count 
                             7         1

OnboardFilter        INFO Rejected 0 triggers using mask 0x101
OnboardFilter        INFO Veto Bit Summary
                       Trigger Name     Count
          DFC_M_STATUS_TKR_LT_2_ELO         0
             DFC_M_STATUS_TKR_SKIRT         0
              DFC_M_STATUS_TKR_EQ_0         0
              DFC_M_STATUS_TKR_ROW2         0
             DFC_M_STATUS_TKR_ROW01         0
               DFC_M_STATUS_TKR_TOP         0
               DFC_M_STATUS_ZBOTTOM         0
           DFC_M_STATUS_EL0_ETOT_90         0
           DFC_M_STATUS_EL0_ETOT_01         0
                  DFC_M_STATUS_SIDE         0
                   DFC_M_STATUS_TOP         0
              DFC_M_STATUS_SPLASH_1         0
      DFC_M_STATUS_E350_FILTER_TILE         0
               DFC_M_STATUS_E0_TILE         0
              DFC_M_STATUS_SPLASH_0         0
   DFC_M_STATUS_NOCALLO_FILTER_TILE         0
                DFC_M_STATUS_VETOED         0

FirstPass            INFO 
FirstPass            INFO ====>> 0 events failed in this run
FirstPass            INFO 
Iteration            INFO 
Iteration            INFO ====>> 0 events failed in this run
Iteration            INFO 
meritAlg             INFO 
        Generated events :   1000
=======================================================
Analysis cuts: LnA
          Found in tuple :      1
-------------------------------------------------------
  Generated energy--mean :    100
                     rms :      0
                     min :    100
                     max :    100
     Elapsed time (sec): :      0
          TkrNumTracks>0 :      1
   Accepted for analysis :      1
-------------------------------------------------------
 Layers 0-11  All
             Events used :      1
        eff. proj. sigma :  0.481 deg = 28.9 arc-min
           68% contained :   4.81 deg = 6.62*(1.51*sigma)
           95% contained :   4.81 deg = 4.09*(2.45*sigma)
        Energy: meas/gen :  0.863
                     std :      0
       events w/ no data :      0
          effective area :     60 cm^2
         Figure of merit :    922 cm
-------------------------------------------------------
 Layers 12-15  All
             Events used :      0
        Energy: meas/gen :      0
                     std :      0
       events w/ no data :      0
          effective area :      0 cm^2
         Figure of merit : -2147483648 cm
-------------------------------------------------------
    total effective area :     60 cm^2
            Combined FOM : -2147483648 cm

EventLoopMgr         INFO Histograms converted successfully according to request.
*****Chrono*****     INFO ****************************************************************************************************
*****Chrono*****     INFO  The Final CPU consumption ( Chrono ) Table (ordered)
*****Chrono*****     INFO ****************************************************************************************************
Output:execute       INFO Time User   : Tot=    0 [us]                                             #=  1
RecoDisplay:exe...   INFO Time User   : Tot=    0 [us]                                             #=  1
EventDisplay:ex...   INFO Time User   : Tot=    0 [us] Ave/Min/Max=    0(+-    0)/    0/    0 [us] #= 10
FilterAlg:execute    INFO Time User   : Tot=    0 [us]                                             #=  1
FilterTracks:ex...   INFO Time User   : Tot=    0 [us]                                             #=  1
FluxAlg:execute      INFO Time User   : Tot=    0 [us] Ave/Min/Max=    0(+-    0)/    0/    0 [us] #= 10
TkrCalibAlg:exe...   INFO Time User   : Tot=    0 [us] Ave/Min/Max=    0(+-    0)/    0/    0 [us] #= 10
CalibrationUpda...   INFO Time User   : Tot=    0 [us] Ave/Min/Max=    0(+-    0)/    0/    0 [us] #= 10
EbfWriter:execute    INFO Time User   : Tot=   10 [ms]                                             #=  1
CalXtalRecAlg:e...   INFO Time User   : Tot=   10 [ms]                                             #=  1
Iteration:execute    INFO Time User   : Tot=   10 [ms]                                             #=  1
TkrIter:execute      INFO Time User   : Tot=   10 [ms]                                             #=  1
first:execute        INFO Time User   : Tot=   10 [ms]                                             #=  1
OnboardFilter:e...   INFO Time User   : Tot=   10 [ms]                                             #=  1
AcdReconAlg:exe...   INFO Time User   : Tot=   10 [ms]                                             #=  1
Acd:execute          INFO Time User   : Tot=   10 [ms]                                             #=  1
TriggerAlg:execute   INFO Time User   : Tot=   10 [ms] Ave/Min/Max=    1(+-    3)/    0/   10 [ms] #= 10
second:execute       INFO Time User   : Tot=   10 [ms]                                             #=  1
Cal2:execute         INFO Time User   : Tot=   10 [ms]                                             #=  1
ExposureAlg:exe...   INFO Time User   : Tot=   20 [ms] Ave/Min/Max=    2(+-    4)/    0/   10 [ms] #= 10
Cal1:execute         INFO Time User   : Tot=   20 [ms]                                             #=  1
Trigger:execute      INFO Time User   : Tot=   30 [ms] Ave/Min/Max=    3(+-  6.4)/    0/   20 [ms] #= 10
meritAlg:execute     INFO Time User   : Tot=   50 [ms]                                             #=  1
AcdDigiAlg:execute   INFO Time User   : Tot=   80 [ms] Ave/Min/Max=    8(+-    4)/    0/   10 [ms] #= 10
TkrDigiAlg:execute   INFO Time User   : Tot=  110 [ms] Ave/Min/Max=   11(+-    7)/    0/   30 [ms] #= 10
FirstPass:execute    INFO Time User   : Tot=  130 [ms]                                             #=  1
Tkr:execute          INFO Time User   : Tot=  130 [ms]                                             #=  1
Reconstruction:...   INFO Time User   : Tot=  180 [ms]                                             #=  1
Triggered:execute    INFO Time User   : Tot=  260 [ms] Ave/Min/Max=   26(+- 74.7)/    0/  250 [ms] #= 10
CalDigiAlg:execute   INFO Time User   : Tot= 0.88  [s] Ave/Min/Max=   88(+- 7.48)/   80/  100 [ms] #= 10
Digitization:ex...   INFO Time User   : Tot= 1.07  [s] Ave/Min/Max=  107(+- 13.5)/   90/  140 [ms] #= 10
G4Generator:exe...   INFO Time User   : Tot= 12.4  [s] Ave/Min/Max= 1.24(+- 3.66)/    0/ 12.2  [s] #= 10
Generator:execute    INFO Time User   : Tot= 12.5  [s] Ave/Min/Max= 1.25(+- 3.66)/    0/ 12.2  [s] #= 10
Top:execute          INFO Time User   : Tot= 13.8  [s] Ave/Min/Max= 1.38(+- 3.67)/  0.1/ 12.4  [s] #= 10
ChronoStatSvc        INFO Time User   : Tot= 13.8  [s]                                             #=  1
*****Chrono*****     INFO ****************************************************************************************************
ChronoStatSvc.f...   INFO  Service finalized succesfully 
RootTupleSvc         INFO Writing the TTree "Exposure" in file merit.root with 1 rows (10 total events)
RootTupleSvc         INFO Writing the TTree "MeritTuple" in file merit.root with 1 rows (10 total events)
ParticlePropert...   INFO Service finalised successfully
ApplicationMgr       INFO Application Manager Finalized successfully
