JobOptionsSvc        INFO 

//##############################################################
//
// Job options file gleamOptions.txt
//
//==============================================================

// --> Including file $GLEAMROOT/src/default.txt


//##############################################################
//
// Job options file for Gleam job to run detault source for 10K events

//$Header$

// start with the basic program defined in Gleam
// --> Including file $GLEAMROOT/src/basicOptions.txt


//##############################################################
//
// basic Job options file for a Gleam execution
// $Header$

// primary DLLs, including auditor 

ApplicationMgr.DLLs+= { "GaudiAlg", "GaudiAud"};
ApplicationMgr.ExtSvc += {"ChronoStatSvc"};
AuditorSvc.Auditors = {"ChronoAuditor"};

// ----------------------------
// setup basic event loop stuff
//
ApplicationMgr.ExtSvc = { 
    "GlastEventSelector/EventSelector" , 
    "EventCnvSvc"
    };

EventPersistencySvc.CnvServices = {"EventCnvSvc"};
EventSelector.Input = "NONE";


// ----------------------------
//  a structure for the topalg, using sequencer steps

ApplicationMgr.TopAlg = {
      "Sequencer/Top" };

//the top sequence loop
Top.Members={
    "Sequencer/Generator",
    "Sequencer/Digitization",
    "Sequencer/EventDisplay",
    "Sequencer/Triggered" };


// the sequence that is triggered
Triggered.Members={
    "Sequencer/Trigger",
    "Sequencer/Reconstruction",
    "Sequencer/RecoDisplay",
    "Sequencer/Output" };

// ----------------------------
//  Geometry definition
//
ApplicationMgr.DLLs += {"GlastSvc"};
ApplicationMgr.ExtSvc += { "GlastDetSvc"};
GlastDetSvc.topVolume="LAT"; 
GlastDetSvc.xmlfile="$(XMLGEODBSROOT)/xml/flight/flightSegVols.xml";
GlastDetSvc.visitorMode="recon";

// ----------------------------
//  Randoms definition
//
ApplicationMgr.ExtSvc += { "GlastRandomSvc"};

// ----------------------------
//  Generation or input
//
ApplicationMgr.DLLs +={ "G4Generator","G4Propagator"};
ApplicationMgr.ExtSvc += {"G4GeometrySvc"};
Generator.Members = {"FluxAlg", "G4Generator", "ExposureAlg"};
G4Generator.defaultCutValue=0.7; 
G4Generator.defaultTkrCutValue=0.1;
G4Generator.defaultCalCutValue=0.7;

// --> Including file $FLUXSVCROOT/src/defaultOptions.txt


// Standard options for FluxSvc clients
//-------------------------------------
ApplicationMgr.ExtSvc += { "FluxSvc" };
ApplicationMgr.DLLs   += { "FluxSvc" }; 
FluxSvc.source_lib  = {"$(FLUXROOT)/xml/source_library.xml"};
ApplicationMgr.ExtSvc += { "ParticlePropertySvc" };
// controls the event loop
ApplicationMgr.Runable= "FluxSvc";
//---------------------------------------------------

// <-- End of including file $FLUXSVCROOT/src/defaultOptions.txt


// Append (or replace) the list of source library documents
FluxSvc.source_lib += {"$(G4GENERATORROOT)/src/test/test_sources.xml"};
FluxAlg.source_name="muon_pencil_angle";

// add in CRflux option
ApplicationMgr.DLLs +={ "CRflux" };
FluxSvc.source_lib += {
   "$(CRFLUXROOT)/xml/source_library.xml"};

// ----------------------------
//  Digitization
//
ApplicationMgr.DLLs +={ "TkrDigi", "CalDigi", "AcdDigi"  };
Digitization.Members = { 
    "TkrDigiAlg", 
    "CalDigiAlg", 
    "AcdDigiAlg"};


// ----------------------------
//  Trigger calculation
//
ApplicationMgr.DLLs +={ "Trigger"};
Trigger.Members = {"TriggerAlg"};
TriggerAlg.mask = -1; // all bits on by default: reject if none set (e.g., missed)

// ----------------------------
//  onboard filter 
//
ApplicationMgr.DLLs += {"EbfWriter", "OnboardFilter"};
Trigger.Members += {"EbfWriter", "OnboardFilter"};
Triggered.Members += {"FilterTracks","FilterAlg"};
OnboardFilter.mask=0; // all bits off by default: no rejection

// ----------------------------
//   Reconstruction
//
ApplicationMgr.ExtSvc += { "GlastPropagatorSvc" };

ApplicationMgr.DLLs +={ 
    "CalibSvc",
    "CalRecon", "CalUtil", "TkrUtil",
    "TkrRecon"
    };
Reconstruction.Members={ 
      "Sequencer/Cal1", 
      "Sequencer/Tkr",
      "Sequencer/Cal2",
      "Sequencer/TkrIter",
      "Sequencer/Acd"
      };
         

//          tracker
// -------------------------------------------
ApplicationMgr.ExtSvc   += { "TkrGeometrySvc"};
ApplicationMgr.ExtSvc   += { "TkrInitSvc"};


// Start up a CalibDataSvc 
ApplicationMgr.ExtSvc += {"CalibDataSvc"};

ApplicationMgr.ExtSvc += {"CalibMySQLCnvSvc", "CalibXmlCnvSvc" };

DetectorPersistencySvc.CnvServices += {"CalibMySQLCnvSvc"};
DetectorPersistencySvc.CnvServices += {"CalibXmlCnvSvc"};

// CalibDataSvc properties 
// Storage type of 14 corresponds to MYSQL
CalibDataSvc.CalibInstrumentName = "LAT";
CalibDataSvc.CalibStorageType = 14;
CalibDataSvc.CalibRootName = "Calib";
CalibDataSvc.CalibFlavorList = {"ideal"};


Cal1.Members = { 
      "CalXtalRecAlg", 
      "CalClustersAlg/first"
      };
Tkr.Members = {
      "TkrReconAlg/FirstPass"
      };
Cal2.Members = {
      "CalClustersAlg/second"
      };
TkrIter.Members = {
      "TkrReconAlg/Iteration"
      };
second.OutputLevel=5;  // since this guy generates INFO lines
// ----------------------------
//   ACD recon
//
ApplicationMgr.DLLs += {"AcdRecon"};
Acd.Members = {"AcdReconAlg"};

// ----------------------------
//   Atwood's tuple and merit
//
ApplicationMgr.DLLs += {"AnalysisNtuple", "ntupleWriterSvc", "merit"};
ApplicationMgr.ExtSvc += {"RootTupleSvc"};
Triggered.Members += { "meritAlg" };

// ---------------------------- 
//   Output
//
ApplicationMgr.DLLs +={   "RootIo"}; 
Output.Members = {"mcRootWriterAlg", "digiRootWriterAlg", "reconRootWriterAlg"};

 // output levels, including suppression to allow debug, info
mcRootWriterAlg.OutputLevel=3;
digiRootWriterAlg.OutputLevel=3;
reconRootWriterAlg.OutputLevel=3;
ToolSvc.OutputLevel=3;    // too verbose in debug
CalClustersAlg.OutputLevel=4; // too much info
TkrClusFirst.OutputLevel=4;
CalDigiAlg.OutputLevel=4;
TkrAlignmentSvc.OutputLevel=4;
TkrGeometrySvc.OutputLevel=4;
EbfWriter.OutputLevel=4;
ToolSvc.LastLayerCorrTool.OutputLevel=4; 
ToolSvc.OutputLevel=4;
CalXtalRecAlg.OutputLevel=4;
    
// Set output level threshold (2=DEBUG, 3=INFO, 4=WARNING, 5=ERROR, 6=FATAL )
MessageSvc.OutputLevel = 3;

//==============================================================
//
// End of job options file
//
//##############################################################


// <-- End of including file $GLEAMROOT/src/basicOptions.txt


// following, if uncommented, will run the GUI
//#include "$GLEAMROOT/src/guiOptions.txt"

FluxAlg.source_name="default";

// set root output from merit with following
MeritAlg.EventTreeName="MeritTuple";
MeritAlg.PointingTreeName="Exposure";

RootTupleSvc.filename="merit.root";

// Set output level threshold (2=DEBUG, 3=INFO, 4=WARNING, 5=ERROR, 6=FATAL )
CalClustersAlg.OutputLevel=4; // too much info

// Number of events to process
MeritAlg.generated = 1000; // for estimation of Aeff
ApplicationMgr.EvtMax = 1000;

MessageSvc.OutputLevel      =3;

//==============================================================
//
// End of job options file
//
//##############################################################

// <-- End of including file $GLEAMROOT/src/default.txt


CalClustersAlg.OutputLevel = 2;
first.OutputLevel = 2;
second.OutputLevel = 2;
ApplicationMgr.EvtMax = 10 ;
Output.Members={} ; // turn off any root ouptut


//==============================================================
//
// End of gleamOptions.txt
//
//##############################################################


Job options successfully read in from D:\Users\chamont\GrCalRecon\CalRecon\v5r16p2\src\test\gleamOptions.txt
ApplicationMgr       INFO Successfully loaded modules: GaudiAlg, GaudiAud, GlastSvc, G4Generator, G4Propagator, FluxSvc, CRflux, TkrDigi, CalDigi, AcdDigi, Trigger, EbfWriter, OnboardFilter, CalibSvc, CalRecon, CalUtil, TkrUtil, TkrRecon, AcdRecon, AnalysisNtuple, ntupleWriterSvc, merit, RootIo
ApplicationMgr       INFO Application Manager Configured successfully
EventSelector        INFO GlastEventSelector input has been set to NONE
EventPersistenc...   INFO "CnvServices": ["EventCnvSvc"]
detModel Doc Client: registered the constants!
detModel Doc Client: registered the materials!
detModel Doc Client: registered the id dictionary!
detModel Doc Client: registered the sections!
GlastDetSvc          INFO  geometry setup: 
    document = d:\ground\GlastRelease\v5r0\xmlGeoDbs\v1r21/xml/flight/flightSegVols.xml
        mode = recon
      topvol = LAT
Summary of IDmap contents:
       Detector name     count
       -------------     -----
              CsISeg     18432
       SiWaferActive      9216
              diodeL      3072
              diodeS      3072
          sideRibbon        16
sideTileR0EdgeGreater         4
sideTileR0EdgeLesser         4
       sideTileR0Mid        12
sideTileR1EdgeGreater         4
sideTileR1EdgeLesser         4
       sideTileR1Mid        12
sideTileR2EdgeGreater         4
sideTileR2EdgeLesser         4
       sideTileR2Mid        12
          sideTileR3         4
   topTileRcentCcent         3
   topTileRcentCedge         6
    topTileRcentCmid         6
   topTileRedgeCcent         2
   topTileRedgeCedge         4
    topTileRedgeCmid         4
          xRibbonTop         4
      yRibbonTopCent         4
      yRibbonTopEdge         8
       yRibbonTopMid         8
              total:     33921

GlastRandomSvc       INFO Setting CLHEP Engine TripleRand for G4GeneratorRandom at 04A0D8E0
GlastRandomSvc       INFO Setting CLHEP Engine TripleRand for FluxSvcRandom at 04A0DEB0
GlastRandomSvc       INFO Setting CLHEP Engine TripleRand for TkrDigiRandom at 04A0E2B0
GlastRandomSvc       INFO Setting CLHEP Engine TripleRand for CalDigiRandom at 04A0EB48
GlastRandomSvc       INFO Setting CLHEP Engine TripleRand for AcdDigiRandom at 04A0F0F0
GlastRandomSvc       INFO Setting CLHEP Engine TripleRand for RootIoRandom at 04A13380
G4GeometrySvc        INFO G4GeometrySvc Initialization started
	DetectorConstruction created 407, 137 physical, logical volumes, using  mode from G4Generator job options: recon
G4GeometrySvc        INFO G4GeometrySvc Initialization completed successfully
ParticlePropert...   INFO Opened particle properties file : d:\ground\GlastRelease\v5r0\FluxSvc\v6r16p3/cdf/particle.cdf
GlastPropagatorSvc   INFO Using Geant4 Particle Propagator
TkrGeometrySvc       INFO Retrieved G4PropagationTool
TkrGeometrySvc       INFO Propagator goes from 682.315 to -57.685

TkrGeometrySvc       INFO Type 0 numLayers 2 aveConv 0 aveRest 0.0184657
TkrGeometrySvc       INFO Type 1 numLayers 12 aveConv 0.0299628 aveRest 0.0161194
TkrGeometrySvc       INFO Type 2 numLayers 4 aveConv 0.181349 aveRest 0.0189678
TkrGeometrySvc       INFO Type 3 numLayers 18 aveConv 0.060275 aveRest 0.0170131
TkrGeometrySvc       INFO 
TkrAlignmentSvc      INFO No alignment was requested.
TkrAlignmentSvc      INFO   No alignment will be done.
TkrBadStripsSvc      INFO No bad strips file was requested.
TkrGeometrySvc       INFO TkrGeometrySvc successfully initialized
DetectorPersist...   INFO "CnvServices": ["CalibMySQLCnvSvc", "CalibXmlCnvSvc"]
DetectorPersist...   INFO Added successfully Conversion service:CalibMySQLCnvSvc
CalibMySQLCnvSvc     INFO Specific initialization starting
CalibMySQLCnvSvc     INFO Specific initialization completed
TkrBadStripsSvc      INFO No bad strips file was requested.
FluxSvc              INFO Registering factories external to flux
FluxSvc              INFO Registering sources in RegisterCRflux
FluxSvc.Registe...   INFO Register CRflux Spectrum(s)...
Top                  INFO Member list: Sequencer/Generator, Sequencer/Digitization, Sequencer/EventDisplay, Sequencer/Triggered
Generator            INFO Member list: FluxAlg, G4Generator, ExposureAlg
FluxAlg              INFO initialize
FluxAlg              INFO no rocking mode called, rocking disabled for this run.
FluxAlg              INFO loading source default
FluxAlg              INFO Source title: gamma(0.1 GeV), radius(1381.98),  dir(0,0,-1)
FluxAlg              INFO         area: 6
FluxAlg              INFO         rate: 2.4
G4Generator          INFO initialize
G4Generator          INFO DefaultCutValue=0.7 mm
G4Generator          INFO DefaultTkrCutValue=0.1 mm
G4Generator          INFO DefaultCalCutValue=0.7 mm
G4Generator          INFO Physics List = full
G4Generator          INFO Cut Table build
G4Generator          INFO Cut Table DirG4cuts/100micron/
G4Generator       WARNING Using the Old 3.2 version of Multiple scattering

*************************************************************
 Geant4 version $Name$   (26-October-2004)
                      Copyright : Geant4 Collaboration
                      Reference : NIM A 506 (2003), 250-303
                            WWW : http://cern.ch/geant4
*************************************************************

G4Generator          INFO Initializing run manager...

 done.
G4Generator          INFO 
ExposureAlg          INFO initialize
Digitization         INFO Member list: TkrDigiAlg, CalDigiAlg, AcdDigiAlg
TkrDigiAlg           INFO initialize
TkrDigiMcToHitAlg    INFO initialize
TkrDigiNoiseAlg      INFO initialize
TkrDigiHitToDig...   INFO initialize
CalDigiAlg          ERROR service_i: can not locate service CalFailureModeSvc
AcdDigiAlg           INFO will add noise to 105 ACD tiles, ids from /1/0/40/0/0 to /1/3/41/1/3/0
Triggered            INFO Member list: Sequencer/Trigger, Sequencer/Reconstruction, Sequencer/RecoDisplay, Sequencer/Output, FilterTracks, FilterAlg, meritAlg
Trigger              INFO Member list: TriggerAlg, EbfWriter, OnboardFilter
TriggerAlg           INFO No trigger requirement
OnboardFilter        INFO Initializing Filter Settings
Reconstruction       INFO Member list: Sequencer/Cal1, Sequencer/Tkr, Sequencer/Cal2, Sequencer/TkrIter, Sequencer/Acd
Cal1                 INFO Member list: CalXtalRecAlg, CalClustersAlg/first
first                INFO CalClustersAlg: callNumber = 0
Tkr                  INFO Member list: TkrReconAlg/FirstPass
FirstPass            INFO TkrReconAlg Initialization
TkrFitFirst          INFO TkrTrackFitAlg Initialization
TkrDisplayAlg       ERROR service_i: can not locate service GuiSvc
TkrDisplayAlg     WARNING No GuiSvc: so, no event display 
Cal2                 INFO Member list: CalClustersAlg/second
second               INFO CalClustersAlg: callNumber = 0
TkrIter              INFO Member list: TkrReconAlg/Iteration
Iteration            INFO TkrReconAlg Initialization
TkrFitIter           INFO TkrTrackFitAlg Initialization
Acd                  INFO Member list: AcdReconAlg
AcdReconAlg          INFO initialize
RootTupleSvc         INFO Creating new tree "MeritTuple"
RootTupleSvc         INFO Creating new tree "Exposure"
meritAlg            ERROR service_i: can not locate service GuiSvc
EventSelector        INFO No input file selected for GlastEventSelector
HistogramPersis...   INFO "CnvServices": ["HbookHistSvc", "RootHistSvc"]
HistogramPersis...WARNING Histograms saving not required.
ApplicationMgr       INFO Application Manager Initialized successfully
FluxSvc              INFO Runable interface starting event loop as : MaxEvt = 10
EventPersistenc...   INFO Added successfully Conversion service:EventCnvSvc

compt:  Total cross sections from a parametrisation. Good description from 10 KeV to (100/Z) GeV. 
       Scattered gamma energy according Klein-Nishina.
        PhysicsTables from 1 keV to 100 GeV in 80 bins. 

conv:  Total cross sections from a parametrisation. Good description from 1.5 MeV to 100 GeV for all Z. 
        e+e- energies according Bethe-Heitler
        PhysicsTables from 1.022 MeV to 100 GeV in 100 bins. 

eBrem:   tables are built for  e-
      dE/dx and range tables from 100 eV  to 100 TeV in 120 bins.
      Lambda tables from threshold to 100 TeV in 120 bins.
      Total cross sections from a parametrisation based on the EEDL data library. 
      Good description from 1 KeV to 100 GeV, log scale extrapolation above 100 GeV.

eIoni:   tables are built for  e-
      dE/dx and range tables from 100 eV  to 100 TeV in 120 bins.
      Lambda tables from threshold to 100 TeV in 120 bins.
      Step function: finalRange(mm)= 1, dRoverRange= 1, integral: 1
      Delta cross sections from Moller+Bhabha, good description from 1 KeV to 100 GeV.

msc:   Tables of transport mean free paths.
          New model of MSC , computes the lateral 
          displacement of the particle , too.
        PhysicsTables from 100 eV  to 100 TeV in 100 bins. 

eBrem:   tables are built for  e+
      dE/dx and range tables from 100 eV  to 100 TeV in 120 bins.
      Lambda tables from threshold to 100 TeV in 120 bins.
      Total cross sections from a parametrisation based on the EEDL data library. 
      Good description from 1 KeV to 100 GeV, log scale extrapolation above 100 GeV.

annihil:  Total cross section from Heilter formula(annihilation into 2 photons).
        gamma energies sampled according Heitler
        PhysicsTables from 10 keV to 10 TeV in 100 bins. 

annihil:  Total cross section from Heilter formula(annihilation into 2 photons).
        gamma energies sampled according Heitler
        PhysicsTables from 10 keV to 10 TeV in 100 bins. 

eIoni:   tables are built for  e+
      dE/dx and range tables from 100 eV  to 100 TeV in 120 bins.
      Lambda tables from threshold to 100 TeV in 120 bins.
      Step function: finalRange(mm)= 1, dRoverRange= 1, integral: 1
      Delta cross sections from Moller+Bhabha, good description from 1 KeV to 100 GeV.

hIoni:   tables are built for  proton
      dE/dx and range tables from 100 eV  to 100 TeV in 120 bins.
      Lambda tables from threshold to 100 TeV in 120 bins.
      Step function: finalRange(mm)= 1, dRoverRange= 0.2, integral: 1
      Bether-Bloch model for Escaled > 2 MeV, parametrisation of Bragg peak below, Integral mode 1

msc:   Tables of transport mean free paths.
          New model of MSC , computes the lateral 
          displacement of the particle , too.
        PhysicsTables from 100 eV  to 100 TeV in 100 bins. 

MuIoni:   tables are built for  mu+
      dE/dx and range tables from 100 eV  to 100 TeV in 120 bins.
      Lambda tables from threshold to 100 TeV in 120 bins.
      Step function: finalRange(mm)= 1, dRoverRange= 0.2, integral: 1
      Bether-Bloch model for E > 0.2 MeV, parametrisation of Bragg peak below, 
      radiative corrections for E > 1 GeV

MuBrems:   tables are built for  mu+
      dE/dx and range tables from 100 eV  to 100 TeV in 120 bins.
      Lambda tables from threshold to 100 TeV in 120 bins.
      Parametrised model 

MuPairProd:   tables are built for  mu+
      dE/dx and range tables from 100 eV  to 100 TeV in 120 bins.
      Lambda tables from threshold to 100 TeV in 120 bins.
      Parametrised model 

MuNucl:  cross sections from R. Kokoulin 
          Good description up to 1000 PeV.
    PhysicsTables from 1 GeV to 1000 PeV in 100 bins. 


msc:   Tables of transport mean free paths.
          New model of MSC , computes the lateral 
          displacement of the particle , too.
        PhysicsTables from 100 eV  to 100 TeV in 100 bins. 
### All dEdx and Range tables are built #####

MuIoni:   tables are built for  mu-
      dE/dx and range tables from 100 eV  to 100 TeV in 120 bins.
      Lambda tables from threshold to 100 TeV in 120 bins.
      Step function: finalRange(mm)= 1, dRoverRange= 0.2, integral: 1
      Bether-Bloch model for E > 0.2 MeV, parametrisation of Bragg peak below, 
      radiative corrections for E > 1 GeV
FluxSvc              INFO 10% complete:  event 1,  time 0.195496
FluxSvc              INFO 20% complete:  event 2,  time 0.694054
FluxSvc              INFO 30% complete:  event 3,  time 0.867106
FluxSvc              INFO 40% complete:  event 4,  time 1.44333
FluxSvc              INFO 50% complete:  event 5,  time 1.49025
first               DEBUG No TKR Reconstruction available 
first               DEBUG  --- CalClusterCol  --- 1
first               DEBUG Energy 22.4531 Corrected 22.4531 320.372 278.634 -85.1086 -1000 -1000 -1000
second              DEBUG number of tracks = 1
second              DEBUG track direction = 0.999953
second              DEBUG  --- CalClusterCol  --- 1
second              DEBUG Energy 22.4531 Corrected 34.4467 320.372 278.634 -85.1086 -1000 -1000 -1000
FluxSvc              INFO 60% complete:  event 6,  time 1.51236
FluxSvc              INFO 70% complete:  event 7,  time 1.61644
FluxSvc              INFO 80% complete:  event 8,  time 1.88579
first               DEBUG No TKR Reconstruction available 
first               DEBUG  --- CalClusterCol  --- 1
first               DEBUG Energy 35.5695 Corrected 35.5695 422.65 268.275 -151.884 -0.957148 0.179149 0.227537
second              DEBUG number of tracks = 2
second              DEBUG track direction = 0.999501
second              DEBUG  --- CalClusterCol  --- 1
second              DEBUG Energy 35.5695 Corrected 55.9562 422.65 268.275 -151.884 -0.957148 0.179149 0.227537
FluxSvc              INFO 90% complete:  event 9,  time 2.12546
first               DEBUG No TKR Reconstruction available 
first               DEBUG  --- CalClusterCol  --- 1
first               DEBUG Energy 44.3805 Corrected 44.3805 594.096 643.165 -83.8754 0.465152 0.872068 0.152089
second              DEBUG number of tracks = 1
second              DEBUG track direction = 0.999465
second              DEBUG  --- CalClusterCol  --- 1
second              DEBUG Energy 44.3805 Corrected 51.2028 594.096 643.165 -83.8754 0.465152 0.872068 0.152089
FluxSvc              INFO Processing loop terminated by event count
FluxSvc              INFO End after 10 events, time = 2.53543
FluxAlg              INFO Computed Rate: 4.27362 Hz
			  Source ID    counts
				-1	10
G4Generator          INFO finalize: 
ExposureAlg          INFO Processed 0 ticks
TkrDigiAlg           INFO finalize
TkrDigiMcToHitAlg    INFO finalize
TkrDigiNoiseAlg      INFO finalize
TkrDigiHitToDig...   INFO finalize
TriggerAlg           INFO Totals triggered/ processed: 3/10
             bit frequency table
           value count     1     2     4     8    16    32
                ------ ----- ----- ----- ----- ----- -----
               0     7     0     0     0     0     0     0
               4     3     0     0     3     0     0     0
                ------ ----- ----- ----- ----- ----- -----
            tot:    10     0     0     3     0     0     0
TriggerAlg           INFO Tower trigger summary
               Tower    count 
                            10         1
                            11         1
                            15         1

OnboardFilter        INFO Rejected 0 triggers using mask 0x0
OnboardFilter        INFO Veto Bit Summary
                       Trigger Name     Count
          DFC_M_STATUS_TKR_LT_2_ELO         0
             DFC_M_STATUS_TKR_SKIRT         0
              DFC_M_STATUS_TKR_EQ_0         0
              DFC_M_STATUS_TKR_ROW2         0
             DFC_M_STATUS_TKR_ROW01         0
               DFC_M_STATUS_TKR_TOP         0
               DFC_M_STATUS_ZBOTTOM         0
           DFC_M_STATUS_EL0_ETOT_90         0
           DFC_M_STATUS_EL0_ETOT_01         0
                  DFC_M_STATUS_SIDE         0
                   DFC_M_STATUS_TOP         0
              DFC_M_STATUS_SPLASH_1         0
      DFC_M_STATUS_E350_FILTER_TILE         0
               DFC_M_STATUS_E0_TILE         0
              DFC_M_STATUS_SPLASH_0         0
   DFC_M_STATUS_NOCALLO_FILTER_TILE         0
                DFC_M_STATUS_VETOED         0

FirstPass            INFO ====>> 0 failed events in this run
Iteration            INFO ====>> 0 failed events in this run
meritAlg             INFO 
        Generated events :   1000
=======================================================
Analysis cuts: LntA
          Found in tuple :      3
-------------------------------------------------------
  Generated energy--mean :    100
                     rms : 1.3487e-006
                     min :    100
                     max :    100
     Elapsed time (sec): : 1.02308
          TkrNumTracks>0 :      3
IM PSF tail cuts
      IMgoodCalProb>0.25 :      0
          IMcoreProb>0.2 :      0
          Tkr1Zdir<-0.25 :      0
-------------------------------------------------------
   Accepted for analysis :      0
-------------------------------------------------------
EventLoopMgr         INFO Histograms converted successfully according to request.
*****Chrono*****     INFO ****************************************************************************************************
*****Chrono*****     INFO  The Final CPU consumption ( Chrono ) Table (ordered)
*****Chrono*****     INFO ****************************************************************************************************
Acd:execute          INFO Time User   : Tot=    0 [us] Ave/Min/Max=    0(+-    0)/    0/    0 [us] #=  3
AcdDigiAlg:execute   INFO Time User   : Tot=    0 [us] Ave/Min/Max=    0(+-    0)/    0/    0 [us] #= 10
AcdReconAlg:exe...   INFO Time User   : Tot=    0 [us] Ave/Min/Max=    0(+-    0)/    0/    0 [us] #=  3
Cal1:execute         INFO Time User   : Tot=    0 [us] Ave/Min/Max=    0(+-    0)/    0/    0 [us] #=  3
FluxAlg:execute      INFO Time User   : Tot=    0 [us] Ave/Min/Max=    0(+-    0)/    0/    0 [us] #= 10
CalXtalRecAlg:e...   INFO Time User   : Tot=    0 [us] Ave/Min/Max=    0(+-    0)/    0/    0 [us] #=  3
Output:execute       INFO Time User   : Tot=    0 [us] Ave/Min/Max=    0(+-    0)/    0/    0 [us] #=  3
EbfWriter:execute    INFO Time User   : Tot=    0 [us] Ave/Min/Max=    0(+-    0)/    0/    0 [us] #=  3
EventDisplay:ex...   INFO Time User   : Tot=    0 [us] Ave/Min/Max=    0(+-    0)/    0/    0 [us] #= 10
ExposureAlg:exe...   INFO Time User   : Tot=    0 [us] Ave/Min/Max=    0(+-    0)/    0/    0 [us] #= 10
FilterAlg:execute    INFO Time User   : Tot=    0 [us] Ave/Min/Max=    0(+-    0)/    0/    0 [us] #=  3
FilterTracks:ex...   INFO Time User   : Tot=    0 [us] Ave/Min/Max=    0(+-    0)/    0/    0 [us] #=  3
RecoDisplay:exe...   INFO Time User   : Tot=    0 [us] Ave/Min/Max=    0(+-    0)/    0/    0 [us] #=  3
TriggerAlg:execute   INFO Time User   : Tot=    0 [us] Ave/Min/Max=    0(+-    0)/    0/    0 [us] #= 10
first:execute        INFO Time User   : Tot=    0 [us] Ave/Min/Max=    0(+-    0)/    0/    0 [us] #=  3
CalDigiAlg:execute   INFO Time User   : Tot= 15.6 [ms] Ave/Min/Max= 1.56(+- 4.69)/    0/ 15.6 [ms] #= 10
OnboardFilter:e...   INFO Time User   : Tot= 15.6 [ms] Ave/Min/Max= 5.21(+- 7.37)/    0/ 15.6 [ms] #=  3
Iteration:execute    INFO Time User   : Tot= 15.6 [ms] Ave/Min/Max= 5.21(+- 7.37)/    0/ 15.6 [ms] #=  3
TkrIter:execute      INFO Time User   : Tot= 15.6 [ms] Ave/Min/Max= 5.21(+- 7.37)/    0/ 15.6 [ms] #=  3
Trigger:execute      INFO Time User   : Tot= 15.6 [ms] Ave/Min/Max= 1.56(+- 4.69)/    0/ 15.6 [ms] #= 10
Cal2:execute         INFO Time User   : Tot= 31.3 [ms] Ave/Min/Max= 10.4(+- 7.37)/    0/ 15.6 [ms] #=  3
TkrDigiAlg:execute   INFO Time User   : Tot= 31.3 [ms] Ave/Min/Max= 3.13(+- 6.25)/    0/ 15.6 [ms] #= 10
second:execute       INFO Time User   : Tot= 31.3 [ms] Ave/Min/Max= 10.4(+- 7.37)/    0/ 15.6 [ms] #=  3
meritAlg:execute     INFO Time User   : Tot= 31.3 [ms] Ave/Min/Max= 10.4(+- 7.37)/    0/ 15.6 [ms] #=  3
Digitization:ex...   INFO Time User   : Tot= 46.9 [ms] Ave/Min/Max= 4.69(+- 7.16)/    0/ 15.6 [ms] #= 10
FirstPass:execute    INFO Time User   : Tot=  438 [ms] Ave/Min/Max=  146(+-   83)/ 46.9/  250 [ms] #=  3
Tkr:execute          INFO Time User   : Tot=  438 [ms] Ave/Min/Max=  146(+-   83)/ 46.9/  250 [ms] #=  3
Reconstruction:...   INFO Time User   : Tot=  484 [ms] Ave/Min/Max=  161(+-   83)/ 62.5/  266 [ms] #=  3
Triggered:execute    INFO Time User   : Tot=0.531  [s] Ave/Min/Max= 53.1(+- 96.6)/    0/  297 [ms] #= 10
Generator:execute    INFO Time User   : Tot= 3.39  [s] Ave/Min/Max=  339(+-  981)/    0/3.28e+003 [ms] #= 10
G4Generator:exe...   INFO Time User   : Tot= 3.39  [s] Ave/Min/Max=  339(+-  981)/    0/3.28e+003 [ms] #= 10
Top:execute          INFO Time User   : Tot= 3.97  [s] Ave/Min/Max=  397(+-  967)/    0/3.28e+003 [ms] #= 10
ChronoStatSvc        INFO Time User   : Tot= 3.98  [s]                                             #=  1
*****Chrono*****     INFO ****************************************************************************************************
ChronoStatSvc.f...   INFO  Service finalized succesfully 
RootTupleSvc         INFO Writing the TTree "Exposure" in file merit.root with 3 rows (10 total events)
RootTupleSvc         INFO Writing the TTree "MeritTuple" in file merit.root with 3 rows (10 total events)
TkrGeometrySvc       INFO TkrGeometrySvc finalize called
ParticlePropert...   INFO Service finalised successfully
ApplicationMgr       INFO Application Manager Finalized successfully
