JobOptionsSvc        INFO 


// --> Including file $ROOTTESTDATAROOT/data/gamma_5_gev_normal/common.txt



// event loop
ApplicationMgr.DLLs += { "GlastSvc" } ;
ApplicationMgr.ExtSvc = { "GlastEventSelector/EventSelector" } ;
EventSelector.Input = "NONE" ;
ApplicationMgr.ExtSvc += { "EventCnvSvc" } ;
EventPersistencySvc.CnvServices = { "EventCnvSvc" } ;
ApplicationMgr.EvtMax = 10 ;

// geometry
ApplicationMgr.DLLs += { "G4Generator","G4Propagator", "TkrUtil", "CalUtil" } ;
ApplicationMgr.ExtSvc += { "GlastDetSvc", "G4GeometrySvc" } ;
GlastDetSvc.topVolume = "LAT" ; 
GlastDetSvc.xmlfile = "$(XMLGEODBSROOT)/xml/flight/flightSegVols.xml" ;
GlastDetSvc.visitorMode = "recon" ;

// calibration services
ApplicationMgr.DLLs +={ "CalibSvc" } ;
ApplicationMgr.ExtSvc += {"CalibDataSvc"} ;
ApplicationMgr.ExtSvc += {"CalibMySQLCnvSvc", "CalibXmlCnvSvc" } ;
DetectorPersistencySvc.CnvServices += { "CalibMySQLCnvSvc" } ;
DetectorPersistencySvc.CnvServices += { "CalibXmlCnvSvc" } ;
CalibDataSvc.CalibInstrumentName = "LAT" ;
CalibDataSvc.CalibStorageType = 14 ; // Mysql
CalibDataSvc.CalibRootName = "Calib" ;
CalibDataSvc.CalibFlavorList = {"ideal"} ;
ApplicationMgr.Dlls += {"CalXtalResponse"} ;
ApplicationMgr.ExtSvc += {"CalCalibSvc"} ;
CalCalibSvc.DefaultFlavor  = "ideal" ;

// algorithms skeleton
ApplicationMgr.DLLs += { "GaudiAlg", "RootIo" } ;
ApplicationMgr.TopAlg = { "PropertiesCheckAlg" } ;  
ApplicationMgr.TopAlg += { "TkrCalibAlg" } ;
ApplicationMgr.TopAlg += { "Sequencer/Simulation" } ;
ApplicationMgr.TopAlg += { "Sequencer/Reconstruction" } ;
PropertiesCheckAlg.exclude = {
  "ApplicationMgr", "EventSelector", "MessageSvc", "", "", "",
  "GlastDetSvc", "DetectorPersistencySvc", "EventPersistencySvc",
  "CalibDataSvc", "CalCalibSvc",
  "PropertiesCheckAlg" } ;
  
// etc
MessageSvc.OutputLevel = 2 ;


// <-- End of including file $ROOTTESTDATAROOT/data/gamma_5_gev_normal/common.txt


// read back simulation and reconstruction first pass
Simulation.Members += { "digiRootReaderAlg", "reconRootReaderAlg" } ;  
digiRootReaderAlg.digiRootFile = "$ROOTTESTDATAROOT/data/gamma_5_gev_normal/digi.root" ;
reconRootReaderAlg.reconRootFile = "$ROOTTESTDATAROOT/data/gamma_5_gev_normal/recon.root" ;

// calo reconstruction second pass
ApplicationMgr.DLLs += { "CalRecon" } ;
ApplicationMgr.ExtSvc += { "GlastPropagatorSvc" } ;
Reconstruction.Members += { "CalXtalRecAlg", "CalClustersAlg" } ;
ApplicationMgr.TopAlg += { "test_CalRecon" } ;




Job options successfully read in from /home/chamont/Glast/CalReconDev/CalRecon/v5r999/src/test/jobOptions.txt
ApplicationMgr      DEBUG Getting my own properties
DllClassManager     DEBUG Found factory Algorithm SetSeeds
DllClassManager     DEBUG Found factory MCEventCnv
ConverterFactory    DEBUG Added converter for class:MCEventCnv Storage id:1 clID:2929757986
DllClassManager     DEBUG Found factory Service GlastRandomSvc
DllClassManager     DEBUG Found factory Service GlastPropagatorSvc
DllClassManager     DEBUG Found factory Service GlastEventSelector
DllClassManager     DEBUG Found factory Service GlastDetSvc
DllClassManager     DEBUG Found factory Service EventCnvSvc
DllClassManager     DEBUG Found factory EventCnv
ConverterFactory    DEBUG Added converter for class:EventCnv Storage id:1 clID:110
DllClassManager     DEBUG Loaded 8 factories from module GlastSvc
DllClassManager     DEBUG Found factory Service G4GeometrySvc
DllClassManager     DEBUG Found factory G4GeneratorRandom
ObjectManager       DEBUG Added object factory for class:G4GeneratorRandom
DllClassManager     DEBUG Found factory Algorithm G4Generator
DllClassManager     DEBUG Loaded 3 factories from module G4Generator
DllClassManager     DEBUG Found factory G4PropagatorTool
ObjectManager       DEBUG Added object factory for class:G4PropagatorTool
DllClassManager     DEBUG Found factory G4PropagationTool
ObjectManager       DEBUG Added object factory for class:G4PropagationTool
DllClassManager     DEBUG Loaded 2 factories from module G4Propagator
DllClassManager     DEBUG Found factory Service TkrToTSvc
DllClassManager     DEBUG Found factory Service TkrSplitsSvc
DllClassManager     DEBUG Found factory TkrQueryClustersTool
ObjectManager       DEBUG Added object factory for class:TkrQueryClustersTool
DllClassManager     DEBUG Found factory TkrMakeClustersTool
ObjectManager       DEBUG Added object factory for class:TkrMakeClustersTool
DllClassManager     DEBUG Found factory Service TkrGeometrySvc
DllClassManager     DEBUG Found factory Service TkrFailureModeSvc
DllClassManager     DEBUG Found factory Algorithm TkrCalibAlg
DllClassManager     DEBUG Found factory Service TkrBadStripsSvc
DllClassManager     DEBUG Found factory Service TkrAlignmentSvc
DllClassManager     DEBUG Loaded 9 factories from module TkrUtil
DllClassManager     DEBUG Found factory Service CalFailureModeSvc
DllClassManager     DEBUG Loaded 1 factories from module CalUtil
DllClassManager     DEBUG Found factory XmlTkrSplitsCnv
ConverterFactory    DEBUG Added converter for class:XmlTkrSplitsCnv Storage id:7 clID:6106
DllClassManager     DEBUG Found factory XmlTest1Cnv
ConverterFactory    DEBUG Added converter for class:XmlTest1Cnv Storage id:7 clID:6500
DllClassManager     DEBUG Found factory XmlCalTholdMuonCnv
ConverterFactory    DEBUG Added converter for class:XmlCalTholdMuonCnv Storage id:7 clID:6214
DllClassManager     DEBUG Found factory XmlCalTholdCICnv
ConverterFactory    DEBUG Added converter for class:XmlCalTholdCICnv Storage id:7 clID:6213
DllClassManager     DEBUG Found factory XmlCalPedCnv
ConverterFactory    DEBUG Added converter for class:XmlCalPedCnv Storage id:7 clID:6203
DllClassManager     DEBUG Found factory XmlCalMuSlopeCnv
ConverterFactory    DEBUG Added converter for class:XmlCalMuSlopeCnv Storage id:7 clID:6211
DllClassManager     DEBUG Found factory XmlCalMevPerDacCnv
ConverterFactory    DEBUG Added converter for class:XmlCalMevPerDacCnv Storage id:7 clID:6212
DllClassManager     DEBUG Found factory XmlCalLightAttCnv
ConverterFactory    DEBUG Added converter for class:XmlCalLightAttCnv Storage id:7 clID:6200
DllClassManager     DEBUG Found factory XmlCalLightAsymCnv
ConverterFactory    DEBUG Added converter for class:XmlCalLightAsymCnv Storage id:7 clID:6201
DllClassManager     DEBUG Found factory XmlCalIntNonlinCnv
ConverterFactory    DEBUG Added converter for class:XmlCalIntNonlinCnv Storage id:7 clID:6205
DllClassManager     DEBUG Found factory XmlCalGainCnv
ConverterFactory    DEBUG Added converter for class:XmlCalGainCnv Storage id:7 clID:6204
DllClassManager     DEBUG Found factory XmlCalAsymCnv
ConverterFactory    DEBUG Added converter for class:XmlCalAsymCnv Storage id:7 clID:6215
DllClassManager     DEBUG Found factory XmlBadStripsCnv
ConverterFactory    DEBUG Added converter for class:XmlBadStripsCnv Storage id:7 clID:6102
DllClassManager     DEBUG Found factory XmlAcdPedCnv
ConverterFactory    DEBUG Added converter for class:XmlAcdPedCnv Storage id:7 clID:6304
DllClassManager     DEBUG Found factory XmlAcdGainCnv
ConverterFactory    DEBUG Added converter for class:XmlAcdGainCnv Storage id:7 clID:6305
DllClassManager     DEBUG Found factory RootTkrTotCnv
ConverterFactory    DEBUG Added converter for class:RootTkrTotCnv Storage id:5 clID:6103
DllClassManager     DEBUG Found factory RootTkrScaleCnv
ConverterFactory    DEBUG Added converter for class:RootTkrScaleCnv Storage id:5 clID:6107
DllClassManager     DEBUG Found factory RootCalGainCnv
ConverterFactory    DEBUG Added converter for class:RootCalGainCnv Storage id:5 clID:6204
DllClassManager     DEBUG Found factory Service CalibXmlCnvSvc
DllClassManager     DEBUG Found factory Service CalibRootCnvSvc
DllClassManager     DEBUG Found factory Service CalibMySQLCnvSvc
DllClassManager     DEBUG Found factory Algorithm CalibEvtClock
DllClassManager     DEBUG Found factory Service CalibDataSvc
DllClassManager     DEBUG Loaded 23 factories from module CalibSvc
DllClassManager     DEBUG Found factory XtalPosTool
ObjectManager       DEBUG Added object factory for class:XtalPosTool
DllClassManager     DEBUG Found factory XtalEneTool
ObjectManager       DEBUG Added object factory for class:XtalEneTool
DllClassManager     DEBUG Found factory XtalADCTool
ObjectManager       DEBUG Added object factory for class:XtalADCTool
DllClassManager     DEBUG Found factory CalXtalRespRandom
ObjectManager       DEBUG Added object factory for class:CalXtalRespRandom
DllClassManager     DEBUG Found factory Service CalCalibSvc
DllClassManager     DEBUG Loaded 5 factories from module CalXtalResponse
DllClassManager     DEBUG Found factory Algorithm EventCounter
DllClassManager     DEBUG Found factory Algorithm Prescaler
DllClassManager     DEBUG Found factory Algorithm Sequencer
DllClassManager     DEBUG Found factory Algorithm GaudiAlgorithm
DllClassManager     DEBUG Loaded 4 factories from module GaudiAlg
DllClassManager     DEBUG Found factory Algorithm relationRootWriterAlg
DllClassManager     DEBUG Found factory Algorithm relationRootReaderAlg
DllClassManager     DEBUG Found factory Algorithm reconRootWriterAlg
DllClassManager     DEBUG Found factory Algorithm reconRootReaderAlg
DllClassManager     DEBUG Found factory Algorithm mcRootWriterAlg
DllClassManager     DEBUG Found factory Algorithm mcRootReaderAlg
DllClassManager     DEBUG Found factory Algorithm digiRootWriterAlg
DllClassManager     DEBUG Found factory Algorithm digiRootReaderAlg
DllClassManager     DEBUG Found factory Service RootIoSvc
DllClassManager     DEBUG Found factory RootIoRandom
ObjectManager       DEBUG Added object factory for class:RootIoRandom
DllClassManager     DEBUG Found factory FhTool
ObjectManager       DEBUG Added object factory for class:FhTool
DllClassManager     DEBUG Found factory Algorithm FhSetAlg
DllClassManager     DEBUG Found factory Algorithm FhDemoGetAlg
DllClassManager     DEBUG Found factory Algorithm FhDemoCaloSetAlg
DllClassManager     DEBUG Loaded 14 factories from module RootIo
DllClassManager     DEBUG Found factory Algorithm PropertiesCheckAlg
DllClassManager     DEBUG Found factory ProfileTool
ObjectManager       DEBUG Added object factory for class:ProfileTool
DllClassManager     DEBUG Found factory LastLayerCorrTool
ObjectManager       DEBUG Added object factory for class:LastLayerCorrTool
DllClassManager     DEBUG Found factory Algorithm CalXtalRecAlg
DllClassManager     DEBUG Found factory CalValsCorrTool
ObjectManager       DEBUG Added object factory for class:CalValsCorrTool
DllClassManager     DEBUG Found factory CalTransvOffsetTool
ObjectManager       DEBUG Added object factory for class:CalTransvOffsetTool
DllClassManager     DEBUG Found factory CalTkrLikelihoodTool
ObjectManager       DEBUG Added object factory for class:CalTkrLikelihoodTool
DllClassManager     DEBUG Found factory CalSingleClusteringTool
ObjectManager       DEBUG Added object factory for class:CalSingleClusteringTool
DllClassManager     DEBUG Found factory CalSimpleClusteringTool
ObjectManager       DEBUG Added object factory for class:CalSimpleClusteringTool
DllClassManager     DEBUG Found factory CalReconKernel
ObjectManager       DEBUG Added object factory for class:CalReconKernel
DllClassManager     DEBUG Found factory Algorithm CalDisplay
DllClassManager     DEBUG Found factory Algorithm CalClustersAlg
DllClassManager     DEBUG Loaded 12 factories from module CalRecon
ApplicationMgr       INFO Successfully loaded modules: GlastSvc, G4Generator, G4Propagator, TkrUtil, CalUtil, CalibSvc, CalXtalResponse, GaudiAlg, RootIo, CalRecon
ApplicationMgr       INFO Application Manager Configured successfully
ServiceManager      DEBUG Initializing service EventSelector
EventSelector       DEBUG Service base class initialized successfully
EventSelector        INFO GlastEventSelector input has been set to NONE
EventDataSvc        DEBUG Service base class initialized successfully
EventPersistenc...   INFO "CnvServices": ["EventCnvSvc"]
EventPersistenc...  DEBUG Service base class initialized successfully
ServiceManager      DEBUG Initializing service EventCnvSvc
EventCnvSvc         DEBUG Service base class initialized successfully
ServiceManager      DEBUG Initializing service GlastDetSvc
GlastDetSvc         DEBUG Service base class initialized successfully
detModel Doc Client: registered the constants!
detModel Doc Client: registered the materials!
detModel Doc Client: registered the id dictionary!
detModel Doc Client: registered the sections!
GlastDetSvc          INFO  geometry setup: 
    document = /home/chamont/Glast/LATEST1.1460//xmlGeoDbs/v1r22p2/xml/flight/flightSegVols.xml
        mode = recon
      topvol = LAT
Summary of IDmap contents:
       Detector name     count
       -------------     -----
              CsISeg     18432
       SiWaferActive      9216
              diodeL      3072
              diodeS      3072
          sideRibbon        16
sideTileR0EdgeGreater         4
sideTileR0EdgeLesser         4
       sideTileR0Mid        12
sideTileR1EdgeGreater         4
sideTileR1EdgeLesser         4
       sideTileR1Mid        12
sideTileR2EdgeGreater         4
sideTileR2EdgeLesser         4
       sideTileR2Mid        12
          sideTileR3         4
   topTileRcentCcent         3
   topTileRcentCedge         6
    topTileRcentCmid         6
   topTileRedgeCcent         2
   topTileRedgeCedge         4
    topTileRedgeCmid         4
          xRibbonTop         4
      yRibbonTopCent         4
      yRibbonTopEdge         8
       yRibbonTopMid         8
              total:     33921

ServiceManager      DEBUG Initializing service G4GeometrySvc
G4GeometrySvc        INFO G4GeometrySvc Initialization started
G4GeometrySvc       DEBUG Service base class initialized successfully
	DetectorConstruction created 407, 137 physical, logical volumes, using  mode from G4Generator job options: recon
G4GeometrySvc        INFO G4GeometrySvc Initialization completed successfully
ServiceManager      DEBUG Initializing service CalibDataSvc
CalibDataSvc        DEBUG Service base class initialized successfully
DetectorPersist...   INFO "CnvServices": ["CalibMySQLCnvSvc", "CalibXmlCnvSvc"]
DetectorPersist...  DEBUG Service base class initialized successfully
CalibDataSvc        DEBUG Storage type used is: 14
IncidentSvc         DEBUG Service base class initialized successfully
DetectorPersist...   INFO Added successfully Conversion service:CalibMySQLCnvSvc
ServiceManager      DEBUG Initializing service CalibMySQLCnvSvc
CalibMySQLCnvSvc    DEBUG Service base class initialized successfully
CalibMySQLCnvSvc     INFO Specific initialization starting
CalibMySQLCnvSvc    DEBUG Retrieved IDetDataSvc interface of CalibDataSvc
CalibMySQLCnvSvc    DEBUG Retrieved IInstrumentNameSvc interface of CalibDataSvc
CalibMySQLCnvSvc    DEBUG Retrieved IConversionSvc interface of DetectorPersistencySvc
CalibMySQLCnvSvc    DEBUG Retrieved IAddressCreator interface of DetectorPersistencySvc
CalibMySQLCnvSvc    DEBUG Properties were read from jobOptions
CalibMySQLCnvSvc     INFO Specific initialization completed
ServiceManager      DEBUG Initializing service CalibXmlCnvSvc
CalibXmlCnvSvc      DEBUG Service base class initialized successfully
CalibXmlCnvSvc      DEBUG Retrieved IConversionSvc interface of DetectorPersistencySvc
CalibXmlCnvSvc      DEBUG Retrieved IAddressCreator interface of DetectorPersistencySvc
CalibXmlCnvSvc      DEBUG Set it as the address creator of the CalibXmlCnvSvc
ServiceManager      DEBUG Initializing service CalCalibSvc
CalCalibSvc         DEBUG Service base class initialized successfully
CalCalibSvc          INFO initialize
CalCalibSvc         DEBUG Initializing...
CalCalibSvc         DEBUG   CalibDavaSvc   : CalibDataSvc
CalCalibSvc         DEBUG   DefaultFlavor  : ideal
CalCalibSvc         DEBUG   FlavorIntNonlin: ideal
CalCalibSvc         DEBUG   FlavorAsym     : ideal
CalCalibSvc         DEBUG   FlavorPed      : ideal
CalCalibSvc         DEBUG   FlavorMeVPerDac: ideal
CalCalibSvc         DEBUG   FlavorTholdCI  : ideal
CalCalibSvc         DEBUG   FlavorTholdMuon: ideal
ServiceManager      DEBUG Initializing service GlastPropagatorSvc
GlastPropagatorSvc  DEBUG Service base class initialized successfully
ToolSvc             DEBUG Service base class initialized successfully
ToolSvc.G4Propa...   INFO G4 Propagator Tool initializing now
ToolSvc.G4Propa...   INFO G4 Propagation Tool initializing now
ToolSvc.G4Propa...   INFO G4 Propagation Tool ready
ToolSvc.G4Propa...   INFO G4 Propagator Tool ready
GlastPropagatorSvc   INFO Using Geant4 Particle Propagator
ServiceManager      DEBUG Service EventPersistencySvc already initialized
ServiceManager      DEBUG Service EventDataSvc already initialized
ServiceManager      DEBUG Service DetectorPersistencySvc already initialized
ServiceManager      DEBUG Service IncidentSvc already initialized
ServiceManager      DEBUG Service ToolSvc already initialized
ServiceManager      DEBUG Initializing service AppMgrRunable
AppMgrRunable       DEBUG Service base class initialized successfully
ServiceManager      DEBUG Initializing service EventLoopMgr
EventLoopMgr        DEBUG Service base class initialized successfully
EventLoopMgr        DEBUG Creating Top Algorithm PropertiesCheckAlg with name PropertiesCheckAlg
EventLoopMgr        DEBUG Creating Top Algorithm TkrCalibAlg with name TkrCalibAlg
EventLoopMgr        DEBUG Creating Top Algorithm Sequencer with name Simulation
EventLoopMgr        DEBUG Creating Top Algorithm Sequencer with name Reconstruction
EventLoopMgr        DEBUG Creating Top Algorithm test_CalRecon with name test_CalRecon
TkrCalibAlg          INFO Initialize()
TkrCalibAlg         DEBUG Retrieved IDetDataSvc interface of CalibDataSvc
TkrBadStripsSvc     DEBUG Service base class initialized successfully
TkrGeometrySvc      DEBUG Service base class initialized successfully
ToolSvc             DEBUG Retrieved toolG4PropagationTool
TkrGeometrySvc       INFO Retrieved G4PropagationTool
TkrGeometrySvc      DEBUG Propagator goes from 682.315 to -57.685
 digiLayer 0 Conv 0 Rest 0.0215344
TkrGeometrySvc      DEBUG  digiLayer 1 Conv 0 Rest 0.015397
TkrGeometrySvc      DEBUG  digiLayer 2 Conv 0.181349 Rest 0.015397
TkrGeometrySvc      DEBUG  digiLayer 3 Conv 0.181349 Rest 0.0201581
TkrGeometrySvc      DEBUG  digiLayer 4 Conv 0.181349 Rest 0.0201581
TkrGeometrySvc      DEBUG  digiLayer 5 Conv 0.181349 Rest 0.0201581
TkrGeometrySvc      DEBUG  digiLayer 6 Conv 0.0299628 Rest 0.0201581
TkrGeometrySvc      DEBUG  digiLayer 7 Conv 0.0299628 Rest 0.0157522
TkrGeometrySvc      DEBUG  digiLayer 8 Conv 0.0299628 Rest 0.0157522
TkrGeometrySvc      DEBUG  digiLayer 9 Conv 0.0299628 Rest 0.0157522
TkrGeometrySvc      DEBUG  digiLayer 10 Conv 0.0299628 Rest 0.0157522
TkrGeometrySvc      DEBUG  digiLayer 11 Conv 0.0299628 Rest 0.0157522
TkrGeometrySvc      DEBUG  digiLayer 12 Conv 0.0299628 Rest 0.0157522
TkrGeometrySvc      DEBUG  digiLayer 13 Conv 0.0299628 Rest 0.0157522
TkrGeometrySvc      DEBUG  digiLayer 14 Conv 0.0299628 Rest 0.0157522
TkrGeometrySvc      DEBUG  digiLayer 15 Conv 0.0299628 Rest 0.0157522
TkrGeometrySvc      DEBUG  digiLayer 16 Conv 0.0299628 Rest 0.0157522
TkrGeometrySvc      DEBUG  digiLayer 17 Conv 0.0299628 Rest 0.0157522
TkrGeometrySvc      DEBUG 
TkrGeometrySvc       INFO 
TkrGeometrySvc       INFO Type 0 numLayers 2 aveConv 0 aveRest 0.0184657
TkrGeometrySvc       INFO Type 1 numLayers 12 aveConv 0.0299628 aveRest 0.0161194
TkrGeometrySvc       INFO Type 2 numLayers 4 aveConv 0.181349 aveRest 0.0189678
TkrGeometrySvc       INFO Type 3 numLayers 18 aveConv 0.060275 aveRest 0.0170131
TkrGeometrySvc       INFO 
TkrFailureModeSvc   DEBUG Service base class initialized successfully
TkrAlignmentSvc     DEBUG Service base class initialized successfully
tray 0 z: 23.5075 -19.0075 18.8075
tray 1 z: 59.55 -14.785 14.785
tray 2 z: 91.65 -14.785 14.785
tray 3 z: 124.251 -15.2865 15.2865
tray 4 z: 157.352 -15.2865 15.2865
tray 5 z: 190.452 -15.2865 15.2865
tray 6 z: 223.552 -15.2865 15.2865
tray 7 z: 256.253 -14.8875 14.8875
tray 8 z: 288.553 -14.8875 14.8875
tray 9 z: 320.853 -14.8875 14.8875
tray 10 z: 353.153 -14.8875 14.8875
tray 11 z: 385.453 -14.8875 14.8875
tray 12 z: 417.753 -14.8875 14.8875
tray 13 z: 450.053 -14.8875 14.8875
tray 14 z: 482.353 -14.8875 14.8875
tray 15 z: 514.653 -14.8875 14.8875
tray 16 z: 546.953 -14.8875 14.8875
tray 17 z: 579.253 -14.8875 14.8875
tray 18 z: 614.215 -17.55 17.75

rlayer/view z 0 0 44.765
rlayer/view z 0 1 42.315
rlayer/view z 1 0 74.335
rlayer/view z 1 1 76.865
rlayer/view z 2 0 108.965
rlayer/view z 2 1 106.435
rlayer/view z 3 0 139.538
rlayer/view z 3 1 142.065
rlayer/view z 4 0 175.165
rlayer/view z 4 1 172.638
rlayer/view z 5 0 205.738
rlayer/view z 5 1 208.265
rlayer/view z 6 0 241.365
rlayer/view z 6 1 238.838
rlayer/view z 7 0 271.14
rlayer/view z 7 1 273.665
rlayer/view z 8 0 305.965
rlayer/view z 8 1 303.44
rlayer/view z 9 0 335.74
rlayer/view z 9 1 338.265
rlayer/view z 10 0 370.565
rlayer/view z 10 1 368.04
rlayer/view z 11 0 400.34
rlayer/view z 11 1 402.865
rlayer/view z 12 0 435.165
rlayer/view z 12 1 432.64
rlayer/view z 13 0 464.94
rlayer/view z 13 1 467.465
rlayer/view z 14 0 499.765
rlayer/view z 14 1 497.24
rlayer/view z 15 0 529.54
rlayer/view z 15 1 532.065
rlayer/view z 16 0 564.365
rlayer/view z 16 1 561.84
rlayer/view z 17 0 594.14
rlayer/view z 17 1 596.665
TkrAlignmentSvc     DEBUG 
TkrAlignmentSvc      INFO No alignment was requested.
TkrAlignmentSvc      INFO   No alignment will be done.
TkrSplitsSvc        DEBUG Service base class initialized successfully
TkrSplitsSvc      WARNING Service already initialized
TkrToTSvc           DEBUG Service base class initialized successfully
TkrGeometrySvc       INFO TkrGeometrySvc successfully initialized
TkrBadStripsSvc      INFO No bad strips file was requested.
Simulation          DEBUG digiRootReaderAlg doesn't exist - created and appended to member list
Simulation          DEBUG reconRootReaderAlg doesn't exist - created and appended to member list
Simulation           INFO Member list: digiRootReaderAlg, reconRootReaderAlg
RootIoSvc           DEBUG Service base class initialized successfully
digiRootReaderAlg    INFO Opened file: /home/chamont/Glast/CalReconDev/rootTestData/v3r999/data/gamma_5_gev_normal/digi.root
ToolSvc             DEBUG Retrieved toolFhTool
reconRootReaderAlg   INFO Opened file: /home/chamont/Glast/CalReconDev/rootTestData/v3r999/data/gamma_5_gev_normal/recon.root
Reconstruction      DEBUG CalXtalRecAlg doesn't exist - created and appended to member list
Reconstruction      DEBUG CalClustersAlg doesn't exist - created and appended to member list
Reconstruction       INFO Member list: CalXtalRecAlg, CalClustersAlg
ToolSvc.XtalEne...   INFO initialize
ToolSvc.XtalPos...   INFO initialize
ToolSvc             DEBUG Retrieved toolCalReconKernel
ToolSvc             DEBUG Retrieved toolCalSingleClusteringTool
ToolSvc             DEBUG Retrieved toolCalReconKernel
ToolSvc.LastLay...   INFO Initializing LastLayerCorrTool
ToolSvc.LastLay...   INFO  value for c0 -35.3747
ToolSvc.LastLay...   INFO  value for c1 68.1653
ToolSvc.LastLay...   INFO  value for c0 -32.4386
ToolSvc.LastLay...   INFO  value for c3 0.9933
ToolSvc.LastLay...   INFO  value for b0 0.793
ToolSvc.LastLay...   INFO  value for b1 0.045
ToolSvc.LastLay...   INFO  value for k0 -2778
ToolSvc.LastLay...   INFO  value for k1 6576
ToolSvc.LastLay...   INFO  value for k2 -3797
ToolSvc             DEBUG Retrieved toolCalReconKernel
ToolSvc.Profile...   INFO Initializing ProfileTool
ToolSvc.Profile...   INFO  value for CosThetaLimit 0.3
ToolSvc.Profile...   INFO  value for BiasParNb9
ToolSvc.Profile...   INFO  value for CosThetaParNb 3
ToolSvc.Profile...   INFO  value for bias0 0.0187272
ToolSvc.Profile...   INFO  value for bias1 -0.0271244
ToolSvc.Profile...   INFO  value for bias2 0.0145653
ToolSvc.Profile...   INFO  value for bias3 -0.0709624
ToolSvc.Profile...   INFO  value for bias4 0.118555
ToolSvc.Profile...   INFO  value for bias5 -0.0962898
ToolSvc.Profile...   INFO  value for bias6 0.273117
ToolSvc.Profile...   INFO  value for bias7 -0.604589
ToolSvc.Profile...   INFO  value for bias8 0.452359
ToolSvc             DEBUG Retrieved toolCalReconKernel
ToolSvc.CalVals...   INFO Initializing CalValsCorrTool
ToolSvc             DEBUG Retrieved toolG4PropagationTool
ToolSvc             DEBUG Retrieved toolCalReconKernel
ToolSvc.CalTkrL...   INFO Initializing CalTkrLikelihoodTool
ToolSvc.CalTkrL...  DEBUG Initializing LikelihoodTool with file $(CALRECONROOT)/xml/CalTkrLikelihood.data
ToolSvc.CalTkrL...  DEBUG File must contain 48, for 5 parameters
ToolSvc.CalTkrL...  DEBUG Extracting Axes
ToolSvc.CalTkrL...  DEBUG Reading Axes 	9	5
ToolSvc.CalTkrL...  DEBUG 2 Axes for a total of 45 bins
ToolSvc.CalTkrL...  DEBUG Reading Centers for Axis 0:
ToolSvc.CalTkrL...  DEBUG (0:50)(1:60)(2:100)(3:200)(4:300)(5:500)(6:900)(7:1000)(8:2000)
ToolSvc.CalTkrL...  DEBUG Reading Centers for Axis 1:
ToolSvc.CalTkrL...  DEBUG (0:0.848048)(1:0.898794)(2:0.951057)(3:0.984808)(4:1)
ToolSvc.CalTkrL...  DEBUG Read 14 values
ToolSvc.CalTkrL...  DEBUG Extracting PDF Parameters for PDF #0
ToolSvc.CalTkrL...  DEBUG Reading 5 parameters per bin for 45 bins
ToolSvc.CalTkrL...  DEBUG Read 45 bins
ToolSvc.CalTkrL...  DEBUG Extracting PDF Parameters for PDF #1
ToolSvc.CalTkrL...  DEBUG Reading 5 parameters per bin for 45 bins
ToolSvc.CalTkrL...  DEBUG Read 45 bins
ToolSvc.CalTkrL...  DEBUG Extracting PDF Parameters for PDF #2
ToolSvc.CalTkrL...  DEBUG Reading 5 parameters per bin for 45 bins
ToolSvc.CalTkrL...  DEBUG Read 45 bins
ToolSvc.CalTkrL...  DEBUG Extracting PDF Parameters for PDF #3
ToolSvc.CalTkrL...  DEBUG Reading 5 parameters per bin for 45 bins
ToolSvc.CalTkrL...  DEBUG Read 45 bins
ToolSvc.CalTkrL...  DEBUG Extracting PDF Parameters for PDF #4
ToolSvc.CalTkrL...  DEBUG Reading 5 parameters per bin for 45 bins
ToolSvc.CalTkrL...  DEBUG Read 45 bins
ToolSvc.CalTkrL...  DEBUG Extracting PDF Parameters for PDF #5
ToolSvc.CalTkrL...  DEBUG Reading 5 parameters per bin for 45 bins
ToolSvc.CalTkrL...  DEBUG Read 45 bins
ToolSvc.CalTkrL...  DEBUG Extracting PDF Parameters for PDF #6
ToolSvc.CalTkrL...  DEBUG Reading 5 parameters per bin for 45 bins
ToolSvc.CalTkrL...  DEBUG Read 45 bins
ToolSvc.CalTkrL...  DEBUG Extracting PDF Parameters for PDF #7
ToolSvc.CalTkrL...  DEBUG Reading 5 parameters per bin for 45 bins
ToolSvc.CalTkrL...  DEBUG Read 45 bins
ToolSvc.CalTkrL...  DEBUG Extracting PDF Parameters for PDF #8
ToolSvc.CalTkrL...  DEBUG Reading 5 parameters per bin for 45 bins
ToolSvc.CalTkrL...  DEBUG Read 45 bins
ToolSvc.CalTkrL...  DEBUG Extracting PDF Parameters for PDF #9
ToolSvc.CalTkrL...  DEBUG Reading 5 parameters per bin for 45 bins
ToolSvc.CalTkrL...  DEBUG Read 45 bins
ToolSvc.CalTkrL...  DEBUG Extracting PDF Parameters for PDF #10
ToolSvc.CalTkrL...  DEBUG Reading 5 parameters per bin for 45 bins
ToolSvc.CalTkrL...  DEBUG Read 45 bins
ToolSvc.CalTkrL...  DEBUG Extracting PDF Parameters for PDF #11
ToolSvc.CalTkrL...  DEBUG Reading 5 parameters per bin for 45 bins
ToolSvc.CalTkrL...  DEBUG Read 45 bins
ToolSvc.CalTkrL...  DEBUG Extracting PDF Parameters for PDF #12
ToolSvc.CalTkrL...  DEBUG Reading 5 parameters per bin for 45 bins
ToolSvc.CalTkrL...  DEBUG Read 45 bins
ToolSvc.CalTkrL...  DEBUG Extracting PDF Parameters for PDF #13
ToolSvc.CalTkrL...  DEBUG Reading 5 parameters per bin for 45 bins
ToolSvc.CalTkrL...  DEBUG Read 45 bins
ToolSvc.CalTkrL...  DEBUG Extracting PDF Parameters for PDF #14
ToolSvc.CalTkrL...  DEBUG Reading 5 parameters per bin for 45 bins
ToolSvc.CalTkrL...  DEBUG Read 45 bins
ToolSvc.CalTkrL...  DEBUG Extracting PDF Parameters for PDF #15
ToolSvc.CalTkrL...  DEBUG Reading 5 parameters per bin for 45 bins
ToolSvc.CalTkrL...  DEBUG Read 45 bins
ToolSvc.CalTkrL...  DEBUG Extracting PDF Parameters for PDF #16
ToolSvc.CalTkrL...  DEBUG Reading 5 parameters per bin for 45 bins
ToolSvc.CalTkrL...  DEBUG Read 45 bins
ToolSvc.CalTkrL...  DEBUG Extracting PDF Parameters for PDF #17
ToolSvc.CalTkrL...  DEBUG Reading 5 parameters per bin for 45 bins
ToolSvc.CalTkrL...  DEBUG Read 45 bins
ToolSvc.CalTkrL...  DEBUG Extracting PDF Parameters for PDF #18
ToolSvc.CalTkrL...  DEBUG Reading 5 parameters per bin for 45 bins
ToolSvc.CalTkrL...  DEBUG Read 45 bins
ToolSvc.CalTkrL...  DEBUG Extracting PDF Parameters for PDF #19
ToolSvc.CalTkrL...  DEBUG Reading 5 parameters per bin for 45 bins
ToolSvc.CalTkrL...  DEBUG Read 45 bins
ToolSvc.CalTkrL...  DEBUG Extracting PDF Parameters for PDF #20
ToolSvc.CalTkrL...  DEBUG Reading 5 parameters per bin for 45 bins
ToolSvc.CalTkrL...  DEBUG Read 45 bins
ToolSvc.CalTkrL...  DEBUG Extracting PDF Parameters for PDF #21
ToolSvc.CalTkrL...  DEBUG Reading 5 parameters per bin for 45 bins
ToolSvc.CalTkrL...  DEBUG Read 45 bins
ToolSvc.CalTkrL...  DEBUG Extracting PDF Parameters for PDF #22
ToolSvc.CalTkrL...  DEBUG Reading 5 parameters per bin for 45 bins
ToolSvc.CalTkrL...  DEBUG Read 45 bins
ToolSvc.CalTkrL...  DEBUG Extracting PDF Parameters for PDF #23
ToolSvc.CalTkrL...  DEBUG Reading 5 parameters per bin for 45 bins
ToolSvc.CalTkrL...  DEBUG Read 45 bins
ToolSvc.CalTkrL...  DEBUG Extracting PDF Parameters for PDF #24
ToolSvc.CalTkrL...  DEBUG Reading 5 parameters per bin for 45 bins
ToolSvc.CalTkrL...  DEBUG Read 45 bins
ToolSvc.CalTkrL...  DEBUG Extracting PDF Parameters for PDF #25
ToolSvc.CalTkrL...  DEBUG Reading 5 parameters per bin for 45 bins
ToolSvc.CalTkrL...  DEBUG Read 45 bins
ToolSvc.CalTkrL...  DEBUG Extracting PDF Parameters for PDF #26
ToolSvc.CalTkrL...  DEBUG Reading 5 parameters per bin for 45 bins
ToolSvc.CalTkrL...  DEBUG Read 45 bins
ToolSvc.CalTkrL...  DEBUG Extracting PDF Parameters for PDF #27
ToolSvc.CalTkrL...  DEBUG Reading 5 parameters per bin for 45 bins
ToolSvc.CalTkrL...  DEBUG Read 45 bins
ToolSvc.CalTkrL...  DEBUG Extracting PDF Parameters for PDF #28
ToolSvc.CalTkrL...  DEBUG Reading 5 parameters per bin for 45 bins
ToolSvc.CalTkrL...  DEBUG Read 45 bins
ToolSvc.CalTkrL...  DEBUG Extracting PDF Parameters for PDF #29
ToolSvc.CalTkrL...  DEBUG Reading 5 parameters per bin for 45 bins
ToolSvc.CalTkrL...  DEBUG Read 45 bins
ToolSvc.CalTkrL...  DEBUG Extracting PDF Parameters for PDF #30
ToolSvc.CalTkrL...  DEBUG Reading 5 parameters per bin for 45 bins
ToolSvc.CalTkrL...  DEBUG Read 45 bins
ToolSvc.CalTkrL...  DEBUG Extracting PDF Parameters for PDF #31
ToolSvc.CalTkrL...  DEBUG Reading 5 parameters per bin for 45 bins
ToolSvc.CalTkrL...  DEBUG Read 45 bins
ToolSvc.CalTkrL...  DEBUG Extracting PDF Parameters for PDF #32
ToolSvc.CalTkrL...  DEBUG Reading 5 parameters per bin for 45 bins
ToolSvc.CalTkrL...  DEBUG Read 45 bins
ToolSvc.CalTkrL...  DEBUG Extracting PDF Parameters for PDF #33
ToolSvc.CalTkrL...  DEBUG Reading 5 parameters per bin for 45 bins
ToolSvc.CalTkrL...  DEBUG Read 45 bins
ToolSvc.CalTkrL...  DEBUG Extracting PDF Parameters for PDF #34
ToolSvc.CalTkrL...  DEBUG Reading 5 parameters per bin for 45 bins
ToolSvc.CalTkrL...  DEBUG Read 45 bins
ToolSvc.CalTkrL...  DEBUG Extracting PDF Parameters for PDF #35
ToolSvc.CalTkrL...  DEBUG Reading 5 parameters per bin for 45 bins
ToolSvc.CalTkrL...  DEBUG Read 45 bins
ToolSvc.CalTkrL...  DEBUG Extracting PDF Parameters for PDF #36
ToolSvc.CalTkrL...  DEBUG Reading 5 parameters per bin for 45 bins
ToolSvc.CalTkrL...  DEBUG Read 45 bins
ToolSvc.CalTkrL...  DEBUG Extracting PDF Parameters for PDF #37
ToolSvc.CalTkrL...  DEBUG Reading 5 parameters per bin for 45 bins
ToolSvc.CalTkrL...  DEBUG Read 45 bins
ToolSvc.CalTkrL...  DEBUG Extracting PDF Parameters for PDF #38
ToolSvc.CalTkrL...  DEBUG Reading 5 parameters per bin for 45 bins
ToolSvc.CalTkrL...  DEBUG Read 45 bins
ToolSvc.CalTkrL...  DEBUG Extracting PDF Parameters for PDF #39
ToolSvc.CalTkrL...  DEBUG Reading 5 parameters per bin for 45 bins
ToolSvc.CalTkrL...  DEBUG Read 45 bins
ToolSvc.CalTkrL...  DEBUG Extracting PDF Parameters for PDF #40
ToolSvc.CalTkrL...  DEBUG Reading 5 parameters per bin for 45 bins
ToolSvc.CalTkrL...  DEBUG Read 45 bins
ToolSvc.CalTkrL...  DEBUG Extracting PDF Parameters for PDF #41
ToolSvc.CalTkrL...  DEBUG Reading 5 parameters per bin for 45 bins
ToolSvc.CalTkrL...  DEBUG Read 45 bins
ToolSvc.CalTkrL...  DEBUG Extracting PDF Parameters for PDF #42
ToolSvc.CalTkrL...  DEBUG Reading 5 parameters per bin for 45 bins
ToolSvc.CalTkrL...  DEBUG Read 45 bins
ToolSvc.CalTkrL...  DEBUG Extracting PDF Parameters for PDF #43
ToolSvc.CalTkrL...  DEBUG Reading 5 parameters per bin for 45 bins
ToolSvc.CalTkrL...  DEBUG Read 45 bins
ToolSvc.CalTkrL...  DEBUG Extracting PDF Parameters for PDF #44
ToolSvc.CalTkrL...  DEBUG Reading 5 parameters per bin for 45 bins
ToolSvc.CalTkrL...  DEBUG Read 45 bins
ToolSvc.CalTkrL...  DEBUG Extracting PDF Parameters for PDF #45
ToolSvc.CalTkrL...  DEBUG Reading 5 parameters per bin for 45 bins
ToolSvc.CalTkrL...  DEBUG Read 45 bins
ToolSvc.CalTkrL...  DEBUG Extracting PDF Parameters for PDF #46
ToolSvc.CalTkrL...  DEBUG Reading 5 parameters per bin for 45 bins
ToolSvc.CalTkrL...  DEBUG Read 45 bins
ToolSvc.CalTkrL...  DEBUG Extracting PDF Parameters for PDF #47
ToolSvc.CalTkrL...  DEBUG Reading 5 parameters per bin for 45 bins
ToolSvc.CalTkrL...  DEBUG Read 45 bins
ToolSvc             DEBUG Retrieved toolCalReconKernel
test_CalRecon        INFO initialize
EventSelector       DEBUG Using Simple counter GlastEventSelector
EventSelector        INFO No input file selected for GlastEventSelector
EventSelector       DEBUG Reading Event 0
HistogramDataSvc    DEBUG Service base class initialized successfully
HistogramPersis...   INFO "CnvServices": ["HbookHistSvc", "RootHistSvc"]
HistogramPersis...  DEBUG Service base class initialized successfully
HistogramPersis...WARNING Histograms saving not required.
ApplicationMgr       INFO Application Manager Initialized successfully
EventPersistenc...   INFO Added successfully Conversion service:EventCnvSvc
CalibDataSvc        DEBUG New incident received
CalibDataSvc        DEBUG Incident source: EventLoopMgr
CalibDataSvc        DEBUG Incident type: BeginEvent
AuditorSvc          DEBUG Service base class initialized successfully
Simulation          DEBUG Simulation Sequencer::execute( )
Reconstruction      DEBUG Reconstruction Sequencer::execute( )
CalClustersAlg      DEBUG Begin
CalReconKernel:...  DEBUG Number of tracks = 6
CalReconKernel:...  DEBUG Track direction = 0.993584
CalClustersAlg      DEBUG Clustering
CalClustersAlg      DEBUG Corrections
CalClustersAlg      DEBUG Correction 0
CalClustersAlg      DEBUG Correction 1
CalClustersAlg      DEBUG Correction 2
CalClustersAlg      DEBUG Correction 3
CalClustersAlg      DEBUG Correction 4
CalClustersAlg      DEBUG  --- CalClusterCol  --- 1
CalClustersAlg      DEBUG Energy 3871.04 90.9441 142.964 -133.43 0.0410797 0.0474641 0.998028
CalClustersAlg      DEBUG CalValsCorrTool Energy 4884.51
CalClustersAlg      DEBUG End
test_CalRecon        INFO executing 1 time
test_CalRecon        INFO Energy 3871.04 90.9441 142.964 -133.43 0.0410797 0.0474641 0.998028
test_CalRecon        INFO CalValsCorrTool Energy 4884.51
test_CalRecon        INFO Profile Corr Energy 5549.61
test_CalRecon        INFO Last Layer Corr Energy 5345.01
EventSelector       DEBUG Reading Event 1
CalibDataSvc        DEBUG New incident received
CalibDataSvc        DEBUG Incident source: EventLoopMgr
CalibDataSvc        DEBUG Incident type: BeginEvent
Simulation          DEBUG Simulation Sequencer::execute( )
Reconstruction      DEBUG Reconstruction Sequencer::execute( )
CalClustersAlg      DEBUG Begin
CalReconKernel:...  DEBUG Number of tracks = 0
CalReconKernel:...  DEBUG No reconstructed tracks 
CalClustersAlg      DEBUG Clustering
CalClustersAlg      DEBUG Corrections
CalClustersAlg      DEBUG Correction 0
CalClustersAlg      DEBUG Correction 1
CalClustersAlg      DEBUG Correction 2
CalClustersAlg      DEBUG Correction 3
CalClustersAlg      DEBUG Correction 4
CalClustersAlg      DEBUG  --- CalClusterCol  --- 1
CalClustersAlg      DEBUG Energy 2904.59 Corrected 2904.59 223.742 196.744 -159.845 0.0231424 0.0229697 0.999468
CalClustersAlg      DEBUG End
test_CalRecon        INFO executing 2 time
test_CalRecon        INFO Energy 2904.59 223.742 196.744 -159.845 0.0231424 0.0229697 0.999468
test_CalRecon        INFO CalValsCorrTool Energy 2904.59
test_CalRecon        INFO Profile Corr Energy 5310.87
test_CalRecon        INFO Last Layer Corr Energy -4
EventSelector       DEBUG Reading Event 2
CalibDataSvc        DEBUG New incident received
CalibDataSvc        DEBUG Incident source: EventLoopMgr
CalibDataSvc        DEBUG Incident type: BeginEvent
Simulation          DEBUG Simulation Sequencer::execute( )
Reconstruction      DEBUG Reconstruction Sequencer::execute( )
CalClustersAlg      DEBUG Begin
CalReconKernel:...  DEBUG Number of tracks = 8
CalReconKernel:...  DEBUG Track direction = 0.993232
CalClustersAlg      DEBUG Clustering
CalClustersAlg      DEBUG Corrections
CalClustersAlg      DEBUG Correction 0
CalClustersAlg      DEBUG Correction 1
CalClustersAlg      DEBUG Correction 2
CalClustersAlg      DEBUG Correction 3
CalClustersAlg      DEBUG Correction 4
CalClustersAlg      DEBUG  --- CalClusterCol  --- 1
CalClustersAlg      DEBUG Energy 2349.9 Corrected 2962.27 153.534 74.4801 -140.201 -0.022349 0.186661 0.98217
CalClustersAlg      DEBUG End
test_CalRecon        INFO executing 3 time
test_CalRecon        INFO Energy 2349.9 153.534 74.4801 -140.201 -0.022349 0.186661 0.98217
test_CalRecon        INFO CalValsCorrTool Energy 2962.27
test_CalRecon        INFO Profile Corr Energy 3117.97
test_CalRecon        INFO Last Layer Corr Energy 3450.48
EventSelector       DEBUG Reading Event 3
CalibDataSvc        DEBUG New incident received
CalibDataSvc        DEBUG Incident source: EventLoopMgr
CalibDataSvc        DEBUG Incident type: BeginEvent
Simulation          DEBUG Simulation Sequencer::execute( )
Reconstruction      DEBUG Reconstruction Sequencer::execute( )
CalClustersAlg      DEBUG Begin
CalReconKernel:...  DEBUG Number of tracks = 0
CalReconKernel:...  DEBUG No reconstructed tracks 
CalClustersAlg      DEBUG Clustering
CalClustersAlg      DEBUG Corrections
CalClustersAlg      DEBUG Correction 0
CalClustersAlg      DEBUG Correction 1
CalClustersAlg      DEBUG Correction 2
CalClustersAlg      DEBUG Correction 3
CalClustersAlg      DEBUG Correction 4
CalClustersAlg      DEBUG  --- CalClusterCol  --- 1
CalClustersAlg      DEBUG Energy 3365.93 Corrected 3365.93 130.311 309.656 -149.651 0.219219 -0.0315052 0.975167
CalClustersAlg      DEBUG End
test_CalRecon        INFO executing 4 time
test_CalRecon        INFO Energy 3365.93 130.311 309.656 -149.651 0.219219 -0.0315052 0.975167
test_CalRecon        INFO CalValsCorrTool Energy 3365.93
test_CalRecon        INFO Profile Corr Energy 5259.08
test_CalRecon        INFO Last Layer Corr Energy -4
EventSelector       DEBUG Reading Event 4
CalibDataSvc        DEBUG New incident received
CalibDataSvc        DEBUG Incident source: EventLoopMgr
CalibDataSvc        DEBUG Incident type: BeginEvent
Simulation          DEBUG Simulation Sequencer::execute( )
Reconstruction      DEBUG Reconstruction Sequencer::execute( )
CalClustersAlg      DEBUG Begin
CalReconKernel:...  DEBUG Number of tracks = 2
CalReconKernel:...  DEBUG Track direction = 0.991863
CalClustersAlg      DEBUG Clustering
CalClustersAlg      DEBUG Corrections
CalClustersAlg      DEBUG Correction 0
CalClustersAlg      DEBUG Correction 1
CalClustersAlg      DEBUG Correction 2
CalClustersAlg      DEBUG Correction 3
CalClustersAlg      DEBUG Correction 4
CalClustersAlg      DEBUG  --- CalClusterCol  --- 1
CalClustersAlg      DEBUG Energy 3856.87 Corrected 4973.32 54.4056 193.664 -127.145 0.177291 0.0823787 0.980705
CalClustersAlg      DEBUG End
test_CalRecon        INFO executing 5 time
test_CalRecon        INFO Energy 3856.87 54.4056 193.664 -127.145 0.177291 0.0823787 0.980705
test_CalRecon        INFO CalValsCorrTool Energy 4973.32
test_CalRecon        INFO Profile Corr Energy 5194.11
test_CalRecon        INFO Last Layer Corr Energy 4999.43
EventSelector       DEBUG Reading Event 5
CalibDataSvc        DEBUG New incident received
CalibDataSvc        DEBUG Incident source: EventLoopMgr
CalibDataSvc        DEBUG Incident type: BeginEvent
Simulation          DEBUG Simulation Sequencer::execute( )
Reconstruction      DEBUG Reconstruction Sequencer::execute( )
CalClustersAlg      DEBUG Begin
CalReconKernel:...  DEBUG Number of tracks = 0
CalReconKernel:...  DEBUG No reconstructed tracks 
CalClustersAlg      DEBUG Clustering
CalClustersAlg      DEBUG Corrections
CalClustersAlg      DEBUG Correction 0
CalClustersAlg      DEBUG Correction 1
CalClustersAlg      DEBUG Correction 2
CalClustersAlg      DEBUG Correction 3
CalClustersAlg      DEBUG Correction 4
CalClustersAlg      DEBUG  --- CalClusterCol  --- 1
CalClustersAlg      DEBUG Energy 2759.34 Corrected 2759.34 68.835 263.114 -156.445 0.218223 -0.0287678 0.975475
CalClustersAlg      DEBUG End
test_CalRecon        INFO executing 6 time
test_CalRecon        INFO Energy 2759.34 68.835 263.114 -156.445 0.218223 -0.0287678 0.975475
test_CalRecon        INFO CalValsCorrTool Energy 2759.34
test_CalRecon        INFO Profile Corr Energy 4410.53
test_CalRecon        INFO Last Layer Corr Energy -4
EventSelector       DEBUG Reading Event 6
CalibDataSvc        DEBUG New incident received
CalibDataSvc        DEBUG Incident source: EventLoopMgr
CalibDataSvc        DEBUG Incident type: BeginEvent
Simulation          DEBUG Simulation Sequencer::execute( )
Reconstruction      DEBUG Reconstruction Sequencer::execute( )
CalClustersAlg      DEBUG Begin
CalReconKernel:...  DEBUG Number of tracks = 0
CalReconKernel:...  DEBUG No reconstructed tracks 
CalClustersAlg      DEBUG Clustering
CalClustersAlg      DEBUG Corrections
CalClustersAlg      DEBUG Correction 0
CalClustersAlg      DEBUG Correction 1
CalClustersAlg      DEBUG Correction 2
CalClustersAlg      DEBUG Correction 3
CalClustersAlg      DEBUG Correction 4
CalClustersAlg      DEBUG  --- CalClusterCol  --- 1
CalClustersAlg      DEBUG Energy 2934.02 Corrected 2934.02 118.644 56.154 -161.856 0.0586444 0.0573498 0.99663
CalClustersAlg      DEBUG End
test_CalRecon        INFO executing 7 time
test_CalRecon        INFO Energy 2934.02 118.644 56.154 -161.856 0.0586444 0.0573498 0.99663
test_CalRecon        INFO CalValsCorrTool Energy 2934.02
test_CalRecon        INFO Profile Corr Energy 5593.95
test_CalRecon        INFO Last Layer Corr Energy -4
EventSelector       DEBUG Reading Event 7
CalibDataSvc        DEBUG New incident received
CalibDataSvc        DEBUG Incident source: EventLoopMgr
CalibDataSvc        DEBUG Incident type: BeginEvent
Simulation          DEBUG Simulation Sequencer::execute( )
Reconstruction      DEBUG Reconstruction Sequencer::execute( )
CalClustersAlg      DEBUG Begin
CalReconKernel:...  DEBUG Number of tracks = 3
CalReconKernel:...  DEBUG Track direction = 0.999445
CalClustersAlg      DEBUG Clustering
CalClustersAlg      DEBUG Corrections
CalClustersAlg      DEBUG Correction 0
CalClustersAlg      DEBUG Correction 1
CalClustersAlg      DEBUG Correction 2
CalClustersAlg      DEBUG Correction 3
CalClustersAlg      DEBUG Correction 4
CalClustersAlg      DEBUG  --- CalClusterCol  --- 1
CalClustersAlg      DEBUG Energy 4069.71 Corrected 5669.34 161.946 207.535 -127.198 0.0738356 0.00604591 0.997252
CalClustersAlg      DEBUG End
test_CalRecon        INFO executing 8 time
test_CalRecon        INFO Energy 4069.71 161.946 207.535 -127.198 0.0738356 0.00604591 0.997252
test_CalRecon        INFO CalValsCorrTool Energy 5669.34
test_CalRecon        INFO Profile Corr Energy 5403.88
test_CalRecon        INFO Last Layer Corr Energy 5355.24
EventSelector       DEBUG Reading Event 8
CalibDataSvc        DEBUG New incident received
CalibDataSvc        DEBUG Incident source: EventLoopMgr
CalibDataSvc        DEBUG Incident type: BeginEvent
Simulation          DEBUG Simulation Sequencer::execute( )
Reconstruction      DEBUG Reconstruction Sequencer::execute( )
CalClustersAlg      DEBUG Begin
CalReconKernel:...  DEBUG Number of tracks = 0
CalReconKernel:...  DEBUG No reconstructed tracks 
CalClustersAlg      DEBUG Clustering
CalClustersAlg      DEBUG Corrections
CalClustersAlg      DEBUG Correction 0
CalClustersAlg      DEBUG Correction 1
CalClustersAlg      DEBUG Correction 2
CalClustersAlg      DEBUG Correction 3
CalClustersAlg      DEBUG Correction 4
CalClustersAlg      DEBUG  --- CalClusterCol  --- 1
CalClustersAlg      DEBUG Energy 2978.43 Corrected 2978.43 95.7967 95.4985 -169.23 0.176647 -0.0353011 0.983641
CalClustersAlg      DEBUG End
test_CalRecon        INFO executing 9 time
test_CalRecon        INFO Energy 2978.43 95.7967 95.4985 -169.23 0.176647 -0.0353011 0.983641
test_CalRecon        INFO CalValsCorrTool Energy 2978.43
test_CalRecon        INFO Profile Corr Energy 6430.24
test_CalRecon        INFO Last Layer Corr Energy -4
EventSelector       DEBUG Reading Event 9
CalibDataSvc        DEBUG New incident received
CalibDataSvc        DEBUG Incident source: EventLoopMgr
CalibDataSvc        DEBUG Incident type: BeginEvent
Simulation          DEBUG Simulation Sequencer::execute( )
Reconstruction      DEBUG Reconstruction Sequencer::execute( )
CalClustersAlg      DEBUG Begin
CalReconKernel:...  DEBUG Number of tracks = 0
CalReconKernel:...  DEBUG No reconstructed tracks 
CalClustersAlg      DEBUG Clustering
CalClustersAlg      DEBUG Corrections
CalClustersAlg      DEBUG Correction 0
CalClustersAlg      DEBUG Correction 1
CalClustersAlg      DEBUG Correction 2
CalClustersAlg      DEBUG Correction 3
CalClustersAlg      DEBUG Correction 4
CalClustersAlg      DEBUG  --- CalClusterCol  --- 1
CalClustersAlg      DEBUG Energy 3751.64 Corrected 3751.64 232.044 256.151 -136.573 -0.0285299 -0.020285 0.999387
CalClustersAlg      DEBUG End
test_CalRecon        INFO executing 10 time
test_CalRecon        INFO Energy 3751.64 232.044 256.151 -136.573 -0.0285299 -0.020285 0.999387
test_CalRecon        INFO CalValsCorrTool Energy 3751.64
test_CalRecon        INFO Profile Corr Energy 5098.28
test_CalRecon        INFO Last Layer Corr Energy -4
EventSelector       DEBUG Reading Event 10
TkrCalibAlg          INFO           Finalize TkrCalibAlg 
test_CalRecon        INFO finalize after 10 calls.
EventLoopMgr         INFO Histograms converted successfully according to request.
TkrGeometrySvc       INFO TkrGeometrySvc finalize called
ToolSvc              INFO Removing all tools created by ToolSvc
ToolSvc             DEBUG Removing tool ToolSvc.CalTransvOffsetTool
ToolSvc             DEBUG Removing tool ToolSvc.CalTkrLikelihoodTool
ToolSvc             DEBUG Removing tool ToolSvc.CalValsCorrTool
ToolSvc             DEBUG Removing tool ToolSvc.ProfileTool
ToolSvc             DEBUG Removing tool ToolSvc.LastLayerCorrTool
ToolSvc             DEBUG Removing tool ToolSvc.CalSingleClusteringTool
ToolSvc             DEBUG Removing tool ToolSvc.CalReconKernel
ToolSvc             DEBUG Removing tool ToolSvc.XtalPosTool
ToolSvc             DEBUG Removing tool ToolSvc.XtalEneTool
ToolSvc             DEBUG Removing tool ToolSvc.FhTool
ToolSvc             DEBUG Removing tool ToolSvc.G4PropagationTool
ToolSvc             DEBUG Removing tool ToolSvc.G4PropagatorTool
CalibMySQLCnvSvc    DEBUG Finalizing
CalibDataSvc        DEBUG Finalizing
ApplicationMgr       INFO Application Manager Finalized successfully
