JobOptionsSvc        INFO 


// --> Including file $ROOTTESTDATAROOT/data/gamma_5_gev_normal/common.txt



// event loop
ApplicationMgr.DLLs += { "GlastSvc" } ;
ApplicationMgr.ExtSvc = { "GlastEventSelector/EventSelector" } ;
EventSelector.Input = "NONE" ;
ApplicationMgr.ExtSvc += { "EventCnvSvc" } ;
EventPersistencySvc.CnvServices = { "EventCnvSvc" } ;
ApplicationMgr.EvtMax = 10 ;

// geometry
ApplicationMgr.DLLs += { "G4Generator","G4Propagator", "TkrUtil", "CalUtil" } ;
ApplicationMgr.ExtSvc += { "GlastDetSvc", "G4GeometrySvc" } ;
GlastDetSvc.topVolume = "LAT" ; 
GlastDetSvc.xmlfile = "$(XMLGEODBSROOT)/xml/flight/flightSegVols.xml" ;
GlastDetSvc.visitorMode = "recon" ;

// calibration services
ApplicationMgr.DLLs +={ "CalibSvc" } ;
ApplicationMgr.ExtSvc += {"CalibDataSvc"} ;
ApplicationMgr.ExtSvc += {"CalibMySQLCnvSvc", "CalibXmlCnvSvc" } ;
DetectorPersistencySvc.CnvServices += { "CalibMySQLCnvSvc" } ;
DetectorPersistencySvc.CnvServices += { "CalibXmlCnvSvc" } ;
CalibDataSvc.CalibInstrumentName = "LAT" ;
CalibDataSvc.CalibStorageType = 14 ; // Mysql
CalibDataSvc.CalibRootName = "Calib" ;
CalibDataSvc.CalibFlavorList = {"ideal"} ;
ApplicationMgr.Dlls += {"CalXtalResponse"} ;
ApplicationMgr.ExtSvc += {"CalCalibSvc"} ;
CalCalibSvc.DefaultFlavor  = "ideal" ;

// algorithms skeleton
ApplicationMgr.DLLs += { "GaudiAlg", "RootIo" } ;
ApplicationMgr.TopAlg += { "Sequencer/Top" } ;
Top.Members = { "PropertiesCheckAlg" } ;  
Top.Members += { "TkrCalibAlg" } ;
Top.Members += { "Sequencer/Simulation" } ;
Top.Members += { "Sequencer/Reconstruction" } ;
PropertiesCheckAlg.exclude = {
  "ApplicationMgr", "EventSelector", "MessageSvc", "FluxSvc",
  "GlastDetSvc", "DetectorPersistencySvc", "EventPersistencySvc",
  "CalibDataSvc", "CalCalibSvc",
  "PropertiesCheckAlg" } ;
  
// etc
MessageSvc.OutputLevel = 2 ;


// <-- End of including file $ROOTTESTDATAROOT/data/gamma_5_gev_normal/common.txt


// read back simulation and reconstruction first pass
Simulation.Members += { "digiRootReaderAlg", "reconRootReaderAlg" } ;  
digiRootReaderAlg.digiRootFile = "$ROOTTESTDATAROOT/data/gamma_5_gev_normal/digi.root" ;
reconRootReaderAlg.reconRootFile = "$ROOTTESTDATAROOT/data/gamma_5_gev_normal/recon.root" ;

// calo reconstruction second pass
ApplicationMgr.DLLs += { "CalRecon" } ;
ApplicationMgr.ExtSvc += { "GlastPropagatorSvc" } ;
Reconstruction.Members += { "CalClustersAlg", "CalEventEnergyAlg" } ;
Top.Members += { "test_CalRecon" } ;




Job options successfully read in from /home/chamont/Glast/CalReconDev/CalRecon/v6r999/src/test/jobOptions.txt
ApplicationMgr      DEBUG Getting my own properties
DllClassManager     DEBUG Found factory Algorithm SetSeeds
DllClassManager     DEBUG Found factory MCEventCnv
ConverterFactory    DEBUG Added converter for class:MCEventCnv Storage id:1 clID:2929757986
DllClassManager     DEBUG Found factory Service GlastRandomSvc
DllClassManager     DEBUG Found factory Service GlastPropagatorSvc
DllClassManager     DEBUG Found factory Service GlastEventSelector
DllClassManager     DEBUG Found factory Service GlastDetSvc
DllClassManager     DEBUG Found factory Service EventCnvSvc
DllClassManager     DEBUG Found factory EventCnv
ConverterFactory    DEBUG Added converter for class:EventCnv Storage id:1 clID:110
DllClassManager     DEBUG Found factory Algorithm CurrentEventAlg
DllClassManager     DEBUG Loaded 9 factories from module GlastSvc
DllClassManager     DEBUG Found factory Service G4GeometrySvc
DllClassManager     DEBUG Found factory G4GeneratorRandom
ObjectManager       DEBUG Added object factory for class:G4GeneratorRandom
DllClassManager     DEBUG Found factory Algorithm G4Generator
DllClassManager     DEBUG Found factory Service G4GenErrorSvc
DllClassManager     DEBUG Found factory Algorithm BeamTransform
DllClassManager     DEBUG Loaded 5 factories from module G4Generator
DllClassManager     DEBUG Found factory G4PropagatorTool
ObjectManager       DEBUG Added object factory for class:G4PropagatorTool
DllClassManager     DEBUG Found factory G4PropagationTool
ObjectManager       DEBUG Added object factory for class:G4PropagationTool
DllClassManager     DEBUG Loaded 2 factories from module G4Propagator
DllClassManager     DEBUG Found factory Service TkrToTSvc
DllClassManager     DEBUG Found factory Service TkrSplitsSvc
DllClassManager     DEBUG Found factory TkrQueryClustersTool
ObjectManager       DEBUG Added object factory for class:TkrQueryClustersTool
DllClassManager     DEBUG Found factory TkrMakeClustersTool
ObjectManager       DEBUG Added object factory for class:TkrMakeClustersTool
DllClassManager     DEBUG Found factory Service TkrGeometrySvc
DllClassManager     DEBUG Found factory Service TkrFailureModeSvc
DllClassManager     DEBUG Found factory TkrEnergyTool
ObjectManager       DEBUG Added object factory for class:TkrEnergyTool
DllClassManager     DEBUG Found factory Algorithm TkrCalibAlg
DllClassManager     DEBUG Found factory Service TkrBadStripsSvc
DllClassManager     DEBUG Found factory Service TkrAlignmentSvc
DllClassManager     DEBUG Loaded 10 factories from module TkrUtil
DllClassManager     DEBUG Found factory Service CalFailureModeSvc
DllClassManager     DEBUG Loaded 1 factories from module CalUtil
DllClassManager     DEBUG Found factory XmlTkrSplitsCnv
ConverterFactory    DEBUG Added converter for class:XmlTkrSplitsCnv Storage id:7 clID:6106
DllClassManager     DEBUG Found factory XmlTest1Cnv
ConverterFactory    DEBUG Added converter for class:XmlTest1Cnv Storage id:7 clID:6500
DllClassManager     DEBUG Found factory XmlCalTholdMuonCnv
ConverterFactory    DEBUG Added converter for class:XmlCalTholdMuonCnv Storage id:7 clID:6214
DllClassManager     DEBUG Found factory XmlCalTholdCICnv
ConverterFactory    DEBUG Added converter for class:XmlCalTholdCICnv Storage id:7 clID:6213
DllClassManager     DEBUG Found factory XmlCalPedCnv
ConverterFactory    DEBUG Added converter for class:XmlCalPedCnv Storage id:7 clID:6203
DllClassManager     DEBUG Found factory XmlCalMuSlopeCnv
ConverterFactory    DEBUG Added converter for class:XmlCalMuSlopeCnv Storage id:7 clID:6211
DllClassManager     DEBUG Found factory XmlCalMevPerDacCnv
ConverterFactory    DEBUG Added converter for class:XmlCalMevPerDacCnv Storage id:7 clID:6212
DllClassManager     DEBUG Found factory XmlCalLightAttCnv
ConverterFactory    DEBUG Added converter for class:XmlCalLightAttCnv Storage id:7 clID:6200
DllClassManager     DEBUG Found factory XmlCalLightAsymCnv
ConverterFactory    DEBUG Added converter for class:XmlCalLightAsymCnv Storage id:7 clID:6201
DllClassManager     DEBUG Found factory XmlCalIntNonlinCnv
ConverterFactory    DEBUG Added converter for class:XmlCalIntNonlinCnv Storage id:7 clID:6205
DllClassManager     DEBUG Found factory XmlCalGainCnv
ConverterFactory    DEBUG Added converter for class:XmlCalGainCnv Storage id:7 clID:6204
DllClassManager     DEBUG Found factory XmlCalAsymCnv
ConverterFactory    DEBUG Added converter for class:XmlCalAsymCnv Storage id:7 clID:6215
DllClassManager     DEBUG Found factory XmlBadStripsCnv
ConverterFactory    DEBUG Added converter for class:XmlBadStripsCnv Storage id:7 clID:6102
DllClassManager     DEBUG Found factory XmlAcdPedCnv
ConverterFactory    DEBUG Added converter for class:XmlAcdPedCnv Storage id:7 clID:6304
DllClassManager     DEBUG Found factory XmlAcdGainCnv
ConverterFactory    DEBUG Added converter for class:XmlAcdGainCnv Storage id:7 clID:6305
DllClassManager     DEBUG Found factory RootTkrTotCnv
ConverterFactory    DEBUG Added converter for class:RootTkrTotCnv Storage id:5 clID:6103
DllClassManager     DEBUG Found factory RootTkrScaleCnv
ConverterFactory    DEBUG Added converter for class:RootTkrScaleCnv Storage id:5 clID:6107
DllClassManager     DEBUG Found factory RootCalGainCnv
ConverterFactory    DEBUG Added converter for class:RootCalGainCnv Storage id:5 clID:6204
DllClassManager     DEBUG Found factory Service CalibXmlCnvSvc
DllClassManager     DEBUG Found factory Service CalibRootCnvSvc
DllClassManager     DEBUG Found factory Service CalibMySQLCnvSvc
DllClassManager     DEBUG Found factory Algorithm CalibEvtClock
DllClassManager     DEBUG Found factory Service CalibDataSvc
DllClassManager     DEBUG Loaded 23 factories from module CalibSvc
DllClassManager     DEBUG Found factory XtalRecTool
ObjectManager       DEBUG Added object factory for class:XtalRecTool
DllClassManager     DEBUG Found factory XtalDigiTool
ObjectManager       DEBUG Added object factory for class:XtalDigiTool
DllClassManager     DEBUG Found factory CalXtalRespRandom
ObjectManager       DEBUG Added object factory for class:CalXtalRespRandom
DllClassManager     DEBUG Found factory Algorithm CalXtalRecAlg
DllClassManager     DEBUG Found factory Algorithm CalTupleAlg
DllClassManager     DEBUG Found factory CalTrigTool
ObjectManager       DEBUG Added object factory for class:CalTrigTool
DllClassManager     DEBUG Found factory Service CalCalibSvc
DllClassManager     DEBUG Loaded 7 factories from module CalXtalResponse
DllClassManager     DEBUG Found factory Algorithm EventCounter
DllClassManager     DEBUG Found factory Algorithm Prescaler
DllClassManager     DEBUG Found factory Algorithm Sequencer
DllClassManager     DEBUG Found factory Algorithm GaudiAlgorithm
DllClassManager     DEBUG Loaded 4 factories from module GaudiAlg
DllClassManager     DEBUG Found factory Algorithm relationRootWriterAlg
DllClassManager     DEBUG Found factory Algorithm relationRootReaderAlg
DllClassManager     DEBUG Found factory Algorithm reconRootWriterAlg
DllClassManager     DEBUG Found factory Algorithm reconRootReaderAlg
DllClassManager     DEBUG Found factory Algorithm mcRootWriterAlg
DllClassManager     DEBUG Found factory Algorithm mcRootReaderAlg
DllClassManager     DEBUG Found factory Algorithm digiRootWriterAlg
DllClassManager     DEBUG Found factory Algorithm digiRootReaderAlg
DllClassManager     DEBUG Found factory Service RootIoSvc
DllClassManager     DEBUG Found factory RootIoRandom
ObjectManager       DEBUG Added object factory for class:RootIoRandom
DllClassManager     DEBUG Found factory FhTool
ObjectManager       DEBUG Added object factory for class:FhTool
DllClassManager     DEBUG Found factory Algorithm FhSetAlg
DllClassManager     DEBUG Found factory Algorithm FhDemoGetAlg
DllClassManager     DEBUG Found factory Algorithm FhDemoCaloSetAlg
DllClassManager     DEBUG Loaded 14 factories from module RootIo
DllClassManager     DEBUG Found factory StdMipFindingTool
ObjectManager       DEBUG Added object factory for class:StdMipFindingTool
DllClassManager     DEBUG Found factory Algorithm PropertiesCheckAlg
DllClassManager     DEBUG Found factory CalValsCorrTool
ObjectManager       DEBUG Added object factory for class:CalValsCorrTool
DllClassManager     DEBUG Found factory CalTransvOffsetTool
ObjectManager       DEBUG Added object factory for class:CalTransvOffsetTool
DllClassManager     DEBUG Found factory CalTkrLikelihoodTool
ObjectManager       DEBUG Added object factory for class:CalTkrLikelihoodTool
DllClassManager     DEBUG Found factory CalSingleClusteringTool
ObjectManager       DEBUG Added object factory for class:CalSingleClusteringTool
DllClassManager     DEBUG Found factory CalSimpleClusteringTool
ObjectManager       DEBUG Added object factory for class:CalSimpleClusteringTool
DllClassManager     DEBUG Found factory Service CalReconSvc
DllClassManager     DEBUG Found factory CalRawEnergyTool
ObjectManager       DEBUG Added object factory for class:CalRawEnergyTool
DllClassManager     DEBUG Found factory CalProfileTool
ObjectManager       DEBUG Added object factory for class:CalProfileTool
DllClassManager     DEBUG Found factory Algorithm CalMipFinderAlg
DllClassManager     DEBUG Found factory CalLikelihoodManagerTool
ObjectManager       DEBUG Added object factory for class:CalLikelihoodManagerTool
DllClassManager     DEBUG Found factory CalLastLayerLikelihoodTool
ObjectManager       DEBUG Added object factory for class:CalLastLayerLikelihoodTool
DllClassManager     DEBUG Found factory CalFullProfileTool
ObjectManager       DEBUG Added object factory for class:CalFullProfileTool
DllClassManager     DEBUG Found factory Algorithm CalEventEnergyAlg
DllClassManager     DEBUG Found factory Algorithm CalDisplay
DllClassManager     DEBUG Found factory Algorithm CalClustersAlg
DllClassManager     DEBUG Loaded 17 factories from module CalRecon
ApplicationMgr       INFO Successfully loaded modules: GlastSvc, G4Generator, G4Propagator, TkrUtil, CalUtil, CalibSvc, CalXtalResponse, GaudiAlg, RootIo, CalRecon
ApplicationMgr       INFO Application Manager Configured successfully
ServiceManager      DEBUG Initializing service EventSelector
EventSelector       DEBUG Service base class initialized successfully
EventSelector        INFO GlastEventSelector input has been set to NONE
EventDataSvc        DEBUG Service base class initialized successfully
EventPersistenc...   INFO "CnvServices": ["EventCnvSvc"]
EventPersistenc...  DEBUG Service base class initialized successfully
ServiceManager      DEBUG Initializing service EventCnvSvc
EventCnvSvc         DEBUG Service base class initialized successfully
ServiceManager      DEBUG Initializing service GlastDetSvc
GlastDetSvc         DEBUG Service base class initialized successfully
detModel Doc Client: registered the constants!
detModel Doc Client: registered the materials!
detModel Doc Client: registered the id dictionary!
detModel Doc Client: registered the sections!
GlastDetSvc          INFO  geometry setup: 
    document = /home/chamont/Glast/GlastRelease/HEAD1.726/xmlGeoDbs/v1r29gr1/xml/flight/flightSegVols.xml
        mode = recon
      topvol = LAT
Summary of IDmap contents:
       Detector name     count
       -------------     -----
              CsISeg     18432
       SiWaferActive      9216
              diodeL      3072
              diodeS      3072
          sideRibbon        16
sideTileR0EdgeGreater         4
sideTileR0EdgeLesser         4
       sideTileR0Mid        12
sideTileR1EdgeGreater         4
sideTileR1EdgeLesser         4
       sideTileR1Mid        12
sideTileR2EdgeGreater         4
sideTileR2EdgeLesser         4
       sideTileR2Mid        12
          sideTileR3         4
   topTileRcentCcent         1
   topTileRcentCedge         2
    topTileRcentCmid         2
   topTileRedgeCcent         2
   topTileRedgeCedge         4
    topTileRedgeCmid         4
    topTileRmidCcent         2
    topTileRmidCedge         4
     topTileRmidCmid         4
      xRibbonTopCent         4
      xRibbonTopEdge         8
       xRibbonTopMid         8
          yRibbonTop         4
              total:     33921

ServiceManager      DEBUG Initializing service G4GeometrySvc
G4GeometrySvc        INFO G4GeometrySvc Initialization started
G4GeometrySvc       DEBUG Service base class initialized successfully
	DetectorConstruction created 405, 138 physical, logical volumes, using  mode from G4Generator job options: recon
G4GeometrySvc        INFO G4GeometrySvc Initialization completed successfully
ServiceManager      DEBUG Initializing service CalibDataSvc
CalibDataSvc        DEBUG Service base class initialized successfully
DetectorPersist...   INFO "CnvServices": ["CalibMySQLCnvSvc", "CalibXmlCnvSvc"]
DetectorPersist...  DEBUG Service base class initialized successfully
CalibDataSvc        DEBUG Storage type used is: 14
IncidentSvc         DEBUG Service base class initialized successfully
DetectorPersist...   INFO Added successfully Conversion service:CalibMySQLCnvSvc
ServiceManager      DEBUG Initializing service CalibMySQLCnvSvc
CalibMySQLCnvSvc    DEBUG Service base class initialized successfully
CalibMySQLCnvSvc     INFO Specific initialization starting
CalibMySQLCnvSvc    DEBUG Retrieved IDetDataSvc interface of CalibDataSvc
CalibMySQLCnvSvc    DEBUG Retrieved IInstrumentNameSvc interface of CalibDataSvc
CalibMySQLCnvSvc    DEBUG Retrieved IConversionSvc interface of DetectorPersistencySvc
CalibMySQLCnvSvc    DEBUG Retrieved IAddressCreator interface of DetectorPersistencySvc
CalibMySQLCnvSvc    DEBUG Properties were read from jobOptions
CalibMySQLCnvSvc     INFO Specific initialization completed
ServiceManager      DEBUG Initializing service CalibXmlCnvSvc
CalibXmlCnvSvc      DEBUG Service base class initialized successfully
CalibXmlCnvSvc      DEBUG Retrieved IConversionSvc interface of DetectorPersistencySvc
CalibXmlCnvSvc      DEBUG Retrieved IAddressCreator interface of DetectorPersistencySvc
CalibXmlCnvSvc      DEBUG Set it as the address creator of the CalibXmlCnvSvc
ServiceManager      DEBUG Initializing service CalCalibSvc
CalCalibSvc         DEBUG Service base class initialized successfully
CalCalibSvc          INFO initialize
CalCalibSvc         DEBUG Initializing...
CalCalibSvc         DEBUG   CalibDavaSvc   : CalibDataSvc
CalCalibSvc         DEBUG   DefaultFlavor  : ideal
CalCalibSvc         DEBUG   FlavorIntNonlin: ideal
CalCalibSvc         DEBUG   FlavorAsym     : ideal
CalCalibSvc         DEBUG   FlavorPed      : ideal
CalCalibSvc         DEBUG   FlavorMeVPerDac: ideal
CalCalibSvc         DEBUG   FlavorTholdCI  : ideal
CalCalibSvc         DEBUG   FlavorTholdMuon: ideal
ServiceManager      DEBUG Initializing service GlastPropagatorSvc
GlastPropagatorSvc  DEBUG Service base class initialized successfully
ToolSvc             DEBUG Service base class initialized successfully
ToolSvc.G4Propa...   INFO G4 Propagator Tool initializing now
ToolSvc.G4Propa...   INFO G4 Propagation Tool initializing now
ToolSvc.G4Propa...   INFO G4 Propagation Tool ready
ToolSvc.G4Propa...   INFO G4 Propagator Tool ready
GlastPropagatorSvc   INFO Using Geant4 Particle Propagator
ServiceManager      DEBUG Service EventPersistencySvc already initialized
ServiceManager      DEBUG Service EventDataSvc already initialized
ServiceManager      DEBUG Service DetectorPersistencySvc already initialized
ServiceManager      DEBUG Service IncidentSvc already initialized
ServiceManager      DEBUG Service ToolSvc already initialized
ServiceManager      DEBUG Initializing service AppMgrRunable
AppMgrRunable       DEBUG Service base class initialized successfully
ServiceManager      DEBUG Initializing service EventLoopMgr
EventLoopMgr        DEBUG Service base class initialized successfully
EventLoopMgr        DEBUG Creating Top Algorithm Sequencer with name Top
Top                 DEBUG PropertiesCheckAlg doesn't exist - created and appended to member list
Top                 DEBUG TkrCalibAlg doesn't exist - created and appended to member list
Top                 DEBUG Simulation doesn't exist - created and appended to member list
Top                 DEBUG Reconstruction doesn't exist - created and appended to member list
Top                 DEBUG test_CalRecon doesn't exist - created and appended to member list
Top                  INFO Member list: PropertiesCheckAlg, TkrCalibAlg, Sequencer/Simulation, Sequencer/Reconstruction, test_CalRecon
TkrCalibAlg          INFO Initialize()
TkrCalibAlg         DEBUG Retrieved IDetDataSvc interface of CalibDataSvc
TkrBadStripsSvc     DEBUG Service base class initialized successfully
TkrGeometrySvc      DEBUG Service base class initialized successfully
ToolSvc             DEBUG Retrieved toolG4PropagationTool
TkrGeometrySvc       INFO Retrieved G4PropagationTool
TkrGeometrySvc      DEBUG Propagator goes from 682.315 to -57.685
 digiLayer 0 Conv 0 Rest 0.0215344
TkrGeometrySvc      DEBUG  digiLayer 1 Conv 0 Rest 0.015397
TkrGeometrySvc      DEBUG  digiLayer 2 Conv 0.181349 Rest 0.015397
TkrGeometrySvc      DEBUG  digiLayer 3 Conv 0.181349 Rest 0.0201581
TkrGeometrySvc      DEBUG  digiLayer 4 Conv 0.181349 Rest 0.0201581
TkrGeometrySvc      DEBUG  digiLayer 5 Conv 0.181349 Rest 0.0201581
TkrGeometrySvc      DEBUG  digiLayer 6 Conv 0.0299628 Rest 0.0201581
TkrGeometrySvc      DEBUG  digiLayer 7 Conv 0.0299628 Rest 0.0157522
TkrGeometrySvc      DEBUG  digiLayer 8 Conv 0.0299628 Rest 0.0157522
TkrGeometrySvc      DEBUG  digiLayer 9 Conv 0.0299628 Rest 0.0157522
TkrGeometrySvc      DEBUG  digiLayer 10 Conv 0.0299628 Rest 0.0157522
TkrGeometrySvc      DEBUG  digiLayer 11 Conv 0.0299628 Rest 0.0157522
TkrGeometrySvc      DEBUG  digiLayer 12 Conv 0.0299628 Rest 0.0157522
TkrGeometrySvc      DEBUG  digiLayer 13 Conv 0.0299628 Rest 0.0157522
TkrGeometrySvc      DEBUG  digiLayer 14 Conv 0.0299628 Rest 0.0157522
TkrGeometrySvc      DEBUG  digiLayer 15 Conv 0.0299628 Rest 0.0157522
TkrGeometrySvc      DEBUG  digiLayer 16 Conv 0.0299628 Rest 0.0157522
TkrGeometrySvc      DEBUG  digiLayer 17 Conv 0.0299628 Rest 0.0157522
TkrGeometrySvc      DEBUG 
TkrGeometrySvc       INFO 
TkrGeometrySvc       INFO Type 0 numLayers 2 aveConv 0 aveRest 0.0184657
TkrGeometrySvc       INFO Type 1 numLayers 12 aveConv 0.0299628 aveRest 0.0161194
TkrGeometrySvc       INFO Type 2 numLayers 4 aveConv 0.181349 aveRest 0.0189678
TkrGeometrySvc       INFO Type 3 numLayers 18 aveConv 0.060275 aveRest 0.0170131
TkrGeometrySvc       INFO 
TkrFailureModeSvc   DEBUG Service base class initialized successfully
TkrAlignmentSvc     DEBUG Service base class initialized successfully
tray 0 z: 23.5075 18.8075 -19.0075
tray 1 z: 59.55 -14.785 14.785
tray 2 z: 91.65 -14.785 14.785
tray 3 z: 124.251 -15.2865 15.2865
tray 4 z: 157.352 -15.2865 15.2865
tray 5 z: 190.452 -15.2865 15.2865
tray 6 z: 223.552 -15.2865 15.2865
tray 7 z: 256.253 -14.8875 14.8875
tray 8 z: 288.553 -14.8875 14.8875
tray 9 z: 320.853 -14.8875 14.8875
tray 10 z: 353.153 -14.8875 14.8875
tray 11 z: 385.453 -14.8875 14.8875
tray 12 z: 417.753 -14.8875 14.8875
tray 13 z: 450.053 -14.8875 14.8875
tray 14 z: 482.353 -14.8875 14.8875
tray 15 z: 514.653 -14.8875 14.8875
tray 16 z: 546.953 -14.8875 14.8875
tray 17 z: 579.253 -14.8875 14.8875
tray 18 z: 614.215 17.75 0

rlayer/view z 0 0 44.765
rlayer/view z 0 1 42.315
rlayer/view z 1 0 74.335
rlayer/view z 1 1 76.865
rlayer/view z 2 0 108.965
rlayer/view z 2 1 106.435
rlayer/view z 3 0 139.538
rlayer/view z 3 1 142.065
rlayer/view z 4 0 175.165
rlayer/view z 4 1 172.638
rlayer/view z 5 0 205.738
rlayer/view z 5 1 208.265
rlayer/view z 6 0 241.365
rlayer/view z 6 1 238.838
rlayer/view z 7 0 271.14
rlayer/view z 7 1 273.665
rlayer/view z 8 0 305.965
rlayer/view z 8 1 303.44
rlayer/view z 9 0 335.74
rlayer/view z 9 1 338.265
rlayer/view z 10 0 370.565
rlayer/view z 10 1 368.04
rlayer/view z 11 0 400.34
rlayer/view z 11 1 402.865
rlayer/view z 12 0 435.165
rlayer/view z 12 1 432.64
rlayer/view z 13 0 464.94
rlayer/view z 13 1 467.465
rlayer/view z 14 0 499.765
rlayer/view z 14 1 497.24
rlayer/view z 15 0 529.54
rlayer/view z 15 1 532.065
rlayer/view z 16 0 564.365
rlayer/view z 16 1 561.84
rlayer/view z 17 0 594.14
rlayer/view z 17 1 596.665
TkrAlignmentSvc     DEBUG 
TkrAlignmentSvc      INFO No alignment was requested.
TkrAlignmentSvc      INFO   No alignment will be done.
TkrSplitsSvc        DEBUG Service base class initialized successfully
TkrSplitsSvc      WARNING Service already initialized
TkrToTSvc           DEBUG Service base class initialized successfully
TkrGeometrySvc       INFO TkrGeometrySvc successfully initialized
TkrBadStripsSvc      INFO No bad strips file was requested.
Simulation          DEBUG digiRootReaderAlg doesn't exist - created and appended to member list
Simulation          DEBUG reconRootReaderAlg doesn't exist - created and appended to member list
Simulation           INFO Member list: digiRootReaderAlg, reconRootReaderAlg
RootIoSvc           DEBUG Service base class initialized successfully
digiRootReaderAlg    INFO Opened file: /home/chamont/Glast/GlastRelease/HEAD1.726/rootTestData/v3r6p1/data/gamma_5_gev_normal/digi.root
digiRootReaderAlg    INFO Input file does not contain new style index, rebuilding
ToolSvc             DEBUG Retrieved toolFhTool
reconRootReaderAlg   INFO Opened file: /home/chamont/Glast/GlastRelease/HEAD1.726/rootTestData/v3r6p1/data/gamma_5_gev_normal/recon.root
reconRootReaderAlg   INFO Input file does not contain new style index, rebuilding
Reconstruction      DEBUG CalClustersAlg doesn't exist - created and appended to member list
Reconstruction      DEBUG CalEventEnergyAlg doesn't exist - created and appended to member list
Reconstruction       INFO Member list: CalClustersAlg, CalEventEnergyAlg
CalReconSvc         DEBUG Service base class initialized successfully
CalEventEnergyAlg    INFO CalEventEnergyAlg Initialization
ToolSvc.CalVals...   INFO Initializing CalValsCorrTool
ToolSvc             DEBUG Retrieved toolG4PropagationTool
ToolSvc.CalProf...   INFO Initializing CalProfileTool
ToolSvc.CalProf...   INFO  value for CosThetaLimit 0.3
ToolSvc.CalProf...   INFO  value for BiasParNb9
ToolSvc.CalProf...   INFO  value for CosThetaParNb 3
ToolSvc.CalProf...   INFO  value for bias0 0.0187272
ToolSvc.CalProf...   INFO  value for bias1 -0.0271244
ToolSvc.CalProf...   INFO  value for bias2 0.0145653
ToolSvc.CalProf...   INFO  value for bias3 -0.0709624
ToolSvc.CalProf...   INFO  value for bias4 0.118555
ToolSvc.CalProf...   INFO  value for bias5 -0.0962898
ToolSvc.CalProf...   INFO  value for bias6 0.273117
ToolSvc.CalProf...   INFO  value for bias7 -0.604589
ToolSvc.CalProf...   INFO  value for bias8 0.452359
ToolSvc.CalLast...   INFO Initializing CalLikelihoodTool
ToolSvc.CalLast...  DEBUG Initializing CalLikelihoodTool with file $(CALRECONROOT)/xml/CalLastLayerLikelihood.data
ToolSvc.CalLast...  DEBUG File must contain 32, for 5 parameters
ToolSvc.CalLast...  DEBUG Extracting Axes
ToolSvc.CalLast...  DEBUG Extracting PDF Parameters for PDF #0
ToolSvc.CalLast...  DEBUG Extracting PDF Parameters for PDF #1
ToolSvc.CalLast...  DEBUG Extracting PDF Parameters for PDF #2
ToolSvc.CalLast...  DEBUG Extracting PDF Parameters for PDF #3
ToolSvc.CalLast...  DEBUG Extracting PDF Parameters for PDF #4
ToolSvc.CalLast...  DEBUG Extracting PDF Parameters for PDF #5
ToolSvc.CalLast...  DEBUG Extracting PDF Parameters for PDF #6
ToolSvc.CalLast...  DEBUG Extracting PDF Parameters for PDF #7
ToolSvc.CalLast...  DEBUG Extracting PDF Parameters for PDF #8
ToolSvc.CalLast...  DEBUG Extracting PDF Parameters for PDF #9
ToolSvc.CalLast...  DEBUG Extracting PDF Parameters for PDF #10
ToolSvc.CalLast...  DEBUG Extracting PDF Parameters for PDF #11
ToolSvc.CalLast...  DEBUG Extracting PDF Parameters for PDF #12
ToolSvc.CalLast...  DEBUG Extracting PDF Parameters for PDF #13
ToolSvc.CalLast...  DEBUG Extracting PDF Parameters for PDF #14
ToolSvc.CalLast...  DEBUG Extracting PDF Parameters for PDF #15
ToolSvc.CalLast...  DEBUG Extracting PDF Parameters for PDF #16
ToolSvc.CalLast...  DEBUG Extracting PDF Parameters for PDF #17
ToolSvc.CalLast...  DEBUG Extracting PDF Parameters for PDF #18
ToolSvc.CalLast...  DEBUG Extracting PDF Parameters for PDF #19
ToolSvc.CalLast...  DEBUG Extracting PDF Parameters for PDF #20
ToolSvc.CalLast...  DEBUG Extracting PDF Parameters for PDF #21
ToolSvc.CalLast...  DEBUG Extracting PDF Parameters for PDF #22
ToolSvc.CalLast...  DEBUG Extracting PDF Parameters for PDF #23
ToolSvc.CalLast...  DEBUG Extracting PDF Parameters for PDF #24
ToolSvc.CalLast...  DEBUG Extracting PDF Parameters for PDF #25
ToolSvc.CalLast...  DEBUG Extracting PDF Parameters for PDF #26
ToolSvc.CalLast...  DEBUG Extracting PDF Parameters for PDF #27
ToolSvc.CalLast...  DEBUG Extracting PDF Parameters for PDF #28
ToolSvc.CalLast...  DEBUG Extracting PDF Parameters for PDF #29
ToolSvc.CalLast...  DEBUG Extracting PDF Parameters for PDF #30
ToolSvc.CalLast...  DEBUG Extracting PDF Parameters for PDF #31
ToolSvc.CalFull...  DEBUG Initializing CalFullProfileTool
ToolSvc.CalTkrL...   INFO Initializing CalLikelihoodTool
ToolSvc.CalTkrL...  DEBUG Initializing CalLikelihoodTool with file $(CALRECONROOT)/xml/CalTkrLikelihood.data
ToolSvc.CalTkrL...  DEBUG File must contain 64, for 5 parameters
ToolSvc.CalTkrL...  DEBUG Extracting Axes
ToolSvc.CalTkrL...  DEBUG Extracting PDF Parameters for PDF #0
ToolSvc.CalTkrL...  DEBUG Extracting PDF Parameters for PDF #1
ToolSvc.CalTkrL...  DEBUG Extracting PDF Parameters for PDF #2
ToolSvc.CalTkrL...  DEBUG Extracting PDF Parameters for PDF #3
ToolSvc.CalTkrL...  DEBUG Extracting PDF Parameters for PDF #4
ToolSvc.CalTkrL...  DEBUG Extracting PDF Parameters for PDF #5
ToolSvc.CalTkrL...  DEBUG Extracting PDF Parameters for PDF #6
ToolSvc.CalTkrL...  DEBUG Extracting PDF Parameters for PDF #7
ToolSvc.CalTkrL...  DEBUG Extracting PDF Parameters for PDF #8
ToolSvc.CalTkrL...  DEBUG Extracting PDF Parameters for PDF #9
ToolSvc.CalTkrL...  DEBUG Extracting PDF Parameters for PDF #10
ToolSvc.CalTkrL...  DEBUG Extracting PDF Parameters for PDF #11
ToolSvc.CalTkrL...  DEBUG Extracting PDF Parameters for PDF #12
ToolSvc.CalTkrL...  DEBUG Extracting PDF Parameters for PDF #13
ToolSvc.CalTkrL...  DEBUG Extracting PDF Parameters for PDF #14
ToolSvc.CalTkrL...  DEBUG Extracting PDF Parameters for PDF #15
ToolSvc.CalTkrL...  DEBUG Extracting PDF Parameters for PDF #16
ToolSvc.CalTkrL...  DEBUG Extracting PDF Parameters for PDF #17
ToolSvc.CalTkrL...  DEBUG Extracting PDF Parameters for PDF #18
ToolSvc.CalTkrL...  DEBUG Extracting PDF Parameters for PDF #19
ToolSvc.CalTkrL...  DEBUG Extracting PDF Parameters for PDF #20
ToolSvc.CalTkrL...  DEBUG Extracting PDF Parameters for PDF #21
ToolSvc.CalTkrL...  DEBUG Extracting PDF Parameters for PDF #22
ToolSvc.CalTkrL...  DEBUG Extracting PDF Parameters for PDF #23
ToolSvc.CalTkrL...  DEBUG Extracting PDF Parameters for PDF #24
ToolSvc.CalTkrL...  DEBUG Extracting PDF Parameters for PDF #25
ToolSvc.CalTkrL...  DEBUG Extracting PDF Parameters for PDF #26
ToolSvc.CalTkrL...  DEBUG Extracting PDF Parameters for PDF #27
ToolSvc.CalTkrL...  DEBUG Extracting PDF Parameters for PDF #28
ToolSvc.CalTkrL...  DEBUG Extracting PDF Parameters for PDF #29
ToolSvc.CalTkrL...  DEBUG Extracting PDF Parameters for PDF #30
ToolSvc.CalTkrL...  DEBUG Extracting PDF Parameters for PDF #31
ToolSvc.CalTkrL...  DEBUG Extracting PDF Parameters for PDF #32
ToolSvc.CalTkrL...  DEBUG Extracting PDF Parameters for PDF #33
ToolSvc.CalTkrL...  DEBUG Extracting PDF Parameters for PDF #34
ToolSvc.CalTkrL...  DEBUG Extracting PDF Parameters for PDF #35
ToolSvc.CalTkrL...  DEBUG Extracting PDF Parameters for PDF #36
ToolSvc.CalTkrL...  DEBUG Extracting PDF Parameters for PDF #37
ToolSvc.CalTkrL...  DEBUG Extracting PDF Parameters for PDF #38
ToolSvc.CalTkrL...  DEBUG Extracting PDF Parameters for PDF #39
ToolSvc.CalTkrL...  DEBUG Extracting PDF Parameters for PDF #40
ToolSvc.CalTkrL...  DEBUG Extracting PDF Parameters for PDF #41
ToolSvc.CalTkrL...  DEBUG Extracting PDF Parameters for PDF #42
ToolSvc.CalTkrL...  DEBUG Extracting PDF Parameters for PDF #43
ToolSvc.CalTkrL...  DEBUG Extracting PDF Parameters for PDF #44
ToolSvc.CalTkrL...  DEBUG Extracting PDF Parameters for PDF #45
ToolSvc.CalTkrL...  DEBUG Extracting PDF Parameters for PDF #46
ToolSvc.CalTkrL...  DEBUG Extracting PDF Parameters for PDF #47
ToolSvc.CalTkrL...  DEBUG Extracting PDF Parameters for PDF #48
ToolSvc.CalTkrL...  DEBUG Extracting PDF Parameters for PDF #49
ToolSvc.CalTkrL...  DEBUG Extracting PDF Parameters for PDF #50
ToolSvc.CalTkrL...  DEBUG Extracting PDF Parameters for PDF #51
ToolSvc.CalTkrL...  DEBUG Extracting PDF Parameters for PDF #52
ToolSvc.CalTkrL...  DEBUG Extracting PDF Parameters for PDF #53
ToolSvc.CalTkrL...  DEBUG Extracting PDF Parameters for PDF #54
ToolSvc.CalTkrL...  DEBUG Extracting PDF Parameters for PDF #55
ToolSvc.CalTkrL...  DEBUG Extracting PDF Parameters for PDF #56
ToolSvc.CalTkrL...  DEBUG Extracting PDF Parameters for PDF #57
ToolSvc.CalTkrL...  DEBUG Extracting PDF Parameters for PDF #58
ToolSvc.CalTkrL...  DEBUG Extracting PDF Parameters for PDF #59
ToolSvc.CalTkrL...  DEBUG Extracting PDF Parameters for PDF #60
ToolSvc.CalTkrL...  DEBUG Extracting PDF Parameters for PDF #61
ToolSvc.CalTkrL...  DEBUG Extracting PDF Parameters for PDF #62
ToolSvc.CalTkrL...  DEBUG Extracting PDF Parameters for PDF #63
CalLikelihoodMa...   INFO Initializing
test_CalRecon        INFO initialize
EventSelector       DEBUG Using Simple counter GlastEventSelector
EventSelector        INFO No input file selected for GlastEventSelector
EventSelector       DEBUG Reading Event 0
HistogramDataSvc    DEBUG Service base class initialized successfully
HistogramPersis...   INFO "CnvServices": ["HbookHistSvc", "RootHistSvc"]
HistogramPersis...  DEBUG Service base class initialized successfully
HistogramPersis...WARNING Histograms saving not required.
ApplicationMgr       INFO Application Manager Initialized successfully
EventPersistenc...   INFO Added successfully Conversion service:EventCnvSvc
CalibDataSvc        DEBUG New incident received
CalibDataSvc        DEBUG Incident source: EventLoopMgr
CalibDataSvc        DEBUG Incident type: BeginEvent
CalReconSvc         DEBUG Incident BeginEvent
AuditorSvc          DEBUG Service base class initialized successfully
Top                 DEBUG Top Sequencer::execute( )
Simulation          DEBUG Simulation Sequencer::execute( )
ToolSvc.FhTool    WARNING No file header found
ToolSvc.FhTool    WARNING No file header found
Reconstruction      DEBUG Reconstruction Sequencer::execute( )
CalClustersAlg      DEBUG Begin execute()
CalClustersAlg      DEBUG CalCluster Energy: 4082.16
CalClustersAlg      DEBUG End execute()
CalEventEnergyAlg   DEBUG Begin execute()
CalEventEnergyAlg   DEBUG CalValsCorrTool
CalEventEnergyAlg   DEBUG CalProfileTool
CalEventEnergyAlg   DEBUG CalLastLayerLikelihoodTool
CalLastLayerLik...  DEBUG Starting Calculations
CalLastLayerLik...  DEBUG End of Calculations:
CalLastLayerLik...  DEBUG Ending doEnergyCorr: Reconstruction Done
CalEventEnergyAlg   DEBUG CalFullProfileTool
ToolSvc.CalFull...  DEBUG CalFullProfileTool::doEnergyCorr : pp = 123.845 159.044 208.265 
ToolSvc.CalFull...  DEBUG CalFullProfileTool::doEnergyCorr : vv = -0.10019 -0.0541283 -0.993495 
ToolSvc.CalFull...  DEBUG CalFullProfileTool::doEnergyCorr : tkr_RLn = 0.757994
ToolSvc.CalFull...  DEBUG CalFullProfileTool::doEnergyCorr : m_fsddm->FSDDX0[0] : startx0 = 0.757994 totx0cal = 7.93783 lastx0 = 9.08962
ToolSvc.CalFull...  DEBUG CalFullProfileTool::doEnergyCorr : m_fsddm->FSDDX0[1] : startx0 = 0.757994 totx0cal = 8.11413 lastx0 = 9.17902
ToolSvc.CalFull...  DEBUG CalFullProfileTool::doEnergyCorr : m_fsddm->FSDDX0[2] : startx0 = 0.757994 totx0cal = 8.29547 lastx0 = 9.26583
ToolSvc.CalFull...  DEBUG CalFullProfileTool::doEnergyCorr : m_fsddm->FSDDX0[3] : startx0 = 0.757994 totx0cal = 8.35931 lastx0 = 9.29301
ToolSvc.CalFull...  DEBUG CalFullProfileTool::doEnergyCorr : m_fsddm->FSDDX0[4] : startx0 = 0.757994 totx0cal = 8.44708 lastx0 = 9.33437
ToolSvc.CalFull...  DEBUG CalFullProfileTool::doEnergyCorr : m_fsddm->FSDDX0[5] : startx0 = 0.757994 totx0cal = 8.4497 lastx0 = 9.33495
ToolSvc.CalFull...  DEBUG CalFullProfileTool::doEnergyCorr : m_fsddm->FSDDX0[6] : startx0 = 0.757994 totx0cal = 8.48421 lastx0 = 9.35113
ToolSvc.CalFull...  DEBUG CalFullProfileTool::doEnergyCorr : m_fsddm->FSDDX0[7] : startx0 = 0.757994 totx0cal = 8.51573 lastx0 = 9.35598
ToolSvc.CalFull...  DEBUG CalFullProfileTool::doEnergyCorr : m_fsddm->FSDDX0[8] : startx0 = 0.757994 totx0cal = 8.53507 lastx0 = 9.36506
ToolSvc.CalFull...  DEBUG CalFullProfileTool::doEnergyCorr : m_fsddm->FSDDX0[9] : startx0 = 0.757994 totx0cal = 8.54356 lastx0 = 9.37009
ToolSvc.CalFull...  DEBUG CalFullProfileTool::doEnergyCorr : m_fsddm->FSDDX0[10] : startx0 = 0.757994 totx0cal = 8.55884 lastx0 = 9.37912
ToolSvc.CalFull...  DEBUG CalFullProfileTool::doEnergyCorr : m_fsddm->FSDDX0[11] : startx0 = 0.757994 totx0cal = 8.56329 lastx0 = 9.37623
ToolSvc.CalFull...  DEBUG CalFullProfileTool::doEnergyCorr : m_fsddm->FSDDX0[12] : startx0 = 0.757994 totx0cal = 8.56798 lastx0 = 9.37857
ToolSvc.CalFull...  DEBUG CalFullProfileTool::doEnergyCorr : m_fsddm->FSDDX0[13] : startx0 = 0.757994 totx0cal = 8.58318 lastx0 = 9.38619
ToolSvc.CalFull...  DEBUG CalFullProfileTool::doEnergyCorr : m_fsddm->FSDDX0[14] : startx0 = 0.757994 totx0cal = 8.59033 lastx0 = 9.38987
ToolSvc.CalFull...  DEBUG CalFullProfileTool::doEnergyCorr : m_fsddm->meantotx0lay[0] :1.11211 meanposx0lay = 1.26563
ToolSvc.CalFull...  DEBUG CalFullProfileTool::doEnergyCorr : m_fsddm->meantotx0lay[1] :1.04431 meanposx0lay = 2.34638
ToolSvc.CalFull...  DEBUG CalFullProfileTool::doEnergyCorr : m_fsddm->meantotx0lay[2] :1.08824 meanposx0lay = 3.4157
ToolSvc.CalFull...  DEBUG CalFullProfileTool::doEnergyCorr : m_fsddm->meantotx0lay[3] :1.09094 meanposx0lay = 4.51184
ToolSvc.CalFull...  DEBUG CalFullProfileTool::doEnergyCorr : m_fsddm->meantotx0lay[4] :1.02389 meanposx0lay = 5.57687
ToolSvc.CalFull...  DEBUG CalFullProfileTool::doEnergyCorr : m_fsddm->meantotx0lay[5] :1.074 meanposx0lay = 6.63935
ToolSvc.CalFull...  DEBUG CalFullProfileTool::doEnergyCorr : m_fsddm->meantotx0lay[6] :1.03712 meanposx0lay = 7.71709
ToolSvc.CalFull...  DEBUG CalFullProfileTool::doEnergyCorr : m_fsddm->meantotx0lay[7] :0.965773 meanposx0lay = 8.74684
ToolSvc.CalFull...  DEBUG CalFullProfileTool::doEnergyCorr : Initial parameters : 2.99633 4.6463 4.08216
ToolSvc.CalFull...  DEBUG CalFullProfileTool::doEnergyCorr : ierflg = 0
ToolSvc.CalFull...  DEBUG CalFullProfileTool::doEnergyCorr : totchisq = 6.69326 = 4.8608 + 3 * 0.610821
ToolSvc.CalFull...  DEBUG CalFullProfileTool::doEnergyCorr : results : alpha = 3.42834 tmax = 4.44152 energy = 5.0743 fit flag 0 totchisq = 6.69326
CalEventEnergyAlg   DEBUG CalTkrLikelihoodTool
CalTkrLikelihoo...  DEBUG Starting Calculations
CalTkrLikelihoo...  DEBUG End of Calculations:
CalTkrLikelihoo...  DEBUG Ending doEnergyCorr: Reconstruction Done
CalEventEnergyAlg   DEBUG CalLikelihoodManagerTool
CalLikelihoodMa...  DEBUG Energy 5316.65 MeV, Error 0.0642667 Range 33
CalEventEnergyAlg   DEBUG End execute()
test_CalRecon        INFO executing 1 time
test_CalRecon        INFO Energy 4082.16
test_CalRecon        INFO NbTruncXtals 15
test_CalRecon        INFO Position 90.0652 143.367 -129.499
test_CalRecon        INFO Direction 0.0651161 0.0406556 0.997049
test_CalRecon        INFO CalValsCorrTool Energy 4968.3
test_CalRecon        INFO Profile Corr Energy 4082.16
test_CalRecon        INFO Last Layer Corr Energy 5370.95
test_CalRecon        INFO FullProfile Corr Energy 5172.6 alpha = 3.42834 tmax = 4.44152 tkrrln = 0 lastx0 = 9.27784 totchisq = 6.69326 chisq = 4.8608 parcf = 3 parc = 0.610821
test_CalRecon     WARNING UNKNOWN CORRECTION NAME: CalTkrLikelihoodTool
test_CalRecon        INFO CalLikelihoodManagerTool Energy 5316.65
CalReconSvc         DEBUG Incident EndEvent
EventSelector       DEBUG Reading Event 1
CalibDataSvc        DEBUG New incident received
CalibDataSvc        DEBUG Incident source: EventLoopMgr
CalibDataSvc        DEBUG Incident type: BeginEvent
CalReconSvc         DEBUG Incident BeginEvent
Top                 DEBUG Top Sequencer::execute( )
Simulation          DEBUG Simulation Sequencer::execute( )
ToolSvc.FhTool    WARNING No file header found
ToolSvc.FhTool    WARNING No file header found
Reconstruction      DEBUG Reconstruction Sequencer::execute( )
CalClustersAlg      DEBUG Begin execute()
CalClustersAlg      DEBUG CalCluster Energy: 3672.05
CalClustersAlg      DEBUG End execute()
CalEventEnergyAlg   DEBUG Begin execute()
CalEventEnergyAlg   DEBUG CalValsCorrTool
CalEventEnergyAlg   DEBUG CalProfileTool
CalEventEnergyAlg   DEBUG CalLastLayerLikelihoodTool
CalLastLayerLik...  DEBUG Ending doEnergyCorr: No TKR Reconstruction
CalEventEnergyAlg   DEBUG CalFullProfileTool
ToolSvc.CalFull...  DEBUG CalFullProfileTool::doEnergyCorr : pp = 223.39 194.829 -152.937 
ToolSvc.CalFull...  DEBUG CalFullProfileTool::doEnergyCorr : vv = -0.0273268 -0.0215195 -0.999395 
ToolSvc.CalFull...  DEBUG CalFullProfileTool::doEnergyCorr : tkr_RLn = 0
ToolSvc.CalFull...  DEBUG CalFullProfileTool::doEnergyCorr : m_fsddm->FSDDX0[0] : startx0 = 0 totx0cal = 8.3033 lastx0 = 8.46011
ToolSvc.CalFull...  DEBUG CalFullProfileTool::doEnergyCorr : m_fsddm->FSDDX0[1] : startx0 = 0 totx0cal = 8.27346 lastx0 = 8.44426
ToolSvc.CalFull...  DEBUG CalFullProfileTool::doEnergyCorr : m_fsddm->FSDDX0[2] : startx0 = 0 totx0cal = 8.30263 lastx0 = 8.45545
ToolSvc.CalFull...  DEBUG CalFullProfileTool::doEnergyCorr : m_fsddm->FSDDX0[3] : startx0 = 0 totx0cal = 8.29193 lastx0 = 8.44836
ToolSvc.CalFull...  DEBUG CalFullProfileTool::doEnergyCorr : m_fsddm->FSDDX0[4] : startx0 = 0 totx0cal = 8.38294 lastx0 = 8.49133
ToolSvc.CalFull...  DEBUG CalFullProfileTool::doEnergyCorr : m_fsddm->FSDDX0[5] : startx0 = 0 totx0cal = 8.41717 lastx0 = 8.51335
ToolSvc.CalFull...  DEBUG CalFullProfileTool::doEnergyCorr : m_fsddm->FSDDX0[6] : startx0 = 0 totx0cal = 8.42332 lastx0 = 8.51802
ToolSvc.CalFull...  DEBUG CalFullProfileTool::doEnergyCorr : m_fsddm->FSDDX0[7] : startx0 = 0 totx0cal = 8.46332 lastx0 = 8.53651
ToolSvc.CalFull...  DEBUG CalFullProfileTool::doEnergyCorr : m_fsddm->FSDDX0[8] : startx0 = 0 totx0cal = 8.47104 lastx0 = 8.53025
ToolSvc.CalFull...  DEBUG CalFullProfileTool::doEnergyCorr : m_fsddm->FSDDX0[9] : startx0 = 0 totx0cal = 8.48112 lastx0 = 8.53517
ToolSvc.CalFull...  DEBUG CalFullProfileTool::doEnergyCorr : m_fsddm->FSDDX0[10] : startx0 = 0 totx0cal = 8.49375 lastx0 = 8.54128
ToolSvc.CalFull...  DEBUG CalFullProfileTool::doEnergyCorr : m_fsddm->FSDDX0[11] : startx0 = 0 totx0cal = 8.50012 lastx0 = 8.54566
ToolSvc.CalFull...  DEBUG CalFullProfileTool::doEnergyCorr : m_fsddm->FSDDX0[12] : startx0 = 0 totx0cal = 8.50843 lastx0 = 8.54953
ToolSvc.CalFull...  DEBUG CalFullProfileTool::doEnergyCorr : m_fsddm->FSDDX0[13] : startx0 = 0 totx0cal = 8.51526 lastx0 = 8.55299
ToolSvc.CalFull...  DEBUG CalFullProfileTool::doEnergyCorr : m_fsddm->FSDDX0[14] : startx0 = 0 totx0cal = 8.52156 lastx0 = 8.55607
ToolSvc.CalFull...  DEBUG CalFullProfileTool::doEnergyCorr : m_fsddm->meantotx0lay[0] :1.11517 meanposx0lay = 0.508621
ToolSvc.CalFull...  DEBUG CalFullProfileTool::doEnergyCorr : m_fsddm->meantotx0lay[1] :1.02621 meanposx0lay = 1.57955
ToolSvc.CalFull...  DEBUG CalFullProfileTool::doEnergyCorr : m_fsddm->meantotx0lay[2] :1.10762 meanposx0lay = 2.64842
ToolSvc.CalFull...  DEBUG CalFullProfileTool::doEnergyCorr : m_fsddm->meantotx0lay[3] :1.01663 meanposx0lay = 3.71557
ToolSvc.CalFull...  DEBUG CalFullProfileTool::doEnergyCorr : m_fsddm->meantotx0lay[4] :1.09066 meanposx0lay = 4.77788
ToolSvc.CalFull...  DEBUG CalFullProfileTool::doEnergyCorr : m_fsddm->meantotx0lay[5] :1.00625 meanposx0lay = 5.83953
ToolSvc.CalFull...  DEBUG CalFullProfileTool::doEnergyCorr : m_fsddm->meantotx0lay[6] :1.07175 meanposx0lay = 6.89437
ToolSvc.CalFull...  DEBUG CalFullProfileTool::doEnergyCorr : m_fsddm->meantotx0lay[7] :0.988997 meanposx0lay = 7.94379
ToolSvc.CalFull...  DEBUG CalFullProfileTool::doEnergyCorr : Initial parameters : 2.9336 4.53082 3.67205
ToolSvc.CalFull...  DEBUG CalFullProfileTool::doEnergyCorr : ierflg = 0
ToolSvc.CalFull...  DEBUG CalFullProfileTool::doEnergyCorr : totchisq = 5.21757 = 4.5725 + 3 * 0.215021
ToolSvc.CalFull...  DEBUG CalFullProfileTool::doEnergyCorr : results : alpha = 3.86976 tmax = 5.39222 energy = 5.5798 fit flag 0 totchisq = 5.21757
CalEventEnergyAlg   DEBUG CalTkrLikelihoodTool
CalTkrLikelihoo...  DEBUG Ending doEnergyCorr: No TKR Reconstruction
CalEventEnergyAlg   DEBUG CalLikelihoodManagerTool
CalLikelihoodMa...  DEBUG No TKR Reconstruction
CalEventEnergyAlg   DEBUG End execute()
test_CalRecon        INFO executing 2 time
test_CalRecon        INFO Energy 3672.05
test_CalRecon        INFO NbTruncXtals 12
test_CalRecon        INFO Position 223.39 194.829 -152.937
test_CalRecon        INFO Direction 0.0273268 0.0215195 0.999395
test_CalRecon        INFO CalValsCorrTool Energy 5729.37
test_CalRecon        INFO Profile Corr Energy 6330.42
test_CalRecon        INFO FullProfile Corr Energy 5686.39 alpha = 3.86976 tmax = 5.39222 tkrrln = 0 lastx0 = 8.46522 totchisq = 5.21757 chisq = 4.5725 parcf = 3 parc = 0.215021
CalReconSvc         DEBUG Incident EndEvent
EventSelector       DEBUG Reading Event 2
CalibDataSvc        DEBUG New incident received
CalibDataSvc        DEBUG Incident source: EventLoopMgr
CalibDataSvc        DEBUG Incident type: BeginEvent
CalReconSvc         DEBUG Incident BeginEvent
Top                 DEBUG Top Sequencer::execute( )
Simulation          DEBUG Simulation Sequencer::execute( )
ToolSvc.FhTool    WARNING No file header found
ToolSvc.FhTool    WARNING No file header found
Reconstruction      DEBUG Reconstruction Sequencer::execute( )
CalClustersAlg      DEBUG Begin execute()
CalClustersAlg      DEBUG CalCluster Energy: 3909.81
CalClustersAlg      DEBUG End execute()
CalEventEnergyAlg   DEBUG Begin execute()
CalEventEnergyAlg   DEBUG CalValsCorrTool
CalEventEnergyAlg   DEBUG CalProfileTool
CalEventEnergyAlg   DEBUG CalLastLayerLikelihoodTool
CalLastLayerLik...  DEBUG Starting Calculations
CalLastLayerLik...  DEBUG End of Calculations:
CalLastLayerLik...  DEBUG Ending doEnergyCorr: Reconstruction Done
CalEventEnergyAlg   DEBUG CalFullProfileTool
ToolSvc.CalFull...  DEBUG CalFullProfileTool::doEnergyCorr : pp = 170.33 115.427 241.365 
ToolSvc.CalFull...  DEBUG CalFullProfileTool::doEnergyCorr : vv = -0.0445252 -0.107375 -0.993221 
ToolSvc.CalFull...  DEBUG CalFullProfileTool::doEnergyCorr : tkr_RLn = 0.883133
ToolSvc.CalFull...  DEBUG CalFullProfileTool::doEnergyCorr : m_fsddm->FSDDX0[0] : startx0 = 0.883133 totx0cal = 7.68429 lastx0 = 9.07633
ToolSvc.CalFull...  DEBUG CalFullProfileTool::doEnergyCorr : m_fsddm->FSDDX0[1] : startx0 = 0.883133 totx0cal = 7.70997 lastx0 = 9.08664
ToolSvc.CalFull...  DEBUG CalFullProfileTool::doEnergyCorr : m_fsddm->FSDDX0[2] : startx0 = 0.883133 totx0cal = 7.91157 lastx0 = 9.18265
ToolSvc.CalFull...  DEBUG CalFullProfileTool::doEnergyCorr : m_fsddm->FSDDX0[3] : startx0 = 0.883133 totx0cal = 7.92164 lastx0 = 9.1899
ToolSvc.CalFull...  DEBUG CalFullProfileTool::doEnergyCorr : m_fsddm->FSDDX0[4] : startx0 = 0.883133 totx0cal = 7.92216 lastx0 = 9.18605
ToolSvc.CalFull...  DEBUG CalFullProfileTool::doEnergyCorr : m_fsddm->FSDDX0[5] : startx0 = 0.883133 totx0cal = 7.97968 lastx0 = 9.21562
ToolSvc.CalFull...  DEBUG CalFullProfileTool::doEnergyCorr : m_fsddm->FSDDX0[6] : startx0 = 0.883133 totx0cal = 8.03673 lastx0 = 9.24292
ToolSvc.CalFull...  DEBUG CalFullProfileTool::doEnergyCorr : m_fsddm->FSDDX0[7] : startx0 = 0.883133 totx0cal = 8.06169 lastx0 = 9.24249
ToolSvc.CalFull...  DEBUG CalFullProfileTool::doEnergyCorr : m_fsddm->FSDDX0[8] : startx0 = 0.883133 totx0cal = 8.0965 lastx0 = 9.26044
ToolSvc.CalFull...  DEBUG CalFullProfileTool::doEnergyCorr : m_fsddm->FSDDX0[9] : startx0 = 0.883133 totx0cal = 8.09982 lastx0 = 9.26179
ToolSvc.CalFull...  DEBUG CalFullProfileTool::doEnergyCorr : m_fsddm->FSDDX0[10] : startx0 = 0.883133 totx0cal = 8.11847 lastx0 = 9.27188
ToolSvc.CalFull...  DEBUG CalFullProfileTool::doEnergyCorr : m_fsddm->FSDDX0[11] : startx0 = 0.883133 totx0cal = 8.13934 lastx0 = 9.28293
ToolSvc.CalFull...  DEBUG CalFullProfileTool::doEnergyCorr : m_fsddm->FSDDX0[12] : startx0 = 0.883133 totx0cal = 8.15202 lastx0 = 9.28378
ToolSvc.CalFull...  DEBUG CalFullProfileTool::doEnergyCorr : m_fsddm->FSDDX0[13] : startx0 = 0.883133 totx0cal = 8.17771 lastx0 = 9.29845
ToolSvc.CalFull...  DEBUG CalFullProfileTool::doEnergyCorr : m_fsddm->FSDDX0[14] : startx0 = 0.883133 totx0cal = 8.19902 lastx0 = 9.31013
ToolSvc.CalFull...  DEBUG CalFullProfileTool::doEnergyCorr : m_fsddm->meantotx0lay[0] :1.1024 meanposx0lay = 1.38747
ToolSvc.CalFull...  DEBUG CalFullProfileTool::doEnergyCorr : m_fsddm->meantotx0lay[1] :0.975736 meanposx0lay = 2.45039
ToolSvc.CalFull...  DEBUG CalFullProfileTool::doEnergyCorr : m_fsddm->meantotx0lay[2] :0.949206 meanposx0lay = 3.45495
ToolSvc.CalFull...  DEBUG CalFullProfileTool::doEnergyCorr : m_fsddm->meantotx0lay[3] :1.0517 meanposx0lay = 4.51335
ToolSvc.CalFull...  DEBUG CalFullProfileTool::doEnergyCorr : m_fsddm->meantotx0lay[4] :0.873201 meanposx0lay = 5.53499
ToolSvc.CalFull...  DEBUG CalFullProfileTool::doEnergyCorr : m_fsddm->meantotx0lay[5] :1.0512 meanposx0lay = 6.54534
ToolSvc.CalFull...  DEBUG CalFullProfileTool::doEnergyCorr : m_fsddm->meantotx0lay[6] :1.03812 meanposx0lay = 7.61861
ToolSvc.CalFull...  DEBUG CalFullProfileTool::doEnergyCorr : m_fsddm->meantotx0lay[7] :0.972478 meanposx0lay = 8.64953
ToolSvc.CalFull...  DEBUG CalFullProfileTool::doEnergyCorr : Initial parameters : 2.97077 4.59925 3.90981
ToolSvc.CalFull...  DEBUG CalFullProfileTool::doEnergyCorr : ierflg = 0
ToolSvc.CalFull...  DEBUG CalFullProfileTool::doEnergyCorr : totchisq = 10.2983 = 8.59713 + 3 * 0.56705
ToolSvc.CalFull...  DEBUG CalFullProfileTool::doEnergyCorr : results : alpha = 3.97158 tmax = 4.84996 energy = 5.19411 fit flag 0 totchisq = 10.2983
CalEventEnergyAlg   DEBUG CalTkrLikelihoodTool
CalTkrLikelihoo...  DEBUG Starting Calculations
CalTkrLikelihoo...  DEBUG End of Calculations:
CalTkrLikelihoo...  DEBUG Ending doEnergyCorr: Reconstruction Done
CalEventEnergyAlg   DEBUG CalLikelihoodManagerTool
CalLikelihoodMa...  DEBUG Energy 5336.29 MeV, Error 0.0639704 Range 32
CalEventEnergyAlg   DEBUG End execute()
test_CalRecon        INFO executing 3 time
test_CalRecon        INFO Energy 3909.81
test_CalRecon        INFO NbTruncXtals 15
test_CalRecon        INFO Position 152.288 74.6922 -136.693
test_CalRecon        INFO Direction 0.0271505 0.191376 0.981141
test_CalRecon        INFO CalValsCorrTool Energy 5245.47
test_CalRecon        INFO Profile Corr Energy 3909.81
test_CalRecon        INFO Last Layer Corr Energy 5281.32
test_CalRecon        INFO FullProfile Corr Energy 5294.39 alpha = 3.97158 tmax = 4.84996 tkrrln = 0 lastx0 = 9.18882 totchisq = 10.2983 chisq = 8.59713 parcf = 3 parc = 0.56705
test_CalRecon     WARNING UNKNOWN CORRECTION NAME: CalTkrLikelihoodTool
test_CalRecon        INFO CalLikelihoodManagerTool Energy 5336.29
CalReconSvc         DEBUG Incident EndEvent
EventSelector       DEBUG Reading Event 3
CalibDataSvc        DEBUG New incident received
CalibDataSvc        DEBUG Incident source: EventLoopMgr
CalibDataSvc        DEBUG Incident type: BeginEvent
CalReconSvc         DEBUG Incident BeginEvent
Top                 DEBUG Top Sequencer::execute( )
Simulation          DEBUG Simulation Sequencer::execute( )
ToolSvc.FhTool    WARNING No file header found
ToolSvc.FhTool    WARNING No file header found
Reconstruction      DEBUG Reconstruction Sequencer::execute( )
CalClustersAlg      DEBUG Begin execute()
CalClustersAlg      DEBUG CalCluster Energy: 2722.15
CalClustersAlg      DEBUG End execute()
CalEventEnergyAlg   DEBUG Begin execute()
CalEventEnergyAlg   DEBUG CalValsCorrTool
CalEventEnergyAlg   DEBUG CalProfileTool
CalEventEnergyAlg   DEBUG CalLastLayerLikelihoodTool
CalLastLayerLik...  DEBUG Ending doEnergyCorr: No TKR Reconstruction
CalEventEnergyAlg   DEBUG CalFullProfileTool
ToolSvc.CalFull...  DEBUG CalFullProfileTool::doEnergyCorr : pp = 132.024 310.493 -151.001 
ToolSvc.CalFull...  DEBUG CalFullProfileTool::doEnergyCorr : vv = -0.118839 0.0198687 -0.992715 
ToolSvc.CalFull...  DEBUG CalFullProfileTool::doEnergyCorr : tkr_RLn = 0
ToolSvc.CalFull...  DEBUG CalFullProfileTool::doEnergyCorr : m_fsddm->FSDDX0[0] : startx0 = 0 totx0cal = 7.60332 lastx0 = 8.13429
ToolSvc.CalFull...  DEBUG CalFullProfileTool::doEnergyCorr : m_fsddm->FSDDX0[1] : startx0 = 0 totx0cal = 7.85247 lastx0 = 8.26791
ToolSvc.CalFull...  DEBUG CalFullProfileTool::doEnergyCorr : m_fsddm->FSDDX0[2] : startx0 = 0 totx0cal = 8.03667 lastx0 = 8.35113
ToolSvc.CalFull...  DEBUG CalFullProfileTool::doEnergyCorr : m_fsddm->FSDDX0[3] : startx0 = 0 totx0cal = 8.15391 lastx0 = 8.41299
ToolSvc.CalFull...  DEBUG CalFullProfileTool::doEnergyCorr : m_fsddm->FSDDX0[4] : startx0 = 0 totx0cal = 8.19811 lastx0 = 8.43625
ToolSvc.CalFull...  DEBUG CalFullProfileTool::doEnergyCorr : m_fsddm->FSDDX0[5] : startx0 = 0 totx0cal = 8.16821 lastx0 = 8.41894
ToolSvc.CalFull...  DEBUG CalFullProfileTool::doEnergyCorr : m_fsddm->FSDDX0[6] : startx0 = 0 totx0cal = 8.28819 lastx0 = 8.48262
ToolSvc.CalFull...  DEBUG CalFullProfileTool::doEnergyCorr : m_fsddm->FSDDX0[7] : startx0 = 0 totx0cal = 8.26293 lastx0 = 8.46781
ToolSvc.CalFull...  DEBUG CalFullProfileTool::doEnergyCorr : m_fsddm->FSDDX0[8] : startx0 = 0 totx0cal = 8.20645 lastx0 = 8.42324
ToolSvc.CalFull...  DEBUG CalFullProfileTool::doEnergyCorr : m_fsddm->FSDDX0[9] : startx0 = 0 totx0cal = 8.20428 lastx0 = 8.42128
ToolSvc.CalFull...  DEBUG CalFullProfileTool::doEnergyCorr : m_fsddm->FSDDX0[10] : startx0 = 0 totx0cal = 8.21548 lastx0 = 8.42636
ToolSvc.CalFull...  DEBUG CalFullProfileTool::doEnergyCorr : m_fsddm->FSDDX0[11] : startx0 = 0 totx0cal = 8.20577 lastx0 = 8.4193
ToolSvc.CalFull...  DEBUG CalFullProfileTool::doEnergyCorr : m_fsddm->FSDDX0[12] : startx0 = 0 totx0cal = 8.20928 lastx0 = 8.41983
ToolSvc.CalFull...  DEBUG CalFullProfileTool::doEnergyCorr : m_fsddm->FSDDX0[13] : startx0 = 0 totx0cal = 8.20294 lastx0 = 8.41476
ToolSvc.CalFull...  DEBUG CalFullProfileTool::doEnergyCorr : m_fsddm->FSDDX0[14] : startx0 = 0 totx0cal = 8.19947 lastx0 = 8.41127
ToolSvc.CalFull...  DEBUG CalFullProfileTool::doEnergyCorr : m_fsddm->meantotx0lay[0] :1.11318 meanposx0lay = 0.508927
ToolSvc.CalFull...  DEBUG CalFullProfileTool::doEnergyCorr : m_fsddm->meantotx0lay[1] :1.0467 meanposx0lay = 1.58982
ToolSvc.CalFull...  DEBUG CalFullProfileTool::doEnergyCorr : m_fsddm->meantotx0lay[2] :1.09243 meanposx0lay = 2.66023
ToolSvc.CalFull...  DEBUG CalFullProfileTool::doEnergyCorr : m_fsddm->meantotx0lay[3] :1.03113 meanposx0lay = 3.73856
ToolSvc.CalFull...  DEBUG CalFullProfileTool::doEnergyCorr : m_fsddm->meantotx0lay[4] :1.0237 meanposx0lay = 4.79237
ToolSvc.CalFull...  DEBUG CalFullProfileTool::doEnergyCorr : m_fsddm->meantotx0lay[5] :0.801858 meanposx0lay = 5.79931
ToolSvc.CalFull...  DEBUG CalFullProfileTool::doEnergyCorr : m_fsddm->meantotx0lay[6] :1.05692 meanposx0lay = 6.7796
ToolSvc.CalFull...  DEBUG CalFullProfileTool::doEnergyCorr : m_fsddm->meantotx0lay[7] :0.967901 meanposx0lay = 7.81606
ToolSvc.CalFull...  DEBUG CalFullProfileTool::doEnergyCorr : Initial parameters : 2.75623 4.20433 2.72215
ToolSvc.CalFull...  DEBUG CalFullProfileTool::doEnergyCorr : ierflg = 0
ToolSvc.CalFull...  DEBUG CalFullProfileTool::doEnergyCorr : totchisq = 3.54078 = 2.51429 + 3 * 0.342162
ToolSvc.CalFull...  DEBUG CalFullProfileTool::doEnergyCorr : results : alpha = 3.77563 tmax = 5.19045 energy = 4.13579 fit flag 0 totchisq = 3.54078
CalEventEnergyAlg   DEBUG CalTkrLikelihoodTool
CalTkrLikelihoo...  DEBUG Ending doEnergyCorr: No TKR Reconstruction
CalEventEnergyAlg   DEBUG CalLikelihoodManagerTool
CalLikelihoodMa...  DEBUG No TKR Reconstruction
CalEventEnergyAlg   DEBUG End execute()
test_CalRecon        INFO executing 4 time
test_CalRecon        INFO Energy 2722.15
test_CalRecon        INFO NbTruncXtals 13
test_CalRecon        INFO Position 132.024 310.493 -151.001
test_CalRecon        INFO Direction 0.118839 -0.0198687 0.992715
test_CalRecon        INFO CalValsCorrTool Energy 4131.47
test_CalRecon        INFO Profile Corr Energy 4311.99
test_CalRecon        INFO FullProfile Corr Energy 4218.29 alpha = 3.77563 tmax = 5.19045 tkrrln = 0 lastx0 = 8.41743 totchisq = 3.54078 chisq = 2.51429 parcf = 3 parc = 0.342162
CalReconSvc         DEBUG Incident EndEvent
EventSelector       DEBUG Reading Event 4
CalibDataSvc        DEBUG New incident received
CalibDataSvc        DEBUG Incident source: EventLoopMgr
CalibDataSvc        DEBUG Incident type: BeginEvent
CalReconSvc         DEBUG Incident BeginEvent
Top                 DEBUG Top Sequencer::execute( )
Simulation          DEBUG Simulation Sequencer::execute( )
ToolSvc.FhTool    WARNING No file header found
ToolSvc.FhTool    WARNING No file header found
Reconstruction      DEBUG Reconstruction Sequencer::execute( )
CalClustersAlg      DEBUG Begin execute()
CalClustersAlg      DEBUG CalCluster Energy: 3799.06
CalClustersAlg      DEBUG End execute()
CalEventEnergyAlg   DEBUG Begin execute()
CalEventEnergyAlg   DEBUG CalValsCorrTool
CalEventEnergyAlg   DEBUG CalProfileTool
CalEventEnergyAlg   DEBUG CalLastLayerLikelihoodTool
CalLastLayerLik...  DEBUG Starting Calculations
CalLastLayerLik...  DEBUG End of Calculations:
CalLastLayerLik...  DEBUG Ending doEnergyCorr: Reconstruction Done
CalEventEnergyAlg   DEBUG CalFullProfileTool
ToolSvc.CalFull...  DEBUG CalFullProfileTool::doEnergyCorr : pp = 92.03 196.22 175.165 
ToolSvc.CalFull...  DEBUG CalFullProfileTool::doEnergyCorr : vv = -0.137052 -0.011128 -0.990501 
ToolSvc.CalFull...  DEBUG CalFullProfileTool::doEnergyCorr : tkr_RLn = 0.556555
ToolSvc.CalFull...  DEBUG CalFullProfileTool::doEnergyCorr : m_fsddm->FSDDX0[0] : startx0 = 0.556555 totx0cal = 6.9403 lastx0 = 8.32686
ToolSvc.CalFull...  DEBUG CalFullProfileTool::doEnergyCorr : m_fsddm->FSDDX0[1] : startx0 = 0.556555 totx0cal = 7.31868 lastx0 = 8.52875
ToolSvc.CalFull...  DEBUG CalFullProfileTool::doEnergyCorr : m_fsddm->FSDDX0[2] : startx0 = 0.556555 totx0cal = 7.83408 lastx0 = 8.79902
ToolSvc.CalFull...  DEBUG CalFullProfileTool::doEnergyCorr : m_fsddm->FSDDX0[3] : startx0 = 0.556555 totx0cal = 7.94815 lastx0 = 8.86373
ToolSvc.CalFull...  DEBUG CalFullProfileTool::doEnergyCorr : m_fsddm->FSDDX0[4] : startx0 = 0.556555 totx0cal = 8.10382 lastx0 = 8.94112
ToolSvc.CalFull...  DEBUG CalFullProfileTool::doEnergyCorr : m_fsddm->FSDDX0[5] : startx0 = 0.556555 totx0cal = 7.99981 lastx0 = 8.89283
ToolSvc.CalFull...  DEBUG CalFullProfileTool::doEnergyCorr : m_fsddm->FSDDX0[6] : startx0 = 0.556555 totx0cal = 8.01077 lastx0 = 8.89585
ToolSvc.CalFull...  DEBUG CalFullProfileTool::doEnergyCorr : m_fsddm->FSDDX0[7] : startx0 = 0.556555 totx0cal = 8.15563 lastx0 = 8.97557
ToolSvc.CalFull...  DEBUG CalFullProfileTool::doEnergyCorr : m_fsddm->FSDDX0[8] : startx0 = 0.556555 totx0cal = 8.19273 lastx0 = 8.99353
ToolSvc.CalFull...  DEBUG CalFullProfileTool::doEnergyCorr : m_fsddm->FSDDX0[9] : startx0 = 0.556555 totx0cal = 8.12148 lastx0 = 8.95947
ToolSvc.CalFull...  DEBUG CalFullProfileTool::doEnergyCorr : m_fsddm->FSDDX0[10] : startx0 = 0.556555 totx0cal = 8.10599 lastx0 = 8.95063
ToolSvc.CalFull...  DEBUG CalFullProfileTool::doEnergyCorr : m_fsddm->FSDDX0[11] : startx0 = 0.556555 totx0cal = 8.1459 lastx0 = 8.97237
ToolSvc.CalFull...  DEBUG CalFullProfileTool::doEnergyCorr : m_fsddm->FSDDX0[12] : startx0 = 0.556555 totx0cal = 8.18251 lastx0 = 8.99195
ToolSvc.CalFull...  DEBUG CalFullProfileTool::doEnergyCorr : m_fsddm->FSDDX0[13] : startx0 = 0.556555 totx0cal = 8.21171 lastx0 = 9.00718
ToolSvc.CalFull...  DEBUG CalFullProfileTool::doEnergyCorr : m_fsddm->FSDDX0[14] : startx0 = 0.556555 totx0cal = 8.24352 lastx0 = 9.02382
ToolSvc.CalFull...  DEBUG CalFullProfileTool::doEnergyCorr : m_fsddm->meantotx0lay[0] :1.0984 meanposx0lay = 1.06224
ToolSvc.CalFull...  DEBUG CalFullProfileTool::doEnergyCorr : m_fsddm->meantotx0lay[1] :1.08782 meanposx0lay = 2.1596
ToolSvc.CalFull...  DEBUG CalFullProfileTool::doEnergyCorr : m_fsddm->meantotx0lay[2] :1.01891 meanposx0lay = 3.22375
ToolSvc.CalFull...  DEBUG CalFullProfileTool::doEnergyCorr : m_fsddm->meantotx0lay[3] :0.959479 meanposx0lay = 4.24788
ToolSvc.CalFull...  DEBUG CalFullProfileTool::doEnergyCorr : m_fsddm->meantotx0lay[4] :1.01874 meanposx0lay = 5.29802
ToolSvc.CalFull...  DEBUG CalFullProfileTool::doEnergyCorr : m_fsddm->meantotx0lay[5] :0.89606 meanposx0lay = 6.3192
ToolSvc.CalFull...  DEBUG CalFullProfileTool::doEnergyCorr : m_fsddm->meantotx0lay[6] :0.976242 meanposx0lay = 7.31316
ToolSvc.CalFull...  DEBUG CalFullProfileTool::doEnergyCorr : m_fsddm->meantotx0lay[7] :0.912019 meanposx0lay = 8.31192
ToolSvc.CalFull...  DEBUG CalFullProfileTool::doEnergyCorr : Initial parameters : 2.95375 4.56791 3.79906
ToolSvc.CalFull...  DEBUG CalFullProfileTool::doEnergyCorr : ierflg = 0
ToolSvc.CalFull...  DEBUG CalFullProfileTool::doEnergyCorr : totchisq = 10.9449 = 7.40407 + 3 * 1.18027
ToolSvc.CalFull...  DEBUG CalFullProfileTool::doEnergyCorr : results : alpha = 3.74763 tmax = 4.41574 energy = 4.94588 fit flag 0 totchisq = 10.9449
CalEventEnergyAlg   DEBUG CalTkrLikelihoodTool
CalTkrLikelihoo...  DEBUG Starting Calculations
CalTkrLikelihoo...  DEBUG End of Calculations:
CalTkrLikelihoo...  DEBUG Ending doEnergyCorr: Reconstruction Done
CalEventEnergyAlg   DEBUG CalLikelihoodManagerTool
CalLikelihoodMa...  DEBUG Energy 4762.85 MeV, Error 0.0704296 Range 32
CalEventEnergyAlg   DEBUG End execute()
test_CalRecon        INFO executing 5 time
test_CalRecon        INFO Energy 3799.06
test_CalRecon        INFO NbTruncXtals 15
test_CalRecon        INFO Position 51.2203 195.442 -130.392
test_CalRecon        INFO Direction 0.151593 0.0425446 0.987527
test_CalRecon        INFO CalValsCorrTool Energy 5052.75
test_CalRecon        INFO Profile Corr Energy 3799.06
test_CalRecon        INFO Last Layer Corr Energy 4863.07
test_CalRecon        INFO FullProfile Corr Energy 5042.05 alpha = 3.74763 tmax = 4.41574 tkrrln = 0 lastx0 = 8.82594 totchisq = 10.9449 chisq = 7.40407 parcf = 3 parc = 1.18027
test_CalRecon     WARNING UNKNOWN CORRECTION NAME: CalTkrLikelihoodTool
test_CalRecon        INFO CalLikelihoodManagerTool Energy 4762.85
CalReconSvc         DEBUG Incident EndEvent
EventSelector       DEBUG Reading Event 5
CalibDataSvc        DEBUG New incident received
CalibDataSvc        DEBUG Incident source: EventLoopMgr
CalibDataSvc        DEBUG Incident type: BeginEvent
CalReconSvc         DEBUG Incident BeginEvent
Top                 DEBUG Top Sequencer::execute( )
Simulation          DEBUG Simulation Sequencer::execute( )
ToolSvc.FhTool    WARNING No file header found
ToolSvc.FhTool    WARNING No file header found
Reconstruction      DEBUG Reconstruction Sequencer::execute( )
CalClustersAlg      DEBUG Begin execute()
CalClustersAlg      DEBUG CalCluster Energy: 2683.75
CalClustersAlg      DEBUG End execute()
CalEventEnergyAlg   DEBUG Begin execute()
CalEventEnergyAlg   DEBUG CalValsCorrTool
CalEventEnergyAlg   DEBUG CalProfileTool
CalEventEnergyAlg   DEBUG CalLastLayerLikelihoodTool
CalLastLayerLik...  DEBUG Ending doEnergyCorr: No TKR Reconstruction
CalEventEnergyAlg   DEBUG CalFullProfileTool
ToolSvc.CalFull...  DEBUG CalFullProfileTool::doEnergyCorr : pp = 69.3044 263.289 -155.731 
ToolSvc.CalFull...  DEBUG CalFullProfileTool::doEnergyCorr : vv = -0.137755 0.0700139 -0.987989 
ToolSvc.CalFull...  DEBUG CalFullProfileTool::doEnergyCorr : tkr_RLn = 0
ToolSvc.CalFull...  DEBUG CalFullProfileTool::doEnergyCorr : m_fsddm->FSDDX0[0] : startx0 = 0 totx0cal = 7.6763 lastx0 = 8.22288
ToolSvc.CalFull...  DEBUG CalFullProfileTool::doEnergyCorr : m_fsddm->FSDDX0[1] : startx0 = 0 totx0cal = 7.97263 lastx0 = 8.37945
ToolSvc.CalFull...  DEBUG CalFullProfileTool::doEnergyCorr : m_fsddm->FSDDX0[2] : startx0 = 0 totx0cal = 7.93553 lastx0 = 8.35115
ToolSvc.CalFull...  DEBUG CalFullProfileTool::doEnergyCorr : m_fsddm->FSDDX0[3] : startx0 = 0 totx0cal = 8.04518 lastx0 = 8.4103
ToolSvc.CalFull...  DEBUG CalFullProfileTool::doEnergyCorr : m_fsddm->FSDDX0[4] : startx0 = 0 totx0cal = 8.12683 lastx0 = 8.4451
ToolSvc.CalFull...  DEBUG CalFullProfileTool::doEnergyCorr : m_fsddm->FSDDX0[5] : startx0 = 0 totx0cal = 8.19363 lastx0 = 8.46665
ToolSvc.CalFull...  DEBUG CalFullProfileTool::doEnergyCorr : m_fsddm->FSDDX0[6] : startx0 = 0 totx0cal = 8.22756 lastx0 = 8.48234
ToolSvc.CalFull...  DEBUG CalFullProfileTool::doEnergyCorr : m_fsddm->FSDDX0[7] : startx0 = 0 totx0cal = 8.24008 lastx0 = 8.48634
ToolSvc.CalFull...  DEBUG CalFullProfileTool::doEnergyCorr : m_fsddm->FSDDX0[8] : startx0 = 0 totx0cal = 8.29195 lastx0 = 8.51085
ToolSvc.CalFull...  DEBUG CalFullProfileTool::doEnergyCorr : m_fsddm->FSDDX0[9] : startx0 = 0 totx0cal = 8.30836 lastx0 = 8.51854
ToolSvc.CalFull...  DEBUG CalFullProfileTool::doEnergyCorr : m_fsddm->FSDDX0[10] : startx0 = 0 totx0cal = 8.32298 lastx0 = 8.52531
ToolSvc.CalFull...  DEBUG CalFullProfileTool::doEnergyCorr : m_fsddm->FSDDX0[11] : startx0 = 0 totx0cal = 8.33244 lastx0 = 8.52747
ToolSvc.CalFull...  DEBUG CalFullProfileTool::doEnergyCorr : m_fsddm->FSDDX0[12] : startx0 = 0 totx0cal = 8.34231 lastx0 = 8.53268
ToolSvc.CalFull...  DEBUG CalFullProfileTool::doEnergyCorr : m_fsddm->FSDDX0[13] : startx0 = 0 totx0cal = 8.35253 lastx0 = 8.538
ToolSvc.CalFull...  DEBUG CalFullProfileTool::doEnergyCorr : m_fsddm->FSDDX0[14] : startx0 = 0 totx0cal = 8.35362 lastx0 = 8.5385
ToolSvc.CalFull...  DEBUG CalFullProfileTool::doEnergyCorr : m_fsddm->meantotx0lay[0] :1.08243 meanposx0lay = 0.507075
ToolSvc.CalFull...  DEBUG CalFullProfileTool::doEnergyCorr : m_fsddm->meantotx0lay[1] :1.04796 meanposx0lay = 1.58335
ToolSvc.CalFull...  DEBUG CalFullProfileTool::doEnergyCorr : m_fsddm->meantotx0lay[2] :1.04439 meanposx0lay = 2.64996
ToolSvc.CalFull...  DEBUG CalFullProfileTool::doEnergyCorr : m_fsddm->meantotx0lay[3] :0.875962 meanposx0lay = 3.67953
ToolSvc.CalFull...  DEBUG CalFullProfileTool::doEnergyCorr : m_fsddm->meantotx0lay[4] :1.07637 meanposx0lay = 4.69645
ToolSvc.CalFull...  DEBUG CalFullProfileTool::doEnergyCorr : m_fsddm->meantotx0lay[5] :1.01033 meanposx0lay = 5.76023
ToolSvc.CalFull...  DEBUG CalFullProfileTool::doEnergyCorr : m_fsddm->meantotx0lay[6] :1.02573 meanposx0lay = 6.80318
ToolSvc.CalFull...  DEBUG CalFullProfileTool::doEnergyCorr : m_fsddm->meantotx0lay[7] :1.01829 meanposx0lay = 7.85563
ToolSvc.CalFull...  DEBUG CalFullProfileTool::doEnergyCorr : Initial parameters : 2.74782 4.18883 2.68375
ToolSvc.CalFull...  DEBUG CalFullProfileTool::doEnergyCorr : ierflg = 0
ToolSvc.CalFull...  DEBUG CalFullProfileTool::doEnergyCorr : totchisq = 30.0545 = 27.7362 + 3 * 0.772744
ToolSvc.CalFull...  DEBUG CalFullProfileTool::doEnergyCorr : results : alpha = 3.69366 tmax = 5.50245 energy = 4.39354 fit flag 0 totchisq = 30.0545
CalEventEnergyAlg   DEBUG CalTkrLikelihoodTool
CalTkrLikelihoo...  DEBUG Ending doEnergyCorr: No TKR Reconstruction
CalEventEnergyAlg   DEBUG CalLikelihoodManagerTool
CalLikelihoodMa...  DEBUG No TKR Reconstruction
CalEventEnergyAlg   DEBUG End execute()
test_CalRecon        INFO executing 6 time
test_CalRecon        INFO Energy 2683.75
test_CalRecon        INFO NbTruncXtals 13
test_CalRecon        INFO Position 69.3044 263.289 -155.731
test_CalRecon        INFO Direction 0.137755 -0.0700139 0.987989
test_CalRecon        INFO CalValsCorrTool Energy 4453.36
test_CalRecon        INFO Profile Corr Energy 3788.06
test_CalRecon        INFO FullProfile Corr Energy 4480.44 alpha = 3.69366 tmax = 5.50245 tkrrln = 0 lastx0 = 8.42781 totchisq = 30.0545 chisq = 27.7362 parcf = 3 parc = 0.772744
CalReconSvc         DEBUG Incident EndEvent
EventSelector       DEBUG Reading Event 6
CalibDataSvc        DEBUG New incident received
CalibDataSvc        DEBUG Incident source: EventLoopMgr
CalibDataSvc        DEBUG Incident type: BeginEvent
CalReconSvc         DEBUG Incident BeginEvent
Top                 DEBUG Top Sequencer::execute( )
Simulation          DEBUG Simulation Sequencer::execute( )
ToolSvc.FhTool    WARNING No file header found
ToolSvc.FhTool    WARNING No file header found
Reconstruction      DEBUG Reconstruction Sequencer::execute( )
CalClustersAlg      DEBUG Begin execute()
CalClustersAlg      DEBUG CalCluster Energy: 3194.41
CalClustersAlg      DEBUG End execute()
CalEventEnergyAlg   DEBUG Begin execute()
CalEventEnergyAlg   DEBUG CalValsCorrTool
CalEventEnergyAlg   DEBUG CalProfileTool
CalEventEnergyAlg   DEBUG CalLastLayerLikelihoodTool
CalLastLayerLik...  DEBUG Ending doEnergyCorr: No TKR Reconstruction
CalEventEnergyAlg   DEBUG CalFullProfileTool
ToolSvc.CalFull...  DEBUG CalFullProfileTool::doEnergyCorr : pp = 119.558 57.4994 -155.062 
ToolSvc.CalFull...  DEBUG CalFullProfileTool::doEnergyCorr : vv = -0.0475023 -0.110218 -0.992772 
ToolSvc.CalFull...  DEBUG CalFullProfileTool::doEnergyCorr : tkr_RLn = 0
ToolSvc.CalFull...  DEBUG CalFullProfileTool::doEnergyCorr : m_fsddm->FSDDX0[0] : startx0 = 0 totx0cal = 7.44135 lastx0 = 8.05265
ToolSvc.CalFull...  DEBUG CalFullProfileTool::doEnergyCorr : m_fsddm->FSDDX0[1] : startx0 = 0 totx0cal = 7.81994 lastx0 = 8.25301
ToolSvc.CalFull...  DEBUG CalFullProfileTool::doEnergyCorr : m_fsddm->FSDDX0[2] : startx0 = 0 totx0cal = 8.12308 lastx0 = 8.3991
ToolSvc.CalFull...  DEBUG CalFullProfileTool::doEnergyCorr : m_fsddm->FSDDX0[3] : startx0 = 0 totx0cal = 8.35758 lastx0 = 8.52834
ToolSvc.CalFull...  DEBUG CalFullProfileTool::doEnergyCorr : m_fsddm->FSDDX0[4] : startx0 = 0 totx0cal = 8.47474 lastx0 = 8.58875
ToolSvc.CalFull...  DEBUG CalFullProfileTool::doEnergyCorr : m_fsddm->FSDDX0[5] : startx0 = 0 totx0cal = 8.50812 lastx0 = 8.60728
ToolSvc.CalFull...  DEBUG CalFullProfileTool::doEnergyCorr : m_fsddm->FSDDX0[6] : startx0 = 0 totx0cal = 8.56568 lastx0 = 8.63724
ToolSvc.CalFull...  DEBUG CalFullProfileTool::doEnergyCorr : m_fsddm->FSDDX0[7] : startx0 = 0 totx0cal = 8.58078 lastx0 = 8.64503
ToolSvc.CalFull...  DEBUG CalFullProfileTool::doEnergyCorr : m_fsddm->FSDDX0[8] : startx0 = 0 totx0cal = 8.59356 lastx0 = 8.63816
ToolSvc.CalFull...  DEBUG CalFullProfileTool::doEnergyCorr : m_fsddm->FSDDX0[9] : startx0 = 0 totx0cal = 8.60267 lastx0 = 8.64339
ToolSvc.CalFull...  DEBUG CalFullProfileTool::doEnergyCorr : m_fsddm->FSDDX0[10] : startx0 = 0 totx0cal = 8.6103 lastx0 = 8.64768
ToolSvc.CalFull...  DEBUG CalFullProfileTool::doEnergyCorr : m_fsddm->FSDDX0[11] : startx0 = 0 totx0cal = 8.61902 lastx0 = 8.65226
ToolSvc.CalFull...  DEBUG CalFullProfileTool::doEnergyCorr : m_fsddm->FSDDX0[12] : startx0 = 0 totx0cal = 8.61971 lastx0 = 8.6529
ToolSvc.CalFull...  DEBUG CalFullProfileTool::doEnergyCorr : m_fsddm->FSDDX0[13] : startx0 = 0 totx0cal = 8.62456 lastx0 = 8.65534
ToolSvc.CalFull...  DEBUG CalFullProfileTool::doEnergyCorr : m_fsddm->FSDDX0[14] : startx0 = 0 totx0cal = 8.62582 lastx0 = 8.65597
ToolSvc.CalFull...  DEBUG CalFullProfileTool::doEnergyCorr : m_fsddm->meantotx0lay[0] :1.10737 meanposx0lay = 0.507674
ToolSvc.CalFull...  DEBUG CalFullProfileTool::doEnergyCorr : m_fsddm->meantotx0lay[1] :1.04467 meanposx0lay = 1.58694
ToolSvc.CalFull...  DEBUG CalFullProfileTool::doEnergyCorr : m_fsddm->meantotx0lay[2] :1.09322 meanposx0lay = 2.65641
ToolSvc.CalFull...  DEBUG CalFullProfileTool::doEnergyCorr : m_fsddm->meantotx0lay[3] :1.09273 meanposx0lay = 3.75434
ToolSvc.CalFull...  DEBUG CalFullProfileTool::doEnergyCorr : m_fsddm->meantotx0lay[4] :1.02411 meanposx0lay = 4.82129
ToolSvc.CalFull...  DEBUG CalFullProfileTool::doEnergyCorr : m_fsddm->meantotx0lay[5] :1.06248 meanposx0lay = 5.8804
ToolSvc.CalFull...  DEBUG CalFullProfileTool::doEnergyCorr : m_fsddm->meantotx0lay[6] :1.01491 meanposx0lay = 6.94725
ToolSvc.CalFull...  DEBUG CalFullProfileTool::doEnergyCorr : m_fsddm->meantotx0lay[7] :0.971647 meanposx0lay = 7.97309
ToolSvc.CalFull...  DEBUG CalFullProfileTool::doEnergyCorr : Initial parameters : 2.85103 4.37883 3.19441
ToolSvc.CalFull...  DEBUG CalFullProfileTool::doEnergyCorr : ierflg = 0
ToolSvc.CalFull...  DEBUG CalFullProfileTool::doEnergyCorr : totchisq = 19.5742 = 13.9662 + 3 * 1.86931
ToolSvc.CalFull...  DEBUG CalFullProfileTool::doEnergyCorr : results : alpha = 4.7339 tmax = 5.47988 energy = 4.86789 fit flag 0 totchisq = 19.5742
CalEventEnergyAlg   DEBUG CalTkrLikelihoodTool
CalTkrLikelihoo...  DEBUG Ending doEnergyCorr: No TKR Reconstruction
CalEventEnergyAlg   DEBUG CalLikelihoodManagerTool
CalLikelihoodMa...  DEBUG No TKR Reconstruction
CalEventEnergyAlg   DEBUG End execute()
test_CalRecon        INFO executing 7 time
test_CalRecon        INFO Energy 3194.41
test_CalRecon        INFO NbTruncXtals 10
test_CalRecon        INFO Position 119.558 57.4994 -155.062
test_CalRecon        INFO Direction 0.0475023 0.110218 0.992772
test_CalRecon        INFO CalValsCorrTool Energy 5170.6
test_CalRecon        INFO Profile Corr Energy 5261.33
test_CalRecon        INFO FullProfile Corr Energy 4962.76 alpha = 4.7339 tmax = 5.47988 tkrrln = 0 lastx0 = 8.55735 totchisq = 19.5742 chisq = 13.9662 parcf = 3 parc = 1.86931
CalReconSvc         DEBUG Incident EndEvent
EventSelector       DEBUG Reading Event 7
CalibDataSvc        DEBUG New incident received
CalibDataSvc        DEBUG Incident source: EventLoopMgr
CalibDataSvc        DEBUG Incident type: BeginEvent
CalReconSvc         DEBUG Incident BeginEvent
Top                 DEBUG Top Sequencer::execute( )
Simulation          DEBUG Simulation Sequencer::execute( )
ToolSvc.FhTool    WARNING No file header found
ToolSvc.FhTool    WARNING No file header found
Reconstruction      DEBUG Reconstruction Sequencer::execute( )
CalClustersAlg      DEBUG Begin execute()
CalClustersAlg      DEBUG CalCluster Energy: 3454.93
CalClustersAlg      DEBUG End execute()
CalEventEnergyAlg   DEBUG Begin execute()
CalEventEnergyAlg   DEBUG CalValsCorrTool
CalEventEnergyAlg   DEBUG CalProfileTool
CalEventEnergyAlg   DEBUG CalLastLayerLikelihoodTool
CalLastLayerLik...  DEBUG Starting Calculations
CalLastLayerLik...  DEBUG End of Calculations:
CalLastLayerLik...  DEBUG Ending doEnergyCorr: Reconstruction Done
CalEventEnergyAlg   DEBUG CalFullProfileTool
ToolSvc.CalFull...  DEBUG CalFullProfileTool::doEnergyCorr : pp = 174.855 204.626 208.265 
ToolSvc.CalFull...  DEBUG CalFullProfileTool::doEnergyCorr : vv = -0.0316245 0.0028612 -0.999496 
ToolSvc.CalFull...  DEBUG CalFullProfileTool::doEnergyCorr : tkr_RLn = 0.753481
ToolSvc.CalFull...  DEBUG CalFullProfileTool::doEnergyCorr : m_fsddm->FSDDX0[0] : startx0 = 0.753481 totx0cal = 8.11064 lastx0 = 9.11198
ToolSvc.CalFull...  DEBUG CalFullProfileTool::doEnergyCorr : m_fsddm->FSDDX0[1] : startx0 = 0.753481 totx0cal = 8.26286 lastx0 = 9.19141
ToolSvc.CalFull...  DEBUG CalFullProfileTool::doEnergyCorr : m_fsddm->FSDDX0[2] : startx0 = 0.753481 totx0cal = 8.23532 lastx0 = 9.17349
ToolSvc.CalFull...  DEBUG CalFullProfileTool::doEnergyCorr : m_fsddm->FSDDX0[3] : startx0 = 0.753481 totx0cal = 8.25596 lastx0 = 9.183
ToolSvc.CalFull...  DEBUG CalFullProfileTool::doEnergyCorr : m_fsddm->FSDDX0[4] : startx0 = 0.753481 totx0cal = 8.39168 lastx0 = 9.25357
ToolSvc.CalFull...  DEBUG CalFullProfileTool::doEnergyCorr : m_fsddm->FSDDX0[5] : startx0 = 0.753481 totx0cal = 8.23747 lastx0 = 9.17053
ToolSvc.CalFull...  DEBUG CalFullProfileTool::doEnergyCorr : m_fsddm->FSDDX0[6] : startx0 = 0.753481 totx0cal = 8.22257 lastx0 = 9.16194
ToolSvc.CalFull...  DEBUG CalFullProfileTool::doEnergyCorr : m_fsddm->FSDDX0[7] : startx0 = 0.753481 totx0cal = 8.37317 lastx0 = 9.23081
ToolSvc.CalFull...  DEBUG CalFullProfileTool::doEnergyCorr : m_fsddm->FSDDX0[8] : startx0 = 0.753481 totx0cal = 8.43853 lastx0 = 9.267
ToolSvc.CalFull...  DEBUG CalFullProfileTool::doEnergyCorr : m_fsddm->FSDDX0[9] : startx0 = 0.753481 totx0cal = 8.38771 lastx0 = 9.23961
ToolSvc.CalFull...  DEBUG CalFullProfileTool::doEnergyCorr : m_fsddm->FSDDX0[10] : startx0 = 0.753481 totx0cal = 8.27328 lastx0 = 9.17783
ToolSvc.CalFull...  DEBUG CalFullProfileTool::doEnergyCorr : m_fsddm->FSDDX0[11] : startx0 = 0.753481 totx0cal = 8.17305 lastx0 = 9.12298
ToolSvc.CalFull...  DEBUG CalFullProfileTool::doEnergyCorr : m_fsddm->FSDDX0[12] : startx0 = 0.753481 totx0cal = 8.11397 lastx0 = 9.08409
ToolSvc.CalFull...  DEBUG CalFullProfileTool::doEnergyCorr : m_fsddm->FSDDX0[13] : startx0 = 0.753481 totx0cal = 8.10155 lastx0 = 9.07687
ToolSvc.CalFull...  DEBUG CalFullProfileTool::doEnergyCorr : m_fsddm->FSDDX0[14] : startx0 = 0.753481 totx0cal = 8.10723 lastx0 = 9.0801
ToolSvc.CalFull...  DEBUG CalFullProfileTool::doEnergyCorr : m_fsddm->meantotx0lay[0] :1.11449 meanposx0lay = 1.26095
ToolSvc.CalFull...  DEBUG CalFullProfileTool::doEnergyCorr : m_fsddm->meantotx0lay[1] :1.01056 meanposx0lay = 2.32693
ToolSvc.CalFull...  DEBUG CalFullProfileTool::doEnergyCorr : m_fsddm->meantotx0lay[2] :1.10559 meanposx0lay = 3.39389
ToolSvc.CalFull...  DEBUG CalFullProfileTool::doEnergyCorr : m_fsddm->meantotx0lay[3] :0.987117 meanposx0lay = 4.45256
ToolSvc.CalFull...  DEBUG CalFullProfileTool::doEnergyCorr : m_fsddm->meantotx0lay[4] :1.09799 meanposx0lay = 5.50889
ToolSvc.CalFull...  DEBUG CalFullProfileTool::doEnergyCorr : m_fsddm->meantotx0lay[5] :0.951156 meanposx0lay = 6.55848
ToolSvc.CalFull...  DEBUG CalFullProfileTool::doEnergyCorr : m_fsddm->meantotx0lay[6] :1.08669 meanposx0lay = 7.60215
ToolSvc.CalFull...  DEBUG CalFullProfileTool::doEnergyCorr : m_fsddm->meantotx0lay[7] :0.892064 meanposx0lay = 8.6304
ToolSvc.CalFull...  DEBUG CalFullProfileTool::doEnergyCorr : Initial parameters : 2.89748 4.46434 3.45493
ToolSvc.CalFull...  DEBUG CalFullProfileTool::doEnergyCorr : ierflg = 0
ToolSvc.CalFull...  DEBUG CalFullProfileTool::doEnergyCorr : totchisq = 5.32447 = 4.36558 + 3 * 0.319631
ToolSvc.CalFull...  DEBUG CalFullProfileTool::doEnergyCorr : results : alpha = 3.77606 tmax = 5.34595 energy = 4.82672 fit flag 0 totchisq = 5.32447
CalEventEnergyAlg   DEBUG CalTkrLikelihoodTool
CalTkrLikelihoo...  DEBUG Starting Calculations
CalTkrLikelihoo...  DEBUG End of Calculations:
CalTkrLikelihoo...  DEBUG Ending doEnergyCorr: Reconstruction Done
CalEventEnergyAlg   DEBUG CalLikelihoodManagerTool
CalLikelihoodMa...  DEBUG Energy 4628.59 MeV, Error 0.0659852 Range 34
CalEventEnergyAlg   DEBUG End execute()
test_CalRecon        INFO executing 8 time
test_CalRecon        INFO Energy 3454.93
test_CalRecon        INFO NbTruncXtals 15
test_CalRecon        INFO Position 164.626 203.357 -143.363
test_CalRecon        INFO Direction 0.0681621 -0.063904 0.995626
test_CalRecon        INFO CalValsCorrTool Energy 4852.06
test_CalRecon        INFO Profile Corr Energy 3454.93
test_CalRecon        INFO Last Layer Corr Energy 4621.01
test_CalRecon        INFO FullProfile Corr Energy 4920.9 alpha = 3.77606 tmax = 5.34595 tkrrln = 0 lastx0 = 9.20743 totchisq = 5.32447 chisq = 4.36558 parcf = 3 parc = 0.319631
test_CalRecon     WARNING UNKNOWN CORRECTION NAME: CalTkrLikelihoodTool
test_CalRecon        INFO CalLikelihoodManagerTool Energy 4628.59
CalReconSvc         DEBUG Incident EndEvent
EventSelector       DEBUG Reading Event 8
CalibDataSvc        DEBUG New incident received
CalibDataSvc        DEBUG Incident source: EventLoopMgr
CalibDataSvc        DEBUG Incident type: BeginEvent
CalReconSvc         DEBUG Incident BeginEvent
Top                 DEBUG Top Sequencer::execute( )
Simulation          DEBUG Simulation Sequencer::execute( )
ToolSvc.FhTool    WARNING No file header found
ToolSvc.FhTool    WARNING No file header found
Reconstruction      DEBUG Reconstruction Sequencer::execute( )
CalClustersAlg      DEBUG Begin execute()
CalClustersAlg      DEBUG CalCluster Energy: 3302.33
CalClustersAlg      DEBUG End execute()
CalEventEnergyAlg   DEBUG Begin execute()
CalEventEnergyAlg   DEBUG CalValsCorrTool
CalEventEnergyAlg   DEBUG CalProfileTool
CalEventEnergyAlg   DEBUG CalLastLayerLikelihoodTool
CalLastLayerLik...  DEBUG Ending doEnergyCorr: No TKR Reconstruction
CalEventEnergyAlg   DEBUG CalFullProfileTool
ToolSvc.CalFull...  DEBUG CalFullProfileTool::doEnergyCorr : pp = 96.3392 93.8139 -167.007 
ToolSvc.CalFull...  DEBUG CalFullProfileTool::doEnergyCorr : vv = -0.0343073 -0.0148759 -0.999301 
ToolSvc.CalFull...  DEBUG CalFullProfileTool::doEnergyCorr : tkr_RLn = 0
ToolSvc.CalFull...  DEBUG CalFullProfileTool::doEnergyCorr : m_fsddm->FSDDX0[0] : startx0 = 0 totx0cal = 7.83094 lastx0 = 8.21196
ToolSvc.CalFull...  DEBUG CalFullProfileTool::doEnergyCorr : m_fsddm->FSDDX0[1] : startx0 = 0 totx0cal = 7.99479 lastx0 = 8.29409
ToolSvc.CalFull...  DEBUG CalFullProfileTool::doEnergyCorr : m_fsddm->FSDDX0[2] : startx0 = 0 totx0cal = 8.20136 lastx0 = 8.40325
ToolSvc.CalFull...  DEBUG CalFullProfileTool::doEnergyCorr : m_fsddm->FSDDX0[3] : startx0 = 0 totx0cal = 8.30273 lastx0 = 8.45526
ToolSvc.CalFull...  DEBUG CalFullProfileTool::doEnergyCorr : m_fsddm->FSDDX0[4] : startx0 = 0 totx0cal = 8.38773 lastx0 = 8.49858
ToolSvc.CalFull...  DEBUG CalFullProfileTool::doEnergyCorr : m_fsddm->FSDDX0[5] : startx0 = 0 totx0cal = 8.3972 lastx0 = 8.50383
ToolSvc.CalFull...  DEBUG CalFullProfileTool::doEnergyCorr : m_fsddm->FSDDX0[6] : startx0 = 0 totx0cal = 8.4221 lastx0 = 8.5178
ToolSvc.CalFull...  DEBUG CalFullProfileTool::doEnergyCorr : m_fsddm->FSDDX0[7] : startx0 = 0 totx0cal = 8.44818 lastx0 = 8.53242
ToolSvc.CalFull...  DEBUG CalFullProfileTool::doEnergyCorr : m_fsddm->FSDDX0[8] : startx0 = 0 totx0cal = 8.46608 lastx0 = 8.54272
ToolSvc.CalFull...  DEBUG CalFullProfileTool::doEnergyCorr : m_fsddm->FSDDX0[9] : startx0 = 0 totx0cal = 8.47355 lastx0 = 8.53244
ToolSvc.CalFull...  DEBUG CalFullProfileTool::doEnergyCorr : m_fsddm->FSDDX0[10] : startx0 = 0 totx0cal = 8.48222 lastx0 = 8.53718
ToolSvc.CalFull...  DEBUG CalFullProfileTool::doEnergyCorr : m_fsddm->FSDDX0[11] : startx0 = 0 totx0cal = 8.4901 lastx0 = 8.54121
ToolSvc.CalFull...  DEBUG CalFullProfileTool::doEnergyCorr : m_fsddm->FSDDX0[12] : startx0 = 0 totx0cal = 8.49527 lastx0 = 8.544
ToolSvc.CalFull...  DEBUG CalFullProfileTool::doEnergyCorr : m_fsddm->FSDDX0[13] : startx0 = 0 totx0cal = 8.50307 lastx0 = 8.54796
ToolSvc.CalFull...  DEBUG CalFullProfileTool::doEnergyCorr : m_fsddm->FSDDX0[14] : startx0 = 0 totx0cal = 8.50598 lastx0 = 8.54925
ToolSvc.CalFull...  DEBUG CalFullProfileTool::doEnergyCorr : m_fsddm->meantotx0lay[0] :1.11251 meanposx0lay = 0.507929
ToolSvc.CalFull...  DEBUG CalFullProfileTool::doEnergyCorr : m_fsddm->meantotx0lay[1] :0.98713 meanposx0lay = 1.56783
ToolSvc.CalFull...  DEBUG CalFullProfileTool::doEnergyCorr : m_fsddm->meantotx0lay[2] :1.10761 meanposx0lay = 2.62759
ToolSvc.CalFull...  DEBUG CalFullProfileTool::doEnergyCorr : m_fsddm->meantotx0lay[3] :0.993988 meanposx0lay = 3.68902
ToolSvc.CalFull...  DEBUG CalFullProfileTool::doEnergyCorr : m_fsddm->meantotx0lay[4] :1.09405 meanposx0lay = 4.74599
ToolSvc.CalFull...  DEBUG CalFullProfileTool::doEnergyCorr : m_fsddm->meantotx0lay[5] :0.999626 meanposx0lay = 5.80717
ToolSvc.CalFull...  DEBUG CalFullProfileTool::doEnergyCorr : m_fsddm->meantotx0lay[6] :1.07786 meanposx0lay = 6.8621
ToolSvc.CalFull...  DEBUG CalFullProfileTool::doEnergyCorr : m_fsddm->meantotx0lay[7] :0.987304 meanposx0lay = 7.9115
ToolSvc.CalFull...  DEBUG CalFullProfileTool::doEnergyCorr : Initial parameters : 2.87072 4.41507 3.30233
ToolSvc.CalFull...  DEBUG CalFullProfileTool::doEnergyCorr : ierflg = 0
ToolSvc.CalFull...  DEBUG CalFullProfileTool::doEnergyCorr : totchisq = 14.7589 = 5.05133 + 3 * 3.23586
ToolSvc.CalFull...  DEBUG CalFullProfileTool::doEnergyCorr : results : alpha = 4.91644 tmax = 6.56897 energy = 6.12414 fit flag 0 totchisq = 14.7589
CalEventEnergyAlg   DEBUG CalTkrLikelihoodTool
CalTkrLikelihoo...  DEBUG Ending doEnergyCorr: No TKR Reconstruction
CalEventEnergyAlg   DEBUG CalLikelihoodManagerTool
CalLikelihoodMa...  DEBUG No TKR Reconstruction
CalEventEnergyAlg   DEBUG End execute()
test_CalRecon        INFO executing 9 time
test_CalRecon        INFO Energy 3302.33
test_CalRecon        INFO NbTruncXtals 10
test_CalRecon        INFO Position 96.3392 93.8139 -167.007
test_CalRecon        INFO Direction 0.0343073 0.0148759 0.999301
test_CalRecon        INFO CalValsCorrTool Energy 8359.98
test_CalRecon        INFO Profile Corr Energy 6924.91
test_CalRecon        INFO FullProfile Corr Energy 6239.53 alpha = 4.91644 tmax = 6.56897 tkrrln = 0 lastx0 = 8.50157 totchisq = 14.7589 chisq = 5.05133 parcf = 3 parc = 3.23586
CalReconSvc         DEBUG Incident EndEvent
EventSelector       DEBUG Reading Event 9
CalibDataSvc        DEBUG New incident received
CalibDataSvc        DEBUG Incident source: EventLoopMgr
CalibDataSvc        DEBUG Incident type: BeginEvent
CalReconSvc         DEBUG Incident BeginEvent
Top                 DEBUG Top Sequencer::execute( )
Simulation          DEBUG Simulation Sequencer::execute( )
ToolSvc.FhTool    WARNING No file header found
ToolSvc.FhTool    WARNING No file header found
Reconstruction      DEBUG Reconstruction Sequencer::execute( )
CalClustersAlg      DEBUG Begin execute()
CalClustersAlg      DEBUG CalCluster Energy: 3210.05
CalClustersAlg      DEBUG End execute()
CalEventEnergyAlg   DEBUG Begin execute()
CalEventEnergyAlg   DEBUG CalValsCorrTool
CalEventEnergyAlg   DEBUG CalProfileTool
CalEventEnergyAlg   DEBUG CalLastLayerLikelihoodTool
CalLastLayerLik...  DEBUG Ending doEnergyCorr: No TKR Reconstruction
CalEventEnergyAlg   DEBUG CalFullProfileTool
ToolSvc.CalFull...  DEBUG CalFullProfileTool::doEnergyCorr : pp = 232.856 256.895 -159.064 
ToolSvc.CalFull...  DEBUG CalFullProfileTool::doEnergyCorr : vv = 0.0193676 0.0272333 -0.999441 
ToolSvc.CalFull...  DEBUG CalFullProfileTool::doEnergyCorr : tkr_RLn = 0
ToolSvc.CalFull...  DEBUG CalFullProfileTool::doEnergyCorr : m_fsddm->FSDDX0[0] : startx0 = 0 totx0cal = 8.24569 lastx0 = 8.42852
ToolSvc.CalFull...  DEBUG CalFullProfileTool::doEnergyCorr : m_fsddm->FSDDX0[1] : startx0 = 0 totx0cal = 8.27292 lastx0 = 8.44229
ToolSvc.CalFull...  DEBUG CalFullProfileTool::doEnergyCorr : m_fsddm->FSDDX0[2] : startx0 = 0 totx0cal = 8.38107 lastx0 = 8.49654
ToolSvc.CalFull...  DEBUG CalFullProfileTool::doEnergyCorr : m_fsddm->FSDDX0[3] : startx0 = 0 totx0cal = 8.39516 lastx0 = 8.50166
ToolSvc.CalFull...  DEBUG CalFullProfileTool::doEnergyCorr : m_fsddm->FSDDX0[4] : startx0 = 0 totx0cal = 8.48017 lastx0 = 8.54532
ToolSvc.CalFull...  DEBUG CalFullProfileTool::doEnergyCorr : m_fsddm->FSDDX0[5] : startx0 = 0 totx0cal = 8.48739 lastx0 = 8.54947
ToolSvc.CalFull...  DEBUG CalFullProfileTool::doEnergyCorr : m_fsddm->FSDDX0[6] : startx0 = 0 totx0cal = 8.52575 lastx0 = 8.5699
ToolSvc.CalFull...  DEBUG CalFullProfileTool::doEnergyCorr : m_fsddm->FSDDX0[7] : startx0 = 0 totx0cal = 8.5356 lastx0 = 8.56189
ToolSvc.CalFull...  DEBUG CalFullProfileTool::doEnergyCorr : m_fsddm->FSDDX0[8] : startx0 = 0 totx0cal = 8.5474 lastx0 = 8.56877
ToolSvc.CalFull...  DEBUG CalFullProfileTool::doEnergyCorr : m_fsddm->FSDDX0[9] : startx0 = 0 totx0cal = 8.55592 lastx0 = 8.57335
ToolSvc.CalFull...  DEBUG CalFullProfileTool::doEnergyCorr : m_fsddm->FSDDX0[10] : startx0 = 0 totx0cal = 8.56167 lastx0 = 8.57665
ToolSvc.CalFull...  DEBUG CalFullProfileTool::doEnergyCorr : m_fsddm->FSDDX0[11] : startx0 = 0 totx0cal = 8.56378 lastx0 = 8.57788
ToolSvc.CalFull...  DEBUG CalFullProfileTool::doEnergyCorr : m_fsddm->FSDDX0[12] : startx0 = 0 totx0cal = 8.56531 lastx0 = 8.57877
ToolSvc.CalFull...  DEBUG CalFullProfileTool::doEnergyCorr : m_fsddm->FSDDX0[13] : startx0 = 0 totx0cal = 8.56633 lastx0 = 8.57375
ToolSvc.CalFull...  DEBUG CalFullProfileTool::doEnergyCorr : m_fsddm->FSDDX0[14] : startx0 = 0 totx0cal = 8.569 lastx0 = 8.57503
ToolSvc.CalFull...  DEBUG CalFullProfileTool::doEnergyCorr : m_fsddm->meantotx0lay[0] :1.11663 meanposx0lay = 0.509068
ToolSvc.CalFull...  DEBUG CalFullProfileTool::doEnergyCorr : m_fsddm->meantotx0lay[1] :1.02656 meanposx0lay = 1.58037
ToolSvc.CalFull...  DEBUG CalFullProfileTool::doEnergyCorr : m_fsddm->meantotx0lay[2] :1.11389 meanposx0lay = 2.65125
ToolSvc.CalFull...  DEBUG CalFullProfileTool::doEnergyCorr : m_fsddm->meantotx0lay[3] :1.01954 meanposx0lay = 3.72052
ToolSvc.CalFull...  DEBUG CalFullProfileTool::doEnergyCorr : m_fsddm->meantotx0lay[4] :1.10003 meanposx0lay = 4.78582
ToolSvc.CalFull...  DEBUG CalFullProfileTool::doEnergyCorr : m_fsddm->meantotx0lay[5] :1.01601 meanposx0lay = 5.85232
ToolSvc.CalFull...  DEBUG CalFullProfileTool::doEnergyCorr : m_fsddm->meantotx0lay[6] :1.09136 meanposx0lay = 6.91513
ToolSvc.CalFull...  DEBUG CalFullProfileTool::doEnergyCorr : m_fsddm->meantotx0lay[7] :0.999535 meanposx0lay = 7.97103
ToolSvc.CalFull...  DEBUG CalFullProfileTool::doEnergyCorr : Initial parameters : 2.85392 4.38415 3.21005
ToolSvc.CalFull...  DEBUG CalFullProfileTool::doEnergyCorr : ierflg = 0
ToolSvc.CalFull...  DEBUG CalFullProfileTool::doEnergyCorr : totchisq = 21.4374 = 12.8452 + 3 * 2.86408
ToolSvc.CalFull...  DEBUG CalFullProfileTool::doEnergyCorr : results : alpha = 4.81196 tmax = 6.34164 energy = 5.434 fit flag 0 totchisq = 21.4374
CalEventEnergyAlg   DEBUG CalTkrLikelihoodTool
CalTkrLikelihoo...  DEBUG Ending doEnergyCorr: No TKR Reconstruction
CalEventEnergyAlg   DEBUG CalLikelihoodManagerTool
CalLikelihoodMa...  DEBUG No TKR Reconstruction
CalEventEnergyAlg   DEBUG End execute()
test_CalRecon        INFO executing 10 time
test_CalRecon        INFO Energy 3210.05
test_CalRecon        INFO NbTruncXtals 12
test_CalRecon        INFO Position 232.856 256.895 -159.064
test_CalRecon        INFO Direction -0.0193676 -0.0272333 0.999441
test_CalRecon        INFO CalValsCorrTool Energy 5825.99
test_CalRecon        INFO Profile Corr Energy 5969.63
test_CalRecon        INFO FullProfile Corr Energy 5538.22 alpha = 4.81196 tmax = 6.34164 tkrrln = 0 lastx0 = 8.54674 totchisq = 21.4374 chisq = 12.8452 parcf = 3 parc = 2.86408
CalReconSvc         DEBUG Incident EndEvent
EventSelector       DEBUG Reading Event 10
TkrCalibAlg          INFO           Finalize TkrCalibAlg 
test_CalRecon        INFO finalize after 10 calls.
EventLoopMgr         INFO Histograms converted successfully according to request.
CalReconSvc          INFO 
CalReconSvc          INFO ====>> 0 events failed in this run
CalReconSvc          INFO 
TkrGeometrySvc       INFO TkrGeometrySvc finalize called
ToolSvc              INFO Removing all tools created by ToolSvc
ToolSvc             DEBUG Removing tool ToolSvc.CalLikelihoodManagerTool
ToolSvc             DEBUG Removing tool ToolSvc.CalTkrLikelihoodTool
ToolSvc             DEBUG Removing tool ToolSvc.CalFullProfileTool
ToolSvc             DEBUG Removing tool ToolSvc.CalLastLayerLikelihoodTool
ToolSvc             DEBUG Removing tool ToolSvc.CalProfileTool
ToolSvc             DEBUG Removing tool ToolSvc.CalValsCorrTool
ToolSvc             DEBUG Removing tool ToolSvc.CalSingleClusteringTool
ToolSvc             DEBUG Removing tool ToolSvc.FhTool
ToolSvc             DEBUG Removing tool ToolSvc.G4PropagationTool
ToolSvc             DEBUG Removing tool ToolSvc.G4PropagatorTool
CalibMySQLCnvSvc    DEBUG Finalizing
CalibDataSvc        DEBUG Finalizing
ApplicationMgr       INFO Application Manager Finalized successfully
