JobOptionsSvc        INFO 


// --> Including file $CALRECONROOT/src/test/jobOptions.txt


//##############################################################
//
//  Job options file for CalRecon test 

// primary DLLs

ApplicationMgr.DLLs+= {"RootIo","CalRecon","CalibSvc","CalXtalResponse","CalUtil"};

// ----------------------------
// setup basic event loop stuff
//
ApplicationMgr.ExtSvc = { 
    "GlastEventSelector/EventSelector" , 
    "EventCnvSvc"
    };
EventPersistencySvc.CnvServices = {"EventCnvSvc"};
EventSelector.Input = "NONE";

// Start up a CalibDataSvc 
ApplicationMgr.ExtSvc += {"CalibDataSvc"};
CalibMySQLCnvSvc.DbName = "calib_user";

ApplicationMgr.ExtSvc += {"CalibMySQLCnvSvc", "CalibXmlCnvSvc" };

DetectorPersistencySvc.CnvServices += {"CalibMySQLCnvSvc"};
DetectorPersistencySvc.CnvServices += {"CalibXmlCnvSvc"};

// CalibDataSvc properties below are explicitly set to the
// default values as established in CalibDataSvc.cxx.  
// They're listed below in order of likelihood of need to override, 
// from most to least likely.
// Storage type of 14 corresponds to MYSQL
CalibDataSvc.CalibInstrumentName = "LAT";
CalibDataSvc.CalibStorageType = 14;
CalibDataSvc.CalibRootName = "Calib";
CalibDataSvc.CalibFlavorList = {"ideal", "zachtest"};
CalibDataSvc.CalibTimeSource = "clock";
CalibDataSvc.startTime = "2003-2-28 23:59:59";
CalibDataSvc.delayTime = 10000;

// Start up a CalCalibSvc
ApplicationMgr.ExtSvc += {"CalCalibSvc"};

// CalCalibSvc properties
CalCalibSvc.DefaultFlavor = "zachtest";

// ----------------------------
//  topalg
//
ApplicationMgr.TopAlg = {
	"digiRootReaderAlg",      
    "CalXtalRecAlg", 
    "CalClustersAlg",
	"test_CalRecon"
    };


// ----------------------------
//  Geometry definition
//
ApplicationMgr.DLLs += {"GlastSvc", "G4Propagator", "G4Generator","TkrUtil"};
ApplicationMgr.ExtSvc += { "GlastDetSvc" };
GlastDetSvc.topVolume="LAT"; 

GlastDetSvc.xmlfile="$(XMLGEODBSROOT)/xml/flight/flightSegVols.xml";
GlastDetSvc.visitorMode="recon";


// Set output level threshold (2=DEBUG, 3=INFO, 4=WARNING, 5=ERROR, 6=FATAL )
MessageSvc.OutputLevel = 2;
ApplicationMgr.EvtMax = 10;
digiRootReaderAlg.digiRootFile="$(CALRECONROOT)/src/test/muon_digi.root";


//==============================================================
//
// End of job options file
//
//##############################################################


// <-- End of including file $CALRECONROOT/src/test/jobOptions.txt

CalClustersAlg.clusteringToolName="CalSimpleClusteringTool";

Job options successfully read in from /home/chamont/Glast/CalReconDev/CalRecon/src/test/simpleOptions.txt
ApplicationMgr      DEBUG Getting my own properties
DllClassManager     DEBUG Found factory Service RootIoSvc
DllClassManager     DEBUG Found factory RootIoRandom
ObjectManager       DEBUG Added object factory for class:RootIoRandom
DllClassManager     DEBUG Found factory Algorithm relationRootWriterAlg
DllClassManager     DEBUG Found factory Algorithm relationRootReaderAlg
DllClassManager     DEBUG Found factory Algorithm reconRootWriterAlg
DllClassManager     DEBUG Found factory Algorithm reconRootReaderAlg
DllClassManager     DEBUG Found factory Algorithm mcRootWriterAlg
DllClassManager     DEBUG Found factory Algorithm mcRootReaderAlg
DllClassManager     DEBUG Found factory FhTool
ObjectManager       DEBUG Added object factory for class:FhTool
DllClassManager     DEBUG Found factory Algorithm FhSetAlg
DllClassManager     DEBUG Found factory Algorithm FhDemoGetAlg
DllClassManager     DEBUG Found factory Algorithm FhDemoCaloSetAlg
DllClassManager     DEBUG Found factory Algorithm digiRootWriterAlg
DllClassManager     DEBUG Found factory Algorithm digiRootReaderAlg
DllClassManager     DEBUG Loaded 14 factories from module RootIo
DllClassManager     DEBUG Found factory ProfileTool
ObjectManager       DEBUG Added object factory for class:ProfileTool
DllClassManager     DEBUG Found factory LastLayerCorrTool
ObjectManager       DEBUG Added object factory for class:LastLayerCorrTool
DllClassManager     DEBUG Found factory Algorithm CalXtalRecAlg
DllClassManager     DEBUG Found factory CalValsCorrTool
ObjectManager       DEBUG Added object factory for class:CalValsCorrTool
DllClassManager     DEBUG Found factory CalSingleClusteringTool
ObjectManager       DEBUG Added object factory for class:CalSingleClusteringTool
DllClassManager     DEBUG Found factory CalSimpleClusteringTool
ObjectManager       DEBUG Added object factory for class:CalSimpleClusteringTool
DllClassManager     DEBUG Found factory CalFuzzyClusteringTool
ObjectManager       DEBUG Added object factory for class:CalFuzzyClusteringTool
DllClassManager     DEBUG Found factory Algorithm CalDisplay
DllClassManager     DEBUG Found factory Algorithm CalClustersAlg
DllClassManager     DEBUG Loaded 9 factories from module CalRecon
DllClassManager     DEBUG Found factory XmlTkrSplitsCnv
ConverterFactory    DEBUG Added converter for class:XmlTkrSplitsCnv Storage id:7 clID:6106
DllClassManager     DEBUG Found factory XmlTest1Cnv
ConverterFactory    DEBUG Added converter for class:XmlTest1Cnv Storage id:7 clID:6500
DllClassManager     DEBUG Found factory XmlCalTholdMuonCnv
ConverterFactory    DEBUG Added converter for class:XmlCalTholdMuonCnv Storage id:7 clID:6214
DllClassManager     DEBUG Found factory XmlCalTholdCICnv
ConverterFactory    DEBUG Added converter for class:XmlCalTholdCICnv Storage id:7 clID:6213
DllClassManager     DEBUG Found factory XmlCalPedCnv
ConverterFactory    DEBUG Added converter for class:XmlCalPedCnv Storage id:7 clID:6203
DllClassManager     DEBUG Found factory XmlCalMuSlopeCnv
ConverterFactory    DEBUG Added converter for class:XmlCalMuSlopeCnv Storage id:7 clID:6211
DllClassManager     DEBUG Found factory XmlCalMevPerDacCnv
ConverterFactory    DEBUG Added converter for class:XmlCalMevPerDacCnv Storage id:7 clID:6212
DllClassManager     DEBUG Found factory XmlCalLightAttCnv
ConverterFactory    DEBUG Added converter for class:XmlCalLightAttCnv Storage id:7 clID:6200
DllClassManager     DEBUG Found factory XmlCalLightAsymCnv
ConverterFactory    DEBUG Added converter for class:XmlCalLightAsymCnv Storage id:7 clID:6201
DllClassManager     DEBUG Found factory XmlCalIntNonlinCnv
ConverterFactory    DEBUG Added converter for class:XmlCalIntNonlinCnv Storage id:7 clID:6205
DllClassManager     DEBUG Found factory XmlCalGainCnv
ConverterFactory    DEBUG Added converter for class:XmlCalGainCnv Storage id:7 clID:6204
DllClassManager     DEBUG Found factory XmlCalAsymCnv
ConverterFactory    DEBUG Added converter for class:XmlCalAsymCnv Storage id:7 clID:6215
DllClassManager     DEBUG Found factory XmlBadStripsCnv
ConverterFactory    DEBUG Added converter for class:XmlBadStripsCnv Storage id:7 clID:6102
DllClassManager     DEBUG Found factory XmlAcdPedCnv
ConverterFactory    DEBUG Added converter for class:XmlAcdPedCnv Storage id:7 clID:6304
DllClassManager     DEBUG Found factory XmlAcdGainCnv
ConverterFactory    DEBUG Added converter for class:XmlAcdGainCnv Storage id:7 clID:6305
DllClassManager     DEBUG Found factory RootTkrTotCnv
ConverterFactory    DEBUG Added converter for class:RootTkrTotCnv Storage id:5 clID:6103
DllClassManager     DEBUG Found factory RootCalGainCnv
ConverterFactory    DEBUG Added converter for class:RootCalGainCnv Storage id:5 clID:6204
DllClassManager     DEBUG Found factory Service CalibXmlCnvSvc
DllClassManager     DEBUG Found factory Service CalibRootCnvSvc
DllClassManager     DEBUG Found factory Service CalibMySQLCnvSvc
DllClassManager     DEBUG Found factory Algorithm CalibEvtClock
DllClassManager     DEBUG Found factory Service CalibDataSvc
DllClassManager     DEBUG Loaded 22 factories from module CalibSvc
DllClassManager     DEBUG Found factory XtalPosTool
ObjectManager       DEBUG Added object factory for class:XtalPosTool
DllClassManager     DEBUG Found factory XtalEneTool
ObjectManager       DEBUG Added object factory for class:XtalEneTool
DllClassManager     DEBUG Found factory XtalADCTool
ObjectManager       DEBUG Added object factory for class:XtalADCTool
DllClassManager     DEBUG Found factory Service CalCalibSvc
DllClassManager     DEBUG Loaded 4 factories from module CalXtalResponse
DllClassManager     DEBUG Found factory Service CalFailureModeSvc
DllClassManager     DEBUG Loaded 1 factories from module CalUtil
DllClassManager     DEBUG Found factory Algorithm SetSeeds
DllClassManager     DEBUG Found factory MCEventCnv
ConverterFactory    DEBUG Added converter for class:MCEventCnv Storage id:1 clID:2929757986
DllClassManager     DEBUG Found factory Service GlastRandomSvc
DllClassManager     DEBUG Found factory Service GlastPropagatorSvc
DllClassManager     DEBUG Found factory Service GlastEventSelector
DllClassManager     DEBUG Found factory Service GlastDetSvc
DllClassManager     DEBUG Found factory Service EventCnvSvc
DllClassManager     DEBUG Found factory EventCnv
ConverterFactory    DEBUG Added converter for class:EventCnv Storage id:1 clID:110
DllClassManager     DEBUG Loaded 8 factories from module GlastSvc
DllClassManager     DEBUG Found factory G4PropagatorTool
ObjectManager       DEBUG Added object factory for class:G4PropagatorTool
DllClassManager     DEBUG Found factory G4PropagationTool
ObjectManager       DEBUG Added object factory for class:G4PropagationTool
DllClassManager     DEBUG Loaded 2 factories from module G4Propagator
DllClassManager     DEBUG Found factory Service G4GeometrySvc
DllClassManager     DEBUG Found factory G4GeneratorRandom
ObjectManager       DEBUG Added object factory for class:G4GeneratorRandom
DllClassManager     DEBUG Found factory Algorithm G4Generator
DllClassManager     DEBUG Loaded 3 factories from module G4Generator
DllClassManager     DEBUG Found factory Service TkrToTSvc
DllClassManager     DEBUG Found factory Service TkrSplitsSvc
DllClassManager     DEBUG Found factory TkrQueryClustersTool
ObjectManager       DEBUG Added object factory for class:TkrQueryClustersTool
DllClassManager     DEBUG Found factory Service TkrGeometrySvc
DllClassManager     DEBUG Found factory Service TkrFailureModeSvc
DllClassManager     DEBUG Found factory Algorithm TkrCalibAlg
DllClassManager     DEBUG Found factory Service TkrBadStripsSvc
DllClassManager     DEBUG Found factory Service TkrAlignmentSvc
DllClassManager     DEBUG Loaded 8 factories from module TkrUtil
ApplicationMgr       INFO Successfully loaded modules: RootIo, CalRecon, CalibSvc, CalXtalResponse, CalUtil, GlastSvc, G4Propagator, G4Generator, TkrUtil
ApplicationMgr       INFO Application Manager Configured successfully
ServiceManager      DEBUG Initializing service EventSelector
EventSelector       DEBUG Service base class initialized successfully
EventSelector        INFO GlastEventSelector input has been set to NONE
EventDataSvc        DEBUG Service base class initialized successfully
EventPersistenc...   INFO "CnvServices": ["EventCnvSvc"]
EventPersistenc...  DEBUG Service base class initialized successfully
ServiceManager      DEBUG Initializing service EventCnvSvc
EventCnvSvc         DEBUG Service base class initialized successfully
ServiceManager      DEBUG Initializing service CalibDataSvc
CalibDataSvc        DEBUG Service base class initialized successfully
DetectorPersist...   INFO "CnvServices": ["CalibMySQLCnvSvc", "CalibXmlCnvSvc"]
DetectorPersist...  DEBUG Service base class initialized successfully
CalibDataSvc        DEBUG Storage type used is: 14
IncidentSvc         DEBUG Service base class initialized successfully
DetectorPersist...   INFO Added successfully Conversion service:CalibMySQLCnvSvc
ServiceManager      DEBUG Initializing service CalibMySQLCnvSvc
CalibMySQLCnvSvc    DEBUG Service base class initialized successfully
CalibMySQLCnvSvc     INFO Specific initialization starting
CalibMySQLCnvSvc    DEBUG Retrieved IDetDataSvc interface of CalibDataSvc
CalibMySQLCnvSvc    DEBUG Retrieved IInstrumentNameSvc interface of CalibDataSvc
CalibMySQLCnvSvc    DEBUG Retrieved IConversionSvc interface of DetectorPersistencySvc
CalibMySQLCnvSvc    DEBUG Retrieved IAddressCreator interface of DetectorPersistencySvc
CalibMySQLCnvSvc    DEBUG Properties were read from jobOptions
CalibMySQLCnvSvc     INFO Specific initialization completed
ServiceManager      DEBUG Initializing service CalibXmlCnvSvc
CalibXmlCnvSvc      DEBUG Service base class initialized successfully
CalibXmlCnvSvc      DEBUG Retrieved IConversionSvc interface of DetectorPersistencySvc
CalibXmlCnvSvc      DEBUG Retrieved IAddressCreator interface of DetectorPersistencySvc
CalibXmlCnvSvc      DEBUG Set it as the address creator of the CalibXmlCnvSvc
ServiceManager      DEBUG Initializing service CalCalibSvc
CalCalibSvc         DEBUG Service base class initialized successfully
CalCalibSvc          INFO initialize
CalCalibSvc         DEBUG Initializing...
CalCalibSvc         DEBUG   CalibDavaSvc   : CalibDataSvc
CalCalibSvc         DEBUG   DefaultFlavor  : zachtest
CalCalibSvc         DEBUG   FlavorIntNonlin: zachtest
CalCalibSvc         DEBUG   FlavorAsym     : zachtest
CalCalibSvc         DEBUG   FlavorPed      : zachtest
CalCalibSvc         DEBUG   FlavorMeVPerDac: zachtest
CalCalibSvc         DEBUG   FlavorTholdCI  : zachtest
CalCalibSvc         DEBUG   FlavorTholdMuon: zachtest
ServiceManager      DEBUG Initializing service GlastDetSvc
GlastDetSvc         DEBUG Service base class initialized successfully
detModel Doc Client: registered the constants!
detModel Doc Client: registered the materials!
detModel Doc Client: registered the id dictionary!
detModel Doc Client: registered the sections!
GlastDetSvc          INFO  geometry setup: 
    document = /home/chamont/Glast/GlastRelease/v6r1p2/xmlGeoDbs/v1r22p1/xml/flight/flightSegVols.xml
        mode = recon
      topvol = LAT
Summary of IDmap contents:
       Detector name     count
       -------------     -----
              CsISeg     18432
       SiWaferActive      9216
              diodeL      3072
              diodeS      3072
          sideRibbon        16
sideTileR0EdgeGreater         4
sideTileR0EdgeLesser         4
       sideTileR0Mid        12
sideTileR1EdgeGreater         4
sideTileR1EdgeLesser         4
       sideTileR1Mid        12
sideTileR2EdgeGreater         4
sideTileR2EdgeLesser         4
       sideTileR2Mid        12
          sideTileR3         4
   topTileRcentCcent         3
   topTileRcentCedge         6
    topTileRcentCmid         6
   topTileRedgeCcent         2
   topTileRedgeCedge         4
    topTileRedgeCmid         4
          xRibbonTop         4
      yRibbonTopCent         4
      yRibbonTopEdge         8
       yRibbonTopMid         8
              total:     33921

ServiceManager      DEBUG Service EventPersistencySvc already initialized
ServiceManager      DEBUG Service EventDataSvc already initialized
ServiceManager      DEBUG Service DetectorPersistencySvc already initialized
ServiceManager      DEBUG Service IncidentSvc already initialized
ServiceManager      DEBUG Initializing service AppMgrRunable
AppMgrRunable       DEBUG Service base class initialized successfully
ServiceManager      DEBUG Initializing service EventLoopMgr
EventLoopMgr        DEBUG Service base class initialized successfully
EventLoopMgr        DEBUG Creating Top Algorithm digiRootReaderAlg with name digiRootReaderAlg
EventLoopMgr        DEBUG Creating Top Algorithm CalXtalRecAlg with name CalXtalRecAlg
EventLoopMgr        DEBUG Creating Top Algorithm CalClustersAlg with name CalClustersAlg
EventLoopMgr        DEBUG Creating Top Algorithm test_CalRecon with name test_CalRecon
ToolSvc             DEBUG Service base class initialized successfully
RootIoSvc           DEBUG Service base class initialized successfully
digiRootReaderAlg    INFO Opened file: /home/chamont/Glast/CalReconDev/CalRecon/src/test/muon_digi.root
ToolSvc.XtalEne...   INFO initialize
ToolSvc.XtalPos...   INFO initialize
CalClustersAlg       INFO CalClustersAlg: callNumber = 0
ToolSvc.CalSimp...   INFO BEGIN initialize()
ToolSvc.CalSimp...   INFO END initialize()
ToolSvc.LastLay...   INFO Initializing LastLayerCorrTool
ToolSvc.LastLay...   INFO  value for c0 -35.3747
ToolSvc.LastLay...   INFO  value for c1 68.1653
ToolSvc.LastLay...   INFO  value for c0 -32.4386
ToolSvc.LastLay...   INFO  value for c3 0.9933
ToolSvc.LastLay...   INFO  value for b0 0.793
ToolSvc.LastLay...   INFO  value for b1 0.045
ToolSvc.LastLay...   INFO  value for k0 -2778
ToolSvc.LastLay...   INFO  value for k1 6576
ToolSvc.LastLay...   INFO  value for k2 -3797
ToolSvc.Profile...   INFO Initializing ProfileTool
ToolSvc.Profile...   INFO  value for CosThetaLimit 0.3
ToolSvc.Profile...   INFO  value for BiasParNb9
ToolSvc.Profile...   INFO  value for CosThetaParNb 3
ToolSvc.Profile...   INFO  value for bias0 0.0187272
ToolSvc.Profile...   INFO  value for bias1 -0.0271244
ToolSvc.Profile...   INFO  value for bias2 0.0145653
ToolSvc.Profile...   INFO  value for bias3 -0.0709624
ToolSvc.Profile...   INFO  value for bias4 0.118555
ToolSvc.Profile...   INFO  value for bias5 -0.0962898
ToolSvc.Profile...   INFO  value for bias6 0.273117
ToolSvc.Profile...   INFO  value for bias7 -0.604589
ToolSvc.Profile...   INFO  value for bias8 0.452359
ToolSvc.CalVals...   INFO Initializing CalValsCorrTool
TkrGeometrySvc      DEBUG Service base class initialized successfully
ToolSvc.G4Propa...   INFO G4 Propagation Tool initializing now
G4GeometrySvc        INFO G4GeometrySvc Initialization started
G4GeometrySvc       DEBUG Service base class initialized successfully
	DetectorConstruction created 407, 137 physical, logical volumes, using  mode from G4Generator job options: recon
G4GeometrySvc        INFO G4GeometrySvc Initialization completed successfully
ToolSvc.G4Propa...   INFO G4 Propagation Tool ready
TkrGeometrySvc       INFO Retrieved G4PropagationTool
TkrGeometrySvc      DEBUG Propagator goes from 682.315 to -57.685
 digiLayer 0 Conv 0 Rest 0.0215344
TkrGeometrySvc      DEBUG  digiLayer 1 Conv 0 Rest 0.015397
TkrGeometrySvc      DEBUG  digiLayer 2 Conv 0.181349 Rest 0.015397
TkrGeometrySvc      DEBUG  digiLayer 3 Conv 0.181349 Rest 0.0201581
TkrGeometrySvc      DEBUG  digiLayer 4 Conv 0.181349 Rest 0.0201581
TkrGeometrySvc      DEBUG  digiLayer 5 Conv 0.181349 Rest 0.0201581
TkrGeometrySvc      DEBUG  digiLayer 6 Conv 0.0299628 Rest 0.0201581
TkrGeometrySvc      DEBUG  digiLayer 7 Conv 0.0299628 Rest 0.0157522
TkrGeometrySvc      DEBUG  digiLayer 8 Conv 0.0299628 Rest 0.0157522
TkrGeometrySvc      DEBUG  digiLayer 9 Conv 0.0299628 Rest 0.0157522
TkrGeometrySvc      DEBUG  digiLayer 10 Conv 0.0299628 Rest 0.0157522
TkrGeometrySvc      DEBUG  digiLayer 11 Conv 0.0299628 Rest 0.0157522
TkrGeometrySvc      DEBUG  digiLayer 12 Conv 0.0299628 Rest 0.0157522
TkrGeometrySvc      DEBUG  digiLayer 13 Conv 0.0299628 Rest 0.0157522
TkrGeometrySvc      DEBUG  digiLayer 14 Conv 0.0299628 Rest 0.0157522
TkrGeometrySvc      DEBUG  digiLayer 15 Conv 0.0299628 Rest 0.0157522
TkrGeometrySvc      DEBUG  digiLayer 16 Conv 0.0299628 Rest 0.0157522
TkrGeometrySvc      DEBUG  digiLayer 17 Conv 0.0299628 Rest 0.0157522
TkrGeometrySvc      DEBUG 
TkrGeometrySvc       INFO 
TkrGeometrySvc       INFO Type 0 numLayers 2 aveConv 0 aveRest 0.0184657
TkrGeometrySvc       INFO Type 1 numLayers 12 aveConv 0.0299628 aveRest 0.0161194
TkrGeometrySvc       INFO Type 2 numLayers 4 aveConv 0.181349 aveRest 0.0189678
TkrGeometrySvc       INFO Type 3 numLayers 18 aveConv 0.060275 aveRest 0.0170131
TkrGeometrySvc       INFO 
GlastPropagatorSvc  DEBUG Service base class initialized successfully
ToolSvc.G4Propa...   INFO G4 Propagator Tool initializing now
ToolSvc             DEBUG Retrieved toolG4PropagationTool
ToolSvc.G4Propa...   INFO G4 Propagator Tool ready
GlastPropagatorSvc   INFO Using Geant4 Particle Propagator
TkrFailureModeSvc   DEBUG Service base class initialized successfully
TkrAlignmentSvc     DEBUG Service base class initialized successfully
tray 0 z: 23.5075 -19.0075 18.8075
tray 1 z: 59.55 -14.785 14.785
tray 2 z: 91.65 -14.785 14.785
tray 3 z: 124.251 -15.2865 15.2865
tray 4 z: 157.352 -15.2865 15.2865
tray 5 z: 190.452 -15.2865 15.2865
tray 6 z: 223.552 -15.2865 15.2865
tray 7 z: 256.253 -14.8875 14.8875
tray 8 z: 288.553 -14.8875 14.8875
tray 9 z: 320.853 -14.8875 14.8875
tray 10 z: 353.153 -14.8875 14.8875
tray 11 z: 385.453 -14.8875 14.8875
tray 12 z: 417.753 -14.8875 14.8875
tray 13 z: 450.053 -14.8875 14.8875
tray 14 z: 482.353 -14.8875 14.8875
tray 15 z: 514.653 -14.8875 14.8875
tray 16 z: 546.953 -14.8875 14.8875
tray 17 z: 579.253 -14.8875 14.8875
tray 18 z: 614.215 -17.55 17.75

rlayer/view z 0 0 44.765
rlayer/view z 0 1 42.315
rlayer/view z 1 0 74.335
rlayer/view z 1 1 76.865
rlayer/view z 2 0 108.965
rlayer/view z 2 1 106.435
rlayer/view z 3 0 139.538
rlayer/view z 3 1 142.065
rlayer/view z 4 0 175.165
rlayer/view z 4 1 172.638
rlayer/view z 5 0 205.738
rlayer/view z 5 1 208.265
rlayer/view z 6 0 241.365
rlayer/view z 6 1 238.838
rlayer/view z 7 0 271.14
rlayer/view z 7 1 273.665
rlayer/view z 8 0 305.965
rlayer/view z 8 1 303.44
rlayer/view z 9 0 335.74
rlayer/view z 9 1 338.265
rlayer/view z 10 0 370.565
rlayer/view z 10 1 368.04
rlayer/view z 11 0 400.34
rlayer/view z 11 1 402.865
rlayer/view z 12 0 435.165
rlayer/view z 12 1 432.64
rlayer/view z 13 0 464.94
rlayer/view z 13 1 467.465
rlayer/view z 14 0 499.765
rlayer/view z 14 1 497.24
rlayer/view z 15 0 529.54
rlayer/view z 15 1 532.065
rlayer/view z 16 0 564.365
rlayer/view z 16 1 561.84
rlayer/view z 17 0 594.14
rlayer/view z 17 1 596.665
TkrAlignmentSvc     DEBUG 
TkrAlignmentSvc      INFO No alignment was requested.
TkrAlignmentSvc      INFO   No alignment will be done.
TkrBadStripsSvc     DEBUG Service base class initialized successfully
TkrBadStripsSvc      INFO No bad strips file was requested.
TkrSplitsSvc        DEBUG Service base class initialized successfully
TkrSplitsSvc      WARNING Service already initialized
TkrToTSvc           DEBUG Service base class initialized successfully
TkrToTSvc            INFO TkrToTSvc initialized with mode: ideal
TkrGeometrySvc       INFO TkrGeometrySvc successfully initialized
ToolSvc             DEBUG Retrieved toolG4PropagationTool
test_CalRecon        INFO initialize
EventSelector       DEBUG Using Simple counter GlastEventSelector
EventSelector        INFO No input file selected for GlastEventSelector
EventSelector       DEBUG Reading Event 0
HistogramDataSvc    DEBUG Service base class initialized successfully
HistogramPersis...   INFO "CnvServices": ["HbookHistSvc", "RootHistSvc"]
HistogramPersis...  DEBUG Service base class initialized successfully
HistogramPersis...WARNING Histograms saving not required.
ApplicationMgr       INFO Application Manager Initialized successfully
EventPersistenc...   INFO Added successfully Conversion service:EventCnvSvc
CalibDataSvc        DEBUG New incident received
CalibDataSvc        DEBUG Incident source: EventLoopMgr
CalibDataSvc        DEBUG Incident type: BeginEvent
AuditorSvc          DEBUG Service base class initialized successfully
ToolSvc.FhTool    WARNING No file header found
CalibDataSvc         INFO Fake Clock Event number: 0
CalibDataSvc         INFO Event time: 2003-02-28 23:59:59
CalibDataSvc        DEBUG Event time (hours) 290688
CalibDataSvc        DEBUG Event Time set to 2003-02-28 23:59:59
Successfully connected to MySQL host centaurusa.slac.stanford.edu database calib_user
CalibMySQLCnvSvc    DEBUG Creating an address of type 7 for class 6203
DetectorPersist...   INFO Added successfully Conversion service:CalibXmlCnvSvc
XmlBaseCnv           INFO successfully parsed document $(CALXTALRESPONSEROOT)/src/test/mc_peds.041022230030_FM101_Pshp_calu_collect_ext.xml aka /home/chamont/Glast/CalReconDev/CalXtalResponse/v0r0p3/src/test/mc_peds.041022230030_FM101_Pshp_calu_collect_ext.xml
XmlBaseCnv          DEBUG Successfully created calib. object 
CalibMySQLCnvSvc    DEBUG New object successfully created
CalibMySQLCnvSvc    DEBUG Method createObj exiting
CalCalibSvc          INFO Updating /Calib/CAL_Ped/zachtest
CalibMySQLCnvSvc    DEBUG Creating an address of type 7 for class 6213
XmlBaseCnv           INFO successfully parsed document $(CALXTALRESPONSEROOT)/src/test/fake_tholdci.xml aka /home/chamont/Glast/CalReconDev/CalXtalResponse/v0r0p3/src/test/fake_tholdci.xml
XmlBaseCnv          DEBUG Successfully created calib. object 
CalibMySQLCnvSvc    DEBUG New object successfully created
CalibMySQLCnvSvc    DEBUG Method createObj exiting
CalCalibSvc          INFO Updating /Calib/CAL_TholdCI/zachtest
CalClustersAlg      DEBUG No TKR Reconstruction available 
CalClustersAlg      DEBUG  --- CalClusterCol  --- 1
CalClustersAlg      DEBUG Energy 0 Corrected 0 -1000 -1000 -1000 -1000 -1000 -1000
test_CalRecon        INFO executing 1 time
EventSelector       DEBUG Reading Event 1
CalibDataSvc        DEBUG New incident received
CalibDataSvc        DEBUG Incident source: EventLoopMgr
CalibDataSvc        DEBUG Incident type: BeginEvent
CalClustersAlg      DEBUG No TKR Reconstruction available 
CalClustersAlg      DEBUG  --- CalClusterCol  --- 1
CalClustersAlg      DEBUG Energy 0 Corrected 0 -1000 -1000 -1000 -1000 -1000 -1000
test_CalRecon        INFO executing 2 time
EventSelector       DEBUG Reading Event 2
CalibDataSvc        DEBUG New incident received
CalibDataSvc        DEBUG Incident source: EventLoopMgr
CalibDataSvc        DEBUG Incident type: BeginEvent
CalibDataSvc         INFO Fake Clock Event number: 1
CalibDataSvc         INFO Event time: 2003-03-01 00:00:09
CalibDataSvc        DEBUG Event time (hours) 290688
CalibDataSvc        DEBUG Event Time set to 2003-03-01 00:00:09
CalibMySQLCnvSvc    DEBUG Creating an address of type 7 for class 6205
XmlBaseCnv           INFO successfully parsed document $(CALXTALRESPONSEROOT)/src/test/ci_intnonlin.041111143546_FM101_PSHP_CALU_COLLECT_CI_SINGLEX16.xml aka /home/chamont/Glast/CalReconDev/CalXtalResponse/v0r0p3/src/test/ci_intnonlin.041111143546_FM101_PSHP_CALU_COLLECT_CI_SINGLEX16.xml
XmlBaseCnv          DEBUG Successfully created calib. object 
CalibMySQLCnvSvc    DEBUG New object successfully created
CalibMySQLCnvSvc    DEBUG Method createObj exiting
CalCalibSvc          INFO Updating /Calib/CAL_IntNonlin/zachtest
CalibMySQLCnvSvc    DEBUG Creating an address of type 7 for class 6212
XmlBaseCnv           INFO successfully parsed document $(CALXTALRESPONSEROOT)/src/test/mc_mevperdac.041022230030_FM101_Pshp_calu_collect_ext.xml aka /home/chamont/Glast/CalReconDev/CalXtalResponse/v0r0p3/src/test/mc_mevperdac.041022230030_FM101_Pshp_calu_collect_ext.xml
XmlBaseCnv          DEBUG Successfully created calib. object 
CalibMySQLCnvSvc    DEBUG New object successfully created
CalibMySQLCnvSvc    DEBUG Method createObj exiting
CalCalibSvc          INFO Updating /Calib/CAL_MevPerDac/zachtest
CalibMySQLCnvSvc    DEBUG Creating an address of type 7 for class 6215
XmlBaseCnv           INFO successfully parsed document $(CALXTALRESPONSEROOT)/src/test/mc_asym.041022230030_FM101_Pshp_calu_collect_ext.xml aka /home/chamont/Glast/CalReconDev/CalXtalResponse/v0r0p3/src/test/mc_asym.041022230030_FM101_Pshp_calu_collect_ext.xml
XmlBaseCnv          DEBUG Successfully created calib. object 
CalibMySQLCnvSvc    DEBUG New object successfully created
CalibMySQLCnvSvc    DEBUG Method createObj exiting
CalCalibSvc          INFO Updating /Calib/CAL_Asym/zachtest
CalClustersAlg      DEBUG No TKR Reconstruction available 
CalClustersAlg      DEBUG  --- CalClusterCol  --- 1
CalClustersAlg      DEBUG Energy 2.9679 Corrected 2.9679 34.13 -105.75 -79.42 -1000 -1000 -1000
test_CalRecon        INFO executing 3 time
EventSelector       DEBUG Reading Event 3
CalibDataSvc        DEBUG New incident received
CalibDataSvc        DEBUG Incident source: EventLoopMgr
CalibDataSvc        DEBUG Incident type: BeginEvent
CalClustersAlg      DEBUG No TKR Reconstruction available 
CalClustersAlg      DEBUG  --- CalClusterCol  --- 1
CalClustersAlg      DEBUG Energy 0 Corrected 0 -1000 -1000 -1000 -1000 -1000 -1000
test_CalRecon        INFO executing 4 time
EventSelector       DEBUG Reading Event 4
CalibDataSvc        DEBUG New incident received
CalibDataSvc        DEBUG Incident source: EventLoopMgr
CalibDataSvc        DEBUG Incident type: BeginEvent
CalClustersAlg      DEBUG No TKR Reconstruction available 
CalClustersAlg      DEBUG  --- CalClusterCol  --- 2
CalClustersAlg      DEBUG Energy 2.82118 Corrected 2.82118 61.97 -105.75 -79.42 -1000 -1000 -1000
CalClustersAlg      DEBUG Energy 2.22879 Corrected 2.82118 268.75 -89.81 -58.07 -1000 -1000 -1000
test_CalRecon        INFO executing 5 time
EventSelector       DEBUG Reading Event 5
CalibDataSvc        DEBUG New incident received
CalibDataSvc        DEBUG Incident source: EventLoopMgr
CalibDataSvc        DEBUG Incident type: BeginEvent
CalClustersAlg      DEBUG No TKR Reconstruction available 
CalClustersAlg      DEBUG  --- CalClusterCol  --- 1
CalClustersAlg      DEBUG Energy 2.47392 Corrected 2.47392 61.97 -105.75 -122.12 -1000 -1000 -1000
test_CalRecon        INFO executing 6 time
EventSelector       DEBUG Reading Event 6
CalibDataSvc        DEBUG New incident received
CalibDataSvc        DEBUG Incident source: EventLoopMgr
CalibDataSvc        DEBUG Incident type: BeginEvent
CalClustersAlg      DEBUG No TKR Reconstruction available 
CalClustersAlg      DEBUG  --- CalClusterCol  --- 1
CalClustersAlg      DEBUG Energy 2.13565 Corrected 2.13565 268.75 -145.49 -143.47 -1000 -1000 -1000
test_CalRecon        INFO executing 7 time
EventSelector       DEBUG Reading Event 7
CalibDataSvc        DEBUG New incident received
CalibDataSvc        DEBUG Incident source: EventLoopMgr
CalibDataSvc        DEBUG Incident type: BeginEvent
CalClustersAlg      DEBUG No TKR Reconstruction available 
CalClustersAlg      DEBUG  --- CalClusterCol  --- 1
CalClustersAlg      DEBUG Energy 0 Corrected 0 -1000 -1000 -1000 -1000 -1000 -1000
test_CalRecon        INFO executing 8 time
EventSelector       DEBUG Reading Event 8
CalibDataSvc        DEBUG New incident received
CalibDataSvc        DEBUG Incident source: EventLoopMgr
CalibDataSvc        DEBUG Incident type: BeginEvent
CalClustersAlg      DEBUG No TKR Reconstruction available 
CalClustersAlg      DEBUG  --- CalClusterCol  --- 1
CalClustersAlg      DEBUG Energy 0 Corrected 0 -1000 -1000 -1000 -1000 -1000 -1000
test_CalRecon        INFO executing 9 time
EventSelector       DEBUG Reading Event 9
CalibDataSvc        DEBUG New incident received
CalibDataSvc        DEBUG Incident source: EventLoopMgr
CalibDataSvc        DEBUG Incident type: BeginEvent
CalClustersAlg      DEBUG No TKR Reconstruction available 
CalClustersAlg      DEBUG  --- CalClusterCol  --- 3
CalClustersAlg      DEBUG Energy 10.5634 Corrected 10.5634 268.75 -145.49 -143.47 -1000 -1000 -1000
CalClustersAlg      DEBUG Energy 3.41545 Corrected 10.5634 268.75 -117.65 -100.77 -1000 -1000 -1000
CalClustersAlg      DEBUG Energy 1.62964 Corrected 10.5634 61.97 -105.75 -79.42 -1000 -1000 -1000
test_CalRecon        INFO executing 10 time
EventSelector       DEBUG Reading Event 10
test_CalRecon        INFO finalize after 10 calls.
EventLoopMgr         INFO Histograms converted successfully according to request.
TkrGeometrySvc       INFO TkrGeometrySvc finalize called
ToolSvc              INFO Removing all tools created by ToolSvc
ToolSvc             DEBUG Removing tool ToolSvc.G4PropagatorTool
ToolSvc             DEBUG Removing tool ToolSvc.G4PropagationTool
ToolSvc             DEBUG Removing tool ToolSvc.CalValsCorrTool
ToolSvc             DEBUG Removing tool ToolSvc.ProfileTool
ToolSvc             DEBUG Removing tool ToolSvc.LastLayerCorrTool
ToolSvc             DEBUG Removing tool ToolSvc.CalSimpleClusteringTool
ToolSvc             DEBUG Removing tool ToolSvc.XtalPosTool
ToolSvc             DEBUG Removing tool ToolSvc.XtalEneTool
ToolSvc             DEBUG Removing tool ToolSvc.FhTool
CalibMySQLCnvSvc    DEBUG Finalizing
CalibDataSvc        DEBUG Finalizing
ApplicationMgr       INFO Application Manager Finalized successfully
